Archive member included to satisfy reference by file (symbol)

C:/Users/avidr/Google Drive/Workspace/Git Repository/JustDanceStudent-Project/JustDance/ArduinoMEGA/eclipse/freeRTOS/Release/libfreeRTOS.a(tasks.o)
                              ./test.o (xTaskGenericCreate)
C:/Users/avidr/Google Drive/Workspace/Git Repository/JustDanceStudent-Project/JustDance/ArduinoMEGA/eclipse/freeRTOS/Release/libfreeRTOS.a(heap_2.o)
                              C:/Users/avidr/Google Drive/Workspace/Git Repository/JustDanceStudent-Project/JustDance/ArduinoMEGA/eclipse/freeRTOS/Release/libfreeRTOS.a(tasks.o) (pvPortMalloc)
C:/Users/avidr/Google Drive/Workspace/Git Repository/JustDanceStudent-Project/JustDance/ArduinoMEGA/eclipse/freeRTOS/Release/libfreeRTOS.a(port.o)
                              C:/Users/avidr/Google Drive/Workspace/Git Repository/JustDanceStudent-Project/JustDance/ArduinoMEGA/eclipse/freeRTOS/Release/libfreeRTOS.a(tasks.o) (pxPortInitialiseStack)
C:/Users/avidr/Google Drive/Workspace/Git Repository/JustDanceStudent-Project/JustDance/ArduinoMEGA/eclipse/freeRTOS/Release/libfreeRTOS.a(list.o)
                              C:/Users/avidr/Google Drive/Workspace/Git Repository/JustDanceStudent-Project/JustDance/ArduinoMEGA/eclipse/freeRTOS/Release/libfreeRTOS.a(tasks.o) (vListInitialise)
c:/program files (x86)/arduino/hardware/tools/avr/bin/../lib/gcc/avr/4.9.2/avr51\libgcc.a(_mulsi3.o)
                              ./arduino/WMath.o (__mulsi3)
c:/program files (x86)/arduino/hardware/tools/avr/bin/../lib/gcc/avr/4.9.2/avr51\libgcc.a(_udivmodsi4.o)
                              ./arduino/HardwareSerial.o (__udivmodsi4)
c:/program files (x86)/arduino/hardware/tools/avr/bin/../lib/gcc/avr/4.9.2/avr51\libgcc.a(_divmodsi4.o)
                              ./arduino/WMath.o (__divmodsi4)
c:/program files (x86)/arduino/hardware/tools/avr/bin/../lib/gcc/avr/4.9.2/avr51\libgcc.a(_negsi2.o)
                              c:/program files (x86)/arduino/hardware/tools/avr/bin/../lib/gcc/avr/4.9.2/avr51\libgcc.a(_divmodsi4.o) (__negsi2)
c:/program files (x86)/arduino/hardware/tools/avr/bin/../lib/gcc/avr/4.9.2/avr51\libgcc.a(_exit.o)
                              c:/program files (x86)/arduino/hardware/tools/avr/bin/../lib/gcc/avr/4.9.2/../../../../avr/lib/avr51/crtatmega1280.o (exit)
c:/program files (x86)/arduino/hardware/tools/avr/bin/../lib/gcc/avr/4.9.2/avr51\libgcc.a(_tablejump2.o)
                              ./arduino/WInterrupts.o (__tablejump2__)
c:/program files (x86)/arduino/hardware/tools/avr/bin/../lib/gcc/avr/4.9.2/avr51\libgcc.a(_copy_data.o)
                              ./arduino/HardwareSerial.o (__do_copy_data)
c:/program files (x86)/arduino/hardware/tools/avr/bin/../lib/gcc/avr/4.9.2/avr51\libgcc.a(_clear_bss.o)
                              ./arduino/HardwareSerial0.o (__do_clear_bss)
c:/program files (x86)/arduino/hardware/tools/avr/bin/../lib/gcc/avr/4.9.2/avr51\libgcc.a(_ctors.o)
                              ./arduino/HardwareSerial0.o (__do_global_ctors)
c:/program files (x86)/arduino/hardware/tools/avr/bin/../lib/gcc/avr/4.9.2/avr51\libgcc.a(_muluhisi3.o)
                              ./arduino/Stream.o (__muluhisi3)
c:/program files (x86)/arduino/hardware/tools/avr/bin/../lib/gcc/avr/4.9.2/avr51\libgcc.a(_umulhisi3.o)
                              c:/program files (x86)/arduino/hardware/tools/avr/bin/../lib/gcc/avr/4.9.2/avr51\libgcc.a(_muluhisi3.o) (__umulhisi3)
c:/program files (x86)/arduino/hardware/tools/avr/bin/../lib/gcc/avr/4.9.2/../../../../avr/lib/avr51\libm.a(addsf3.o)
                              ./arduino/Print.o (__subsf3)
c:/program files (x86)/arduino/hardware/tools/avr/bin/../lib/gcc/avr/4.9.2/../../../../avr/lib/avr51\libm.a(addsf3x.o)
                              c:/program files (x86)/arduino/hardware/tools/avr/bin/../lib/gcc/avr/4.9.2/../../../../avr/lib/avr51\libm.a(addsf3.o) (__addsf3x)
c:/program files (x86)/arduino/hardware/tools/avr/bin/../lib/gcc/avr/4.9.2/../../../../avr/lib/avr51\libm.a(cmpsf2.o)
                              ./arduino/Print.o (__ltsf2)
c:/program files (x86)/arduino/hardware/tools/avr/bin/../lib/gcc/avr/4.9.2/../../../../avr/lib/avr51\libm.a(divsf3.o)
                              ./arduino/Print.o (__divsf3)
c:/program files (x86)/arduino/hardware/tools/avr/bin/../lib/gcc/avr/4.9.2/../../../../avr/lib/avr51\libm.a(divsf3x.o)
                              c:/program files (x86)/arduino/hardware/tools/avr/bin/../lib/gcc/avr/4.9.2/../../../../avr/lib/avr51\libm.a(divsf3.o) (__divsf3x)
c:/program files (x86)/arduino/hardware/tools/avr/bin/../lib/gcc/avr/4.9.2/../../../../avr/lib/avr51\libm.a(fixunssfsi.o)
                              ./arduino/Print.o (__fixunssfsi)
c:/program files (x86)/arduino/hardware/tools/avr/bin/../lib/gcc/avr/4.9.2/../../../../avr/lib/avr51\libm.a(floatsisf.o)
                              ./arduino/Print.o (__floatunsisf)
[...]
Memory Configuration

Name             Origin             Length             Attributes
text             0x00000000         0x00020000         xr
data             0x00800100         0x0000ff00         rw !x
eeprom           0x00810000         0x00010000         rw !x
fuse             0x00820000         0x00000003         rw !x
lock             0x00830000         0x00000400         rw !x
signature        0x00840000         0x00000400         rw !x
user_signatures  0x00850000         0x00000400         rw !x
*default*        0x00000000         0xffffffff

Linker script and memory map

Address of section .data set to 0x800200
LOAD c:/program files (x86)/arduino/hardware/tools/avr/bin/../lib/gcc/avr/4.9.2/../../../../avr/lib/avr51/crtatmega1280.o
LOAD ./arduino/CDC.o
LOAD ./arduino/HardwareSerial.o
LOAD ./arduino/HardwareSerial0.o
LOAD ./arduino/HardwareSerial1.o
LOAD ./arduino/HardwareSerial2.o
LOAD ./arduino/HardwareSerial3.o
LOAD ./arduino/IPAddress.o
LOAD ./arduino/PluggableUSB.o
LOAD ./arduino/Print.o
LOAD ./arduino/Stream.o
LOAD ./arduino/Tone.o
LOAD ./arduino/USBCore.o
LOAD ./arduino/WInterrupts.o
LOAD ./arduino/WMath.o
LOAD ./arduino/WString.o
LOAD ./arduino/abi.o
LOAD ./arduino/hooks.o
LOAD ./arduino/main.o
LOAD ./arduino/new.o
LOAD ./arduino/wiring.o
LOAD ./arduino/wiring_analog.o
LOAD ./arduino/wiring_digital.o
LOAD ./arduino/wiring_pulse.o
LOAD ./arduino/wiring_shift.o
LOAD ./test.o
LOAD C:/Users/avidr/Google Drive/Workspace/Git Repository/JustDanceStudent-Project/JustDance/ArduinoMEGA/eclipse/freeRTOS/Release/libfreeRTOS.a
LOAD c:/program files (x86)/arduino/hardware/tools/avr/bin/../lib/gcc/avr/4.9.2/avr51\libgcc.a
LOAD c:/program files (x86)/arduino/hardware/tools/avr/bin/../lib/gcc/avr/4.9.2/../../../../avr/lib/avr51\libm.a
START GROUP
LOAD c:/program files (x86)/arduino/hardware/tools/avr/bin/../lib/gcc/avr/4.9.2/avr51\libgcc.a
LOAD c:/program files (x86)/arduino/hardware/tools/avr/bin/../lib/gcc/avr/4.9.2/../../../../avr/lib/avr51\libm.a
LOAD c:/program files (x86)/arduino/hardware/tools/avr/bin/../lib/gcc/avr/4.9.2/../../../../avr/lib/avr51\libc.a
LOAD c:/program files (x86)/arduino/hardware/tools/avr/bin/../lib/gcc/avr/4.9.2/../../../../avr/lib/avr51\libatmega1280.a
END GROUP
                0x00020000                __TEXT_REGION_LENGTH__ = DEFINED (__TEXT_REGION_LENGTH__)?__TEXT_REGION_LENGTH__:0x20000
                0x0000ff00                __DATA_REGION_LENGTH__ = DEFINED (__DATA_REGION_LENGTH__)?__DATA_REGION_LENGTH__:0xff00
                0x00010000                __EEPROM_REGION_LENGTH__ = DEFINED (__EEPROM_REGION_LENGTH__)?__EEPROM_REGION_LENGTH__:0x10000
                [0x00000003]                __FUSE_REGION_LENGTH__ = DEFINED (__FUSE_REGION_LENGTH__)?__FUSE_REGION_LENGTH__:0x400
                0x00000400                __LOCK_REGION_LENGTH__ = DEFINED (__LOCK_REGION_LENGTH__)?__LOCK_REGION_LENGTH__:0x400
                0x00000400                __SIGNATURE_REGION_LENGTH__ = DEFINED (__SIGNATURE_REGION_LENGTH__)?__SIGNATURE_REGION_LENGTH__:0x400
                0x00000400                __USER_SIGNATURE_REGION_LENGTH__ = DEFINED (__USER_SIGNATURE_REGION_LENGTH__)?__USER_SIGNATURE_REGION_LENGTH__:0x400

.hash
 *(.hash)

.dynsym
 *(.dynsym)

.dynstr
 *(.dynstr)

.gnu.version
 *(.gnu.version)

.gnu.version_d
 *(.gnu.version_d)

.gnu.version_r
 *(.gnu.version_r)

.rel.init
 *(.rel.init)

.rela.init
 *(.rela.init)

.rel.text
 *(.rel.text)
 *(.rel.text.*)
 *(.rel.gnu.linkonce.t*)

.rela.text
 *(.rela.text)
 *(.rela.text.*)
 *(.rela.gnu.linkonce.t*)

.rel.fini
 *(.rel.fini)

.rela.fini
 *(.rela.fini)

.rel.rodata
 *(.rel.rodata)
 *(.rel.rodata.*)
 *(.rel.gnu.linkonce.r*)

.rela.rodata
 *(.rela.rodata)
 *(.rela.rodata.*)
 *(.rela.gnu.linkonce.r*)

.rel.data
 *(.rel.data)
 *(.rel.data.*)
 *(.rel.gnu.linkonce.d*)

.rela.data
 *(.rela.data)
 *(.rela.data.*)
 *(.rela.gnu.linkonce.d*)

.rel.ctors
 *(.rel.ctors)

.rela.ctors
 *(.rela.ctors)

.rel.dtors
 *(.rel.dtors)

.rela.dtors
 *(.rela.dtors)

.rel.got
 *(.rel.got)

.rela.got
 *(.rela.got)

.rel.bss
 *(.rel.bss)

.rela.bss
 *(.rela.bss)

.rel.plt
 *(.rel.plt)

.rela.plt
 *(.rela.plt)

.text           0x00000000     0x1dae
 *(.vectors)
 .vectors       0x00000000       0xe4 c:/program files (x86)/arduino/hardware/tools/avr/bin/../lib/gcc/avr/4.9.2/../../../../avr/lib/avr51/crtatmega1280.o
                0x00000000                __vector_default
                0x00000000                __vectors
 *(.vectors)
 *(.progmem.gcc*)
 .progmem.gcc_sw_table.turnOffPWM
                0x000000e4       0x24 ./arduino/wiring_digital.o
                0x00000108                . = ALIGN (0x2)
                0x00000108                __trampolines_start = .
 *(.trampolines)
 .trampolines   0x00000108        0x0 linker stubs
 *(.trampolines*)
                0x00000108                __trampolines_end = .
 *libprintf_flt.a:*(.progmem.data)
 *libc.a:*(.progmem.data)
 *(.progmem*)
 .progmem.data._ZL21tone_pin_to_timer_PGM
                0x00000108        0x1 ./arduino/Tone.o
 .progmem.data.digital_pin_to_timer_PGM
                0x00000109       0x14 ./arduino/wiring_digital.o
                0x00000109                digital_pin_to_timer_PGM
 .progmem.data.digital_pin_to_bit_mask_PGM
                0x0000011d       0x14 ./arduino/wiring_digital.o
                0x0000011d                digital_pin_to_bit_mask_PGM
 .progmem.data.digital_pin_to_port_PGM
                0x00000131       0x14 ./arduino/wiring_digital.o
                0x00000131                digital_pin_to_port_PGM
 .progmem.data.port_to_output_PGM
                0x00000145        0xa ./arduino/wiring_digital.o
                0x00000145                port_to_output_PGM
 .progmem.data.port_to_mode_PGM
                0x0000014f        0xa ./arduino/wiring_digital.o
                0x0000014f                port_to_mode_PGM
                0x0000015a                . = ALIGN (0x2)
 *fill*         0x00000159        0x1 
 *(.jumptables)
 *(.jumptables*)
 *(.lowtext)
 *(.lowtext*)
                0x0000015a                __ctors_start = .
 *(.ctors)
 .ctors         0x0000015a        0x2 ./arduino/HardwareSerial0.o
 .ctors         0x0000015c        0x2 ./arduino/HardwareSerial1.o
 .ctors         0x0000015e        0x2 ./arduino/HardwareSerial2.o
 .ctors         0x00000160        0x2 ./arduino/HardwareSerial3.o
 .ctors         0x00000162        0x2 ./arduino/IPAddress.o
                0x00000164                __ctors_end = .
                0x00000164                __dtors_start = .
 *(.dtors)
                0x00000164                __dtors_end = .
 SORT(*)(.ctors)
 SORT(*)(.dtors)
 *(.init0)
 .init0         0x00000164        0x0 c:/program files (x86)/arduino/hardware/tools/avr/bin/../lib/gcc/avr/4.9.2/../../../../avr/lib/avr51/crtatmega1280.o
                0x00000164                __init
 *(.init0)
 *(.init1)
 *(.init1)
 *(.init2)
 .init2         0x00000164        0xc c:/program files (x86)/arduino/hardware/tools/avr/bin/../lib/gcc/avr/4.9.2/../../../../avr/lib/avr51/crtatmega1280.o
 *(.init2)
 *(.init3)
 *(.init3)
 *(.init4)
 .init4         0x00000170       0x1a c:/program files (x86)/arduino/hardware/tools/avr/bin/../lib/gcc/avr/4.9.2/avr51\libgcc.a(_copy_data.o)
                0x00000170                __do_copy_data
 .init4         0x0000018a       0x10 c:/program files (x86)/arduino/hardware/tools/avr/bin/../lib/gcc/avr/4.9.2/avr51\libgcc.a(_clear_bss.o)
                0x0000018a                __do_clear_bss
 *(.init4)
 *(.init5)
 *(.init5)
 *(.init6)
 .init6         0x0000019a       0x16 c:/program files (x86)/arduino/hardware/tools/avr/bin/../lib/gcc/avr/4.9.2/avr51\libgcc.a(_ctors.o)
                0x0000019a                __do_global_ctors
 *(.init6)
 *(.init7)
 *(.init7)
 *(.init8)
 *(.init8)
 *(.init9)
 .init9         0x000001b0        0x6 c:/program files (x86)/arduino/hardware/tools/avr/bin/../lib/gcc/avr/4.9.2/../../../../avr/lib/avr51/crtatmega1280.o
 *(.init9)
 *(.text)
 .text          0x000001b6        0x2 c:/program files (x86)/arduino/hardware/tools/avr/bin/../lib/gcc/avr/4.9.2/../../../../avr/lib/avr51/crtatmega1280.o
                0x000001b6                __vector_38
                0x000001b6                __vector_22
                0x000001b6                __vector_28
                0x000001b6                __vector_32
                0x000001b6                __vector_34
                0x000001b6                __vector_24
                0x000001b6                __vector_12
                0x000001b6                __vector_46
                0x000001b6                __bad_interrupt
                0x000001b6                __vector_31
                0x000001b6                __vector_35
                0x000001b6                __vector_39
                0x000001b6                __vector_30
                0x000001b6                __vector_45
                0x000001b6                __vector_17
                0x000001b6                __vector_19
                0x000001b6                __vector_56
                0x000001b6                __vector_49
                0x000001b6                __vector_41
                0x000001b6                __vector_43
                0x000001b6                __vector_27
                0x000001b6                __vector_33
                0x000001b6                __vector_47
                0x000001b6                __vector_44
                0x000001b6                __vector_9
                0x000001b6                __vector_21
                0x000001b6                __vector_15
                0x000001b6                __vector_29
                0x000001b6                __vector_40
                0x000001b6                __vector_48
                0x000001b6                __vector_14
                0x000001b6                __vector_53
                0x000001b6                __vector_10
                0x000001b6                __vector_50
                0x000001b6                __vector_16
                0x000001b6                __vector_18
                0x000001b6                __vector_20
                0x000001b6                __vector_42
                0x000001b8                . = ALIGN (0x2)
 *(.text.*)
 .text._ZN14HardwareSerial9availableEv
                0x000001b8       0x18 ./arduino/HardwareSerial.o
                0x000001b8                _ZN14HardwareSerial9availableEv
 .text._ZN14HardwareSerial4peekEv
                0x000001d0       0x1c ./arduino/HardwareSerial.o
                0x000001d0                _ZN14HardwareSerial4peekEv
 .text._ZN14HardwareSerial4readEv
                0x000001ec       0x28 ./arduino/HardwareSerial.o
                0x000001ec                _ZN14HardwareSerial4readEv
 .text._ZN14HardwareSerial17availableForWriteEv
                0x00000214       0x1e ./arduino/HardwareSerial.o
                0x00000214                _ZN14HardwareSerial17availableForWriteEv
 .text._Z14serialEventRunv
                0x00000232       0x72 ./arduino/HardwareSerial.o
                0x00000232                _Z14serialEventRunv
 .text._ZN14HardwareSerial17_tx_udr_empty_irqEv
                0x000002a4       0x42 ./arduino/HardwareSerial.o
                0x000002a4                _ZN14HardwareSerial17_tx_udr_empty_irqEv
 .text._ZN14HardwareSerial5flushEv
                0x000002e6       0x42 ./arduino/HardwareSerial.o
                0x000002e6                _ZN14HardwareSerial5flushEv
 .text._ZN14HardwareSerial5writeEh
                0x00000328       0x8c ./arduino/HardwareSerial.o
                0x00000328                _ZN14HardwareSerial5writeEh
 .text.__vector_25
                0x000003b4       0x6c ./arduino/HardwareSerial0.o
                0x000003b4                __vector_25
 .text.__vector_26
                0x00000420       0x52 ./arduino/HardwareSerial0.o
                0x00000420                __vector_26
 .text._Z17Serial0_availablev
                0x00000472       0x12 ./arduino/HardwareSerial0.o
                0x00000472                _Z17Serial0_availablev
 .text.startup._GLOBAL__sub_I___vector_25
                0x00000484       0x5a ./arduino/HardwareSerial0.o
 .text.__vector_36
                0x000004de       0x6c ./arduino/HardwareSerial1.o
                0x000004de                __vector_36
 .text.__vector_37
                0x0000054a       0x52 ./arduino/HardwareSerial1.o
                0x0000054a                __vector_37
 .text._Z17Serial1_availablev
                0x0000059c       0x12 ./arduino/HardwareSerial1.o
                0x0000059c                _Z17Serial1_availablev
 .text.startup._GLOBAL__sub_I___vector_36
                0x000005ae       0x5a ./arduino/HardwareSerial1.o
 .text.__vector_51
                0x00000608       0x6c ./arduino/HardwareSerial2.o
                0x00000608                __vector_51
 .text.__vector_52
                0x00000674       0x52 ./arduino/HardwareSerial2.o
                0x00000674                __vector_52
 .text._Z17Serial2_availablev
                0x000006c6       0x12 ./arduino/HardwareSerial2.o
                0x000006c6                _Z17Serial2_availablev
 .text.startup._GLOBAL__sub_I___vector_51
                0x000006d8       0x5a ./arduino/HardwareSerial2.o
 .text.__vector_54
                0x00000732       0x6c ./arduino/HardwareSerial3.o
                0x00000732                __vector_54
 .text.__vector_55
                0x0000079e       0x52 ./arduino/HardwareSerial3.o
                0x0000079e                __vector_55
 .text._Z17Serial3_availablev
                0x000007f0       0x12 ./arduino/HardwareSerial3.o
                0x000007f0                _Z17Serial3_availablev
 .text.startup._GLOBAL__sub_I___vector_54
                0x00000802       0x5a ./arduino/HardwareSerial3.o
 .text._ZNK9IPAddress7printToER5Print
                0x0000085c       0x7e ./arduino/IPAddress.o
                0x0000085c                _ZNK9IPAddress7printToER5Print
 .text.startup._GLOBAL__sub_I__ZN9IPAddressC2Ev
                0x000008da       0x16 ./arduino/IPAddress.o
 .text._ZN5Print5writeEPKhj
                0x000008f0       0x56 ./arduino/Print.o
                0x000008f0                _ZN5Print5writeEPKhj
 .text._ZN5Print5writeEPKc
                0x00000946       0x2a ./arduino/Print.o
                0x00000946                _ZN5Print5writeEPKc
 .text._ZN5Print5printEc
                0x00000970        0xe ./arduino/Print.o
                0x00000970                _ZN5Print5printEc
 .text._ZN5Print11printNumberEmh
                0x0000097e       0xa6 ./arduino/Print.o
                0x0000097e                _ZN5Print11printNumberEmh
 .text._ZN5Print5printEmi
                0x00000a24       0x18 ./arduino/Print.o
                0x00000a24                _ZN5Print5printEmi
 .text._ZN5Print5printEhi
                0x00000a3c        0xc ./arduino/Print.o
                0x00000a3c                _ZN5Print5printEhi
 .text._Z12disableTimerh
                0x00000a48       0x74 ./arduino/Tone.o
                0x00000a48                _Z12disableTimerh
 .text._Z6noToneh
                0x00000abc       0x28 ./arduino/Tone.o
                0x00000abc                _Z6noToneh
 .text.__vector_13
                0x00000ae4       0xbe ./arduino/Tone.o
                0x00000ae4                __vector_13
 .text.nothing  0x00000ba2        0x2 ./arduino/WInterrupts.o
 .text.__vector_1
                0x00000ba4       0x56 ./arduino/WInterrupts.o
                0x00000ba4                __vector_1
 .text.__vector_2
                0x00000bfa       0x56 ./arduino/WInterrupts.o
                0x00000bfa                __vector_2
 .text.__vector_3
                0x00000c50       0x56 ./arduino/WInterrupts.o
                0x00000c50                __vector_3
 .text.__vector_4
                0x00000ca6       0x56 ./arduino/WInterrupts.o
                0x00000ca6                __vector_4
 .text.__vector_5
                0x00000cfc       0x56 ./arduino/WInterrupts.o
                0x00000cfc                __vector_5
 .text.__vector_6
                0x00000d52       0x56 ./arduino/WInterrupts.o
                0x00000d52                __vector_6
 .text.__vector_7
                0x00000da8       0x56 ./arduino/WInterrupts.o
                0x00000da8                __vector_7
 .text.__vector_8
                0x00000dfe       0x56 ./arduino/WInterrupts.o
                0x00000dfe                __vector_8
 .text.__empty  0x00000e54        0x2 ./arduino/hooks.o
                0x00000e54                yield
 .text.initVariant
                0x00000e56        0x2 ./arduino/main.o
                0x00000e56                initVariant
 .text.startup.main
                0x00000e58       0x14 ./arduino/main.o
                0x00000e58                main
 .text.__vector_23
                0x00000e6c       0x94 ./arduino/wiring.o
                0x00000e6c                __vector_23
 .text.micros   0x00000f00       0x4a ./arduino/wiring.o
                0x00000f00                micros
 .text.delay    0x00000f4a       0x72 ./arduino/wiring.o
                0x00000f4a                delay
 .text.init     0x00000fbc       0xc4 ./arduino/wiring.o
                0x00000fbc                init
 .text.turnOffPWM
                0x00001080       0xa6 ./arduino/wiring_digital.o
 .text.pinMode  0x00001126       0x78 ./arduino/wiring_digital.o
                0x00001126                pinMode
 .text.digitalWrite
                0x0000119e       0x5e ./arduino/wiring_digital.o
                0x0000119e                digitalWrite
 .text._Z5task1Pv
                0x000011fc       0x22 ./test.o
                0x000011fc                _Z5task1Pv
 .text.setup    0x0000121e        0x6 ./test.o
                0x0000121e                setup
 .text.loop     0x00001224       0x3e ./test.o
                0x00001224                loop
 .text.prvResetNextTaskUnblockTime
                0x00001262       0x44 C:/Users/avidr/Google Drive/Workspace/Git Repository/JustDanceStudent-Project/JustDance/ArduinoMEGA/eclipse/freeRTOS/Release/libfreeRTOS.a(tasks.o)
 .text.xTaskGenericCreate
                0x000012a6      0x1e4 C:/Users/avidr/Google Drive/Workspace/Git Repository/JustDanceStudent-Project/JustDance/ArduinoMEGA/eclipse/freeRTOS/Release/libfreeRTOS.a(tasks.o)
                0x000012a6                xTaskGenericCreate
 .text.vTaskStartScheduler
                0x0000148a       0x7e C:/Users/avidr/Google Drive/Workspace/Git Repository/JustDanceStudent-Project/JustDance/ArduinoMEGA/eclipse/freeRTOS/Release/libfreeRTOS.a(tasks.o)
                0x0000148a                vTaskStartScheduler
 .text.vTaskSuspendAll
                0x00001508        0xc C:/Users/avidr/Google Drive/Workspace/Git Repository/JustDanceStudent-Project/JustDance/ArduinoMEGA/eclipse/freeRTOS/Release/libfreeRTOS.a(tasks.o)
                0x00001508                vTaskSuspendAll
 .text.xTaskIncrementTick
                0x00001514      0x19a C:/Users/avidr/Google Drive/Workspace/Git Repository/JustDanceStudent-Project/JustDance/ArduinoMEGA/eclipse/freeRTOS/Release/libfreeRTOS.a(tasks.o)
                0x00001514                xTaskIncrementTick
 .text.xTaskResumeAll
                0x000016ae       0xd6 C:/Users/avidr/Google Drive/Workspace/Git Repository/JustDanceStudent-Project/JustDance/ArduinoMEGA/eclipse/freeRTOS/Release/libfreeRTOS.a(tasks.o)
                0x000016ae                xTaskResumeAll
 .text.prvIdleTask
                0x00001784       0x5c C:/Users/avidr/Google Drive/Workspace/Git Repository/JustDanceStudent-Project/JustDance/ArduinoMEGA/eclipse/freeRTOS/Release/libfreeRTOS.a(tasks.o)
 .text.vTaskSwitchContext
                0x000017e0       0x98 C:/Users/avidr/Google Drive/Workspace/Git Repository/JustDanceStudent-Project/JustDance/ArduinoMEGA/eclipse/freeRTOS/Release/libfreeRTOS.a(tasks.o)
                0x000017e0                vTaskSwitchContext
 .text.pvPortMalloc
                0x00001878      0x120 C:/Users/avidr/Google Drive/Workspace/Git Repository/JustDanceStudent-Project/JustDance/ArduinoMEGA/eclipse/freeRTOS/Release/libfreeRTOS.a(heap_2.o)
                0x00001878                pvPortMalloc
 .text.vPortFree
                0x00001998       0x54 C:/Users/avidr/Google Drive/Workspace/Git Repository/JustDanceStudent-Project/JustDance/ArduinoMEGA/eclipse/freeRTOS/Release/libfreeRTOS.a(heap_2.o)
                0x00001998                vPortFree
 .text.pxPortInitialiseStack
                0x000019ec       0xd8 C:/Users/avidr/Google Drive/Workspace/Git Repository/JustDanceStudent-Project/JustDance/ArduinoMEGA/eclipse/freeRTOS/Release/libfreeRTOS.a(port.o)
                0x000019ec                pxPortInitialiseStack
 .text.xPortStartScheduler
                0x00001ac4       0x76 C:/Users/avidr/Google Drive/Workspace/Git Repository/JustDanceStudent-Project/JustDance/ArduinoMEGA/eclipse/freeRTOS/Release/libfreeRTOS.a(port.o)
                0x00001ac4                xPortStartScheduler
 .text.vPortYield
                0x00001b3a       0xb0 C:/Users/avidr/Google Drive/Workspace/Git Repository/JustDanceStudent-Project/JustDance/ArduinoMEGA/eclipse/freeRTOS/Release/libfreeRTOS.a(port.o)
                0x00001b3a                vPortYield
 .text.vPortYieldFromTick
                0x00001bea       0xb4 C:/Users/avidr/Google Drive/Workspace/Git Repository/JustDanceStudent-Project/JustDance/ArduinoMEGA/eclipse/freeRTOS/Release/libfreeRTOS.a(port.o)
                0x00001bea                vPortYieldFromTick
 .text.__vector_11
                0x00001c9e        0x4 C:/Users/avidr/Google Drive/Workspace/Git Repository/JustDanceStudent-Project/JustDance/ArduinoMEGA/eclipse/freeRTOS/Release/libfreeRTOS.a(port.o)
                0x00001c9e                __vector_11
 .text.vListInitialise
                0x00001ca2       0x22 C:/Users/avidr/Google Drive/Workspace/Git Repository/JustDanceStudent-Project/JustDance/ArduinoMEGA/eclipse/freeRTOS/Release/libfreeRTOS.a(list.o)
                0x00001ca2                vListInitialise
 .text.vListInitialiseItem
                0x00001cc4        0x8 C:/Users/avidr/Google Drive/Workspace/Git Repository/JustDanceStudent-Project/JustDance/ArduinoMEGA/eclipse/freeRTOS/Release/libfreeRTOS.a(list.o)
                0x00001cc4                vListInitialiseItem
 .text.vListInsertEnd
                0x00001ccc       0x42 C:/Users/avidr/Google Drive/Workspace/Git Repository/JustDanceStudent-Project/JustDance/ArduinoMEGA/eclipse/freeRTOS/Release/libfreeRTOS.a(list.o)
                0x00001ccc                vListInsertEnd
 .text.uxListRemove
                0x00001d0e       0x46 C:/Users/avidr/Google Drive/Workspace/Git Repository/JustDanceStudent-Project/JustDance/ArduinoMEGA/eclipse/freeRTOS/Release/libfreeRTOS.a(list.o)
                0x00001d0e                uxListRemove
 .text.libgcc.div
                0x00001d54       0x44 c:/program files (x86)/arduino/hardware/tools/avr/bin/../lib/gcc/avr/4.9.2/avr51\libgcc.a(_udivmodsi4.o)
                0x00001d54                __udivmodsi4
 .text.libgcc   0x00001d98       0x12 c:/program files (x86)/arduino/hardware/tools/avr/bin/../lib/gcc/avr/4.9.2/avr51\libgcc.a(_tablejump2.o)
                0x00001d98                __tablejump2__
                0x00001daa                . = ALIGN (0x2)
 *(.fini9)
 .fini9         0x00001daa        0x0 c:/program files (x86)/arduino/hardware/tools/avr/bin/../lib/gcc/avr/4.9.2/avr51\libgcc.a(_exit.o)
                0x00001daa                _exit
                0x00001daa                exit
 *(.fini9)
 *(.fini8)
 *(.fini8)
 *(.fini7)
 *(.fini7)
 *(.fini6)
 *(.fini6)
 *(.fini5)
 *(.fini5)
 *(.fini4)
 *(.fini4)
 *(.fini3)
 *(.fini3)
 *(.fini2)
 *(.fini2)
 *(.fini1)
 *(.fini1)
 *(.fini0)
 .fini0         0x00001daa        0x4 c:/program files (x86)/arduino/hardware/tools/avr/bin/../lib/gcc/avr/4.9.2/avr51\libgcc.a(_exit.o)
 *(.fini0)
                0x00001dae                _etext = .

.data           0x00800200       0x36 load address 0x00001dae
                0x00800200                PROVIDE (__data_start, .)
 *(.data)
 *(.data*)
 .data._ZL9tone_pins
                0x00800200        0x1 ./arduino/Tone.o
 .data.intFunc  0x00800201       0x10 ./arduino/WInterrupts.o
 .data.xFreeBytesRemaining
                0x00800211        0x2 C:/Users/avidr/Google Drive/Workspace/Git Repository/JustDanceStudent-Project/JustDance/ArduinoMEGA/eclipse/freeRTOS/Release/libfreeRTOS.a(heap_2.o)
 *(.rodata)
 *(.rodata*)
 .rodata._ZTV14HardwareSerial
                0x00800213       0x12 ./arduino/HardwareSerial.o
                0x00800213                _ZTV14HardwareSerial
 .rodata._ZTV9IPAddress
                0x00800225        0x6 ./arduino/IPAddress.o
                0x00800225                _ZTV9IPAddress
 .rodata.str1.1
                0x0080022b        0x6 ./test.o
 .rodata.str1.1
                0x00800231        0x5 C:/Users/avidr/Google Drive/Workspace/Git Repository/JustDanceStudent-Project/JustDance/ArduinoMEGA/eclipse/freeRTOS/Release/libfreeRTOS.a(tasks.o)
 *(.gnu.linkonce.d*)
                0x00800236                . = ALIGN (0x2)
                0x00800236                _edata = .
                0x00800236                PROVIDE (__data_end, .)

.bss            0x00800236      0x920
                0x00800236                PROVIDE (__bss_start, .)
 *(.bss)
 *(.bss*)
 .bss.Serial    0x00800236       0x9d ./arduino/HardwareSerial0.o
                0x00800236                Serial
 .bss.Serial1   0x008002d3       0x9d ./arduino/HardwareSerial1.o
                0x008002d3                Serial1
 .bss.Serial2   0x00800370       0x9d ./arduino/HardwareSerial2.o
                0x00800370                Serial2
 .bss.Serial3   0x0080040d       0x9d ./arduino/HardwareSerial3.o
                0x0080040d                Serial3
 .bss._ZL11INADDR_NONE
                0x008004aa        0x6 ./arduino/IPAddress.o
 .bss.timer2_pin_mask
                0x008004b0        0x1 ./arduino/Tone.o
                0x008004b0                timer2_pin_mask
 .bss.timer2_pin_port
                0x008004b1        0x2 ./arduino/Tone.o
                0x008004b1                timer2_pin_port
 .bss.timer2_toggle_count
                0x008004b3        0x4 ./arduino/Tone.o
                0x008004b3                timer2_toggle_count
 .bss.timer0_fract
                0x008004b7        0x1 ./arduino/wiring.o
 .bss.timer0_millis
                0x008004b8        0x4 ./arduino/wiring.o
                0x008004b8                timer0_millis
 .bss.timer0_overflow_count
                0x008004bc        0x4 ./arduino/wiring.o
                0x008004bc                timer0_overflow_count
 .bss.uxSchedulerSuspended
                0x008004c0        0x1 C:/Users/avidr/Google Drive/Workspace/Git Repository/JustDanceStudent-Project/JustDance/ArduinoMEGA/eclipse/freeRTOS/Release/libfreeRTOS.a(tasks.o)
 .bss.xNextTaskUnblockTime
                0x008004c1        0x4 C:/Users/avidr/Google Drive/Workspace/Git Repository/JustDanceStudent-Project/JustDance/ArduinoMEGA/eclipse/freeRTOS/Release/libfreeRTOS.a(tasks.o)
 .bss.uxTaskNumber
                0x008004c5        0x1 C:/Users/avidr/Google Drive/Workspace/Git Repository/JustDanceStudent-Project/JustDance/ArduinoMEGA/eclipse/freeRTOS/Release/libfreeRTOS.a(tasks.o)
 .bss.xNumOfOverflows
                0x008004c6        0x1 C:/Users/avidr/Google Drive/Workspace/Git Repository/JustDanceStudent-Project/JustDance/ArduinoMEGA/eclipse/freeRTOS/Release/libfreeRTOS.a(tasks.o)
 .bss.xYieldPending
                0x008004c7        0x1 C:/Users/avidr/Google Drive/Workspace/Git Repository/JustDanceStudent-Project/JustDance/ArduinoMEGA/eclipse/freeRTOS/Release/libfreeRTOS.a(tasks.o)
 .bss.uxPendedTicks
                0x008004c8        0x1 C:/Users/avidr/Google Drive/Workspace/Git Repository/JustDanceStudent-Project/JustDance/ArduinoMEGA/eclipse/freeRTOS/Release/libfreeRTOS.a(tasks.o)
 .bss.xSchedulerRunning
                0x008004c9        0x1 C:/Users/avidr/Google Drive/Workspace/Git Repository/JustDanceStudent-Project/JustDance/ArduinoMEGA/eclipse/freeRTOS/Release/libfreeRTOS.a(tasks.o)
 .bss.uxTopReadyPriority
                0x008004ca        0x1 C:/Users/avidr/Google Drive/Workspace/Git Repository/JustDanceStudent-Project/JustDance/ArduinoMEGA/eclipse/freeRTOS/Release/libfreeRTOS.a(tasks.o)
 .bss.xTickCount
                0x008004cb        0x4 C:/Users/avidr/Google Drive/Workspace/Git Repository/JustDanceStudent-Project/JustDance/ArduinoMEGA/eclipse/freeRTOS/Release/libfreeRTOS.a(tasks.o)
 .bss.uxCurrentNumberOfTasks
                0x008004cf        0x1 C:/Users/avidr/Google Drive/Workspace/Git Repository/JustDanceStudent-Project/JustDance/ArduinoMEGA/eclipse/freeRTOS/Release/libfreeRTOS.a(tasks.o)
 .bss.uxTasksDeleted
                0x008004d0        0x1 C:/Users/avidr/Google Drive/Workspace/Git Repository/JustDanceStudent-Project/JustDance/ArduinoMEGA/eclipse/freeRTOS/Release/libfreeRTOS.a(tasks.o)
 .bss.xTasksWaitingTermination
                0x008004d1        0xb C:/Users/avidr/Google Drive/Workspace/Git Repository/JustDanceStudent-Project/JustDance/ArduinoMEGA/eclipse/freeRTOS/Release/libfreeRTOS.a(tasks.o)
 .bss.xPendingReadyList
                0x008004dc        0xb C:/Users/avidr/Google Drive/Workspace/Git Repository/JustDanceStudent-Project/JustDance/ArduinoMEGA/eclipse/freeRTOS/Release/libfreeRTOS.a(tasks.o)
 .bss.pxOverflowDelayedTaskList
                0x008004e7        0x2 C:/Users/avidr/Google Drive/Workspace/Git Repository/JustDanceStudent-Project/JustDance/ArduinoMEGA/eclipse/freeRTOS/Release/libfreeRTOS.a(tasks.o)
 .bss.pxDelayedTaskList
                0x008004e9        0x2 C:/Users/avidr/Google Drive/Workspace/Git Repository/JustDanceStudent-Project/JustDance/ArduinoMEGA/eclipse/freeRTOS/Release/libfreeRTOS.a(tasks.o)
 .bss.xDelayedTaskList2
                0x008004eb        0xb C:/Users/avidr/Google Drive/Workspace/Git Repository/JustDanceStudent-Project/JustDance/ArduinoMEGA/eclipse/freeRTOS/Release/libfreeRTOS.a(tasks.o)
 .bss.xDelayedTaskList1
                0x008004f6        0xb C:/Users/avidr/Google Drive/Workspace/Git Repository/JustDanceStudent-Project/JustDance/ArduinoMEGA/eclipse/freeRTOS/Release/libfreeRTOS.a(tasks.o)
 .bss.pxReadyTasksLists
                0x00800501       0x6e C:/Users/avidr/Google Drive/Workspace/Git Repository/JustDanceStudent-Project/JustDance/ArduinoMEGA/eclipse/freeRTOS/Release/libfreeRTOS.a(tasks.o)
 .bss.pxCurrentTCB
                0x0080056f        0x2 C:/Users/avidr/Google Drive/Workspace/Git Repository/JustDanceStudent-Project/JustDance/ArduinoMEGA/eclipse/freeRTOS/Release/libfreeRTOS.a(tasks.o)
                0x0080056f                pxCurrentTCB
 .bss.xHeapHasBeenInitialised.1907
                0x00800571        0x1 C:/Users/avidr/Google Drive/Workspace/Git Repository/JustDanceStudent-Project/JustDance/ArduinoMEGA/eclipse/freeRTOS/Release/libfreeRTOS.a(heap_2.o)
 .bss.xEnd      0x00800572        0x4 C:/Users/avidr/Google Drive/Workspace/Git Repository/JustDanceStudent-Project/JustDance/ArduinoMEGA/eclipse/freeRTOS/Release/libfreeRTOS.a(heap_2.o)
 .bss.xStart    0x00800576        0x4 C:/Users/avidr/Google Drive/Workspace/Git Repository/JustDanceStudent-Project/JustDance/ArduinoMEGA/eclipse/freeRTOS/Release/libfreeRTOS.a(heap_2.o)
 .bss.ucHeap    0x0080057a      0x5dc C:/Users/avidr/Google Drive/Workspace/Git Repository/JustDanceStudent-Project/JustDance/ArduinoMEGA/eclipse/freeRTOS/Release/libfreeRTOS.a(heap_2.o)
 *(COMMON)
                0x00800b56                PROVIDE (__bss_end, .)
                0x00001dae                __data_load_start = LOADADDR (.data)
                0x00001de4                __data_load_end = (__data_load_start + SIZEOF (.data))

.noinit         0x00800b56        0x0
                [!provide]                PROVIDE (__noinit_start, .)
 *(.noinit*)
                [!provide]                PROVIDE (__noinit_end, .)
                0x00800b56                _end = .
                0x00800b56                PROVIDE (__heap_start, .)

.eeprom         0x00810000        0x0
 *(.eeprom*)
                0x00810000                __eeprom_end = .

.fuse
 *(.fuse)
 *(.lfuse)
 *(.hfuse)
 *(.efuse)

.lock
 *(.lock*)

.signature
 *(.signature*)

.user_signatures
 *(.user_signatures*)

.stab
 *(.stab)

.stabstr
 *(.stabstr)

.stab.excl
 *(.stab.excl)

.stab.exclstr
 *(.stab.exclstr)

.stab.index
 *(.stab.index)

.stab.indexstr
 *(.stab.indexstr)

.comment        0x00000000       0x11
 *(.comment)
 .comment       0x00000000       0x11 ./arduino/HardwareSerial.o
                                 0x12 (size before relaxing)
 .comment       0x00000011       0x12 ./arduino/HardwareSerial0.o
 .comment       0x00000011       0x12 ./arduino/HardwareSerial1.o
 .comment       0x00000011       0x12 ./arduino/HardwareSerial2.o
 .comment       0x00000011       0x12 ./arduino/HardwareSerial3.o
 .comment       0x00000011       0x12 ./arduino/IPAddress.o
 .comment       0x00000011       0x12 ./arduino/Print.o
 .comment       0x00000011       0x12 ./arduino/Tone.o
 .comment       0x00000011       0x12 ./arduino/WInterrupts.o
 .comment       0x00000011       0x12 ./arduino/hooks.o
 .comment       0x00000011       0x12 ./arduino/main.o
 .comment       0x00000011       0x12 ./arduino/wiring.o
 .comment       0x00000011       0x12 ./arduino/wiring_digital.o
 .comment       0x00000011       0x12 ./test.o
 .comment       0x00000011       0x12 C:/Users/avidr/Google Drive/Workspace/Git Repository/JustDanceStudent-Project/JustDance/ArduinoMEGA/eclipse/freeRTOS/Release/libfreeRTOS.a(tasks.o)
 .comment       0x00000011       0x12 C:/Users/avidr/Google Drive/Workspace/Git Repository/JustDanceStudent-Project/JustDance/ArduinoMEGA/eclipse/freeRTOS/Release/libfreeRTOS.a(heap_2.o)
 .comment       0x00000011       0x12 C:/Users/avidr/Google Drive/Workspace/Git Repository/JustDanceStudent-Project/JustDance/ArduinoMEGA/eclipse/freeRTOS/Release/libfreeRTOS.a(port.o)
 .comment       0x00000011       0x12 C:/Users/avidr/Google Drive/Workspace/Git Repository/JustDanceStudent-Project/JustDance/ArduinoMEGA/eclipse/freeRTOS/Release/libfreeRTOS.a(list.o)

.note.gnu.avr.deviceinfo
                0x00000000       0x40
 .note.gnu.avr.deviceinfo
                0x00000000       0x40 c:/program files (x86)/arduino/hardware/tools/avr/bin/../lib/gcc/avr/4.9.2/../../../../avr/lib/avr51/crtatmega1280.o

.note.gnu.build-id
 *(.note.gnu.build-id)

.debug
 *(.debug)

.line
 *(.line)

.debug_srcinfo
 *(.debug_srcinfo)

.debug_sfnames
 *(.debug_sfnames)

.debug_aranges
 *(.debug_aranges)

.debug_pubnames
 *(.debug_pubnames)

.debug_info     0x00000000      0xbbc
 *(.debug_info .gnu.linkonce.wi.*)
 .debug_info    0x00000000      0xbbc c:/program files (x86)/arduino/hardware/tools/avr/bin/../lib/gcc/avr/4.9.2/../../../../avr/lib/avr51/crtatmega1280.o

.debug_abbrev   0x00000000      0xb1a
 *(.debug_abbrev)
 .debug_abbrev  0x00000000      0xb1a c:/program files (x86)/arduino/hardware/tools/avr/bin/../lib/gcc/avr/4.9.2/../../../../avr/lib/avr51/crtatmega1280.o

.debug_line     0x00000000       0x1a
 *(.debug_line .debug_line.* .debug_line_end)
 .debug_line    0x00000000       0x1a c:/program files (x86)/arduino/hardware/tools/avr/bin/../lib/gcc/avr/4.9.2/../../../../avr/lib/avr51/crtatmega1280.o

.debug_frame
 *(.debug_frame)

.debug_str      0x00000000      0x3e6
 *(.debug_str)
 .debug_str     0x00000000      0x3e6 c:/program files (x86)/arduino/hardware/tools/avr/bin/../lib/gcc/avr/4.9.2/../../../../avr/lib/avr51/crtatmega1280.o

.debug_loc
 *(.debug_loc)

.debug_macinfo
 *(.debug_macinfo)

.debug_weaknames
 *(.debug_weaknames)

.debug_funcnames
 *(.debug_funcnames)

.debug_typenames
 *(.debug_typenames)

.debug_varnames
 *(.debug_varnames)

.debug_pubtypes
 *(.debug_pubtypes)

.debug_ranges
 *(.debug_ranges)

.debug_macro
 *(.debug_macro)
OUTPUT(CG3002.elf elf32-avr)
LOAD linker stubs

Cross Reference Table

Symbol                                            File
Serial                                            ./arduino/HardwareSerial0.o
Serial1                                           ./arduino/HardwareSerial1.o
Serial2                                           ./arduino/HardwareSerial2.o
Serial3                                           ./arduino/HardwareSerial3.o
_Z10randomSeedm                                   ./arduino/WMath.o
_Z11serialEventv                                  ./arduino/HardwareSerial.o
_Z12disableTimerh                                 ./arduino/Tone.o
_Z12serialEvent1v                                 ./arduino/HardwareSerial.o
_Z12serialEvent2v                                 ./arduino/HardwareSerial.o
_Z12serialEvent3v                                 ./arduino/HardwareSerial.o
_Z14serialEventRunv                               ./arduino/HardwareSerial.o
                                                  ./arduino/main.o
_Z17Serial0_availablev                            ./arduino/HardwareSerial0.o
                                                  ./arduino/HardwareSerial.o
_Z17Serial1_availablev                            ./arduino/HardwareSerial1.o
                                                  ./arduino/HardwareSerial.o
_Z17Serial2_availablev                            ./arduino/HardwareSerial2.o
                                                  ./arduino/HardwareSerial.o
_Z17Serial3_availablev                            ./arduino/HardwareSerial3.o
                                                  ./arduino/HardwareSerial.o
_Z3maplllll                                       ./arduino/WMath.o
_Z4tonehjm                                        ./arduino/Tone.o
_Z5task1Pv                                        ./test.o
_Z6noToneh                                        ./arduino/Tone.o
_Z6randoml                                        ./arduino/WMath.o
_Z6randomll                                       ./arduino/WMath.o
_Z8makeWordhh                                     ./arduino/WMath.o
_Z8makeWordj                                      ./arduino/WMath.o
_Z8setupUSBv                                      ./arduino/main.o
_ZN14HardwareSerial17_tx_udr_empty_irqEv          ./arduino/HardwareSerial.o
                                                  ./arduino/HardwareSerial3.o
                                                  ./arduino/HardwareSerial2.o
                                                  ./arduino/HardwareSerial1.o
                                                  ./arduino/HardwareSerial0.o
_ZN14HardwareSerial17availableForWriteEv          ./arduino/HardwareSerial.o
_ZN14HardwareSerial3endEv                         ./arduino/HardwareSerial.o
_ZN14HardwareSerial4peekEv                        ./arduino/HardwareSerial.o
_ZN14HardwareSerial4readEv                        ./arduino/HardwareSerial.o
_ZN14HardwareSerial5beginEmh                      ./arduino/HardwareSerial.o
_ZN14HardwareSerial5flushEv                       ./arduino/HardwareSerial.o
_ZN14HardwareSerial5writeEh                       ./arduino/HardwareSerial.o
_ZN14HardwareSerial9availableEv                   ./arduino/HardwareSerial.o
                                                  ./arduino/HardwareSerial3.o
                                                  ./arduino/HardwareSerial2.o
                                                  ./arduino/HardwareSerial1.o
                                                  ./arduino/HardwareSerial0.o
_ZN5Print10printFloatEdh                          ./arduino/Print.o
_ZN5Print11printNumberEmh                         ./arduino/Print.o
_ZN5Print17availableForWriteEv                    ./arduino/HardwareSerial0.o
                                                  ./arduino/Print.o
                                                  ./arduino/HardwareSerial3.o
                                                  ./arduino/HardwareSerial2.o
                                                  ./arduino/HardwareSerial1.o
_ZN5Print5flushEv                                 ./arduino/HardwareSerial0.o
                                                  ./arduino/Print.o
                                                  ./arduino/HardwareSerial3.o
                                                  ./arduino/HardwareSerial2.o
                                                  ./arduino/HardwareSerial1.o
_ZN5Print5printEPK19__FlashStringHelper           ./arduino/Print.o
_ZN5Print5printEPKc                               ./arduino/Print.o
_ZN5Print5printERK6String                         ./arduino/Print.o
_ZN5Print5printERK9Printable                      ./arduino/Print.o
_ZN5Print5printEc                                 ./arduino/Print.o
                                                  ./arduino/IPAddress.o
_ZN5Print5printEdi                                ./arduino/Print.o
_ZN5Print5printEhi                                ./arduino/Print.o
                                                  ./arduino/IPAddress.o
_ZN5Print5printEii                                ./arduino/Print.o
_ZN5Print5printEji                                ./arduino/Print.o
_ZN5Print5printEli                                ./arduino/Print.o
_ZN5Print5printEmi                                ./arduino/Print.o
_ZN5Print5writeEPKc                               ./arduino/Print.o
_ZN5Print5writeEPKhj                              ./arduino/Print.o
                                                  ./arduino/HardwareSerial.o
_ZN5Print7printlnEPK19__FlashStringHelper         ./arduino/Print.o
_ZN5Print7printlnEPKc                             ./arduino/Print.o
_ZN5Print7printlnERK6String                       ./arduino/Print.o
_ZN5Print7printlnERK9Printable                    ./arduino/Print.o
_ZN5Print7printlnEc                               ./arduino/Print.o
_ZN5Print7printlnEdi                              ./arduino/Print.o
_ZN5Print7printlnEhi                              ./arduino/Print.o
_ZN5Print7printlnEii                              ./arduino/Print.o
_ZN5Print7printlnEji                              ./arduino/Print.o
_ZN5Print7printlnEli                              ./arduino/Print.o
_ZN5Print7printlnEmi                              ./arduino/Print.o
_ZN5Print7printlnEv                               ./arduino/Print.o
_ZN6Stream10parseFloatE13LookaheadModec           ./arduino/Stream.o
_ZN6Stream10readStringEv                          ./arduino/Stream.o
_ZN6Stream10setTimeoutEm                          ./arduino/Stream.o
_ZN6Stream13peekNextDigitE13LookaheadModeb        ./arduino/Stream.o
_ZN6Stream14readBytesUntilEcPcj                   ./arduino/Stream.o
_ZN6Stream15readStringUntilEc                     ./arduino/Stream.o
_ZN6Stream4findEPc                                ./arduino/Stream.o
_ZN6Stream4findEPcj                               ./arduino/Stream.o
_ZN6Stream8parseIntE13LookaheadModec              ./arduino/Stream.o
_ZN6Stream9findMultiEPNS_11MultiTargetEi          ./arduino/Stream.o
_ZN6Stream9findUntilEPcS0_                        ./arduino/Stream.o
_ZN6Stream9findUntilEPcjS0_j                      ./arduino/Stream.o
_ZN6Stream9readBytesEPcj                          ./arduino/Stream.o
_ZN6Stream9timedPeekEv                            ./arduino/Stream.o
_ZN6Stream9timedReadEv                            ./arduino/Stream.o
_ZN6String10invalidateEv                          ./arduino/WString.o
_ZN6String11toLowerCaseEv                         ./arduino/WString.o
_ZN6String11toUpperCaseEv                         ./arduino/WString.o
_ZN6String12changeBufferEj                        ./arduino/WString.o
_ZN6String4copyEPK19__FlashStringHelperj          ./arduino/WString.o
_ZN6String4copyEPKcj                              ./arduino/WString.o
_ZN6String4trimEv                                 ./arduino/WString.o
_ZN6String6concatEPK19__FlashStringHelper         ./arduino/WString.o
_ZN6String6concatEPKc                             ./arduino/WString.o
_ZN6String6concatEPKcj                            ./arduino/WString.o
_ZN6String6concatERKS_                            ./arduino/WString.o
_ZN6String6concatEc                               ./arduino/WString.o
                                                  ./arduino/Stream.o
_ZN6String6concatEd                               ./arduino/WString.o
_ZN6String6concatEf                               ./arduino/WString.o
_ZN6String6concatEh                               ./arduino/WString.o
_ZN6String6concatEi                               ./arduino/WString.o
_ZN6String6concatEj                               ./arduino/WString.o
_ZN6String6concatEl                               ./arduino/WString.o
_ZN6String6concatEm                               ./arduino/WString.o
_ZN6String6removeEj                               ./arduino/WString.o
_ZN6String6removeEjj                              ./arduino/WString.o
_ZN6String7replaceERKS_S1_                        ./arduino/WString.o
_ZN6String7replaceEcc                             ./arduino/WString.o
_ZN6String7reserveEj                              ./arduino/WString.o
_ZN6String9setCharAtEjc                           ./arduino/WString.o
_ZN6StringC1EPK19__FlashStringHelper              ./arduino/WString.o
_ZN6StringC1EPKc                                  ./arduino/WString.o
                                                  ./arduino/Stream.o
_ZN6StringC1ERKS_                                 ./arduino/WString.o
_ZN6StringC1Ec                                    ./arduino/WString.o
_ZN6StringC1Edh                                   ./arduino/WString.o
_ZN6StringC1Efh                                   ./arduino/WString.o
_ZN6StringC1Ehh                                   ./arduino/WString.o
_ZN6StringC1Eih                                   ./arduino/WString.o
_ZN6StringC1Ejh                                   ./arduino/WString.o
_ZN6StringC1Elh                                   ./arduino/WString.o
_ZN6StringC1Emh                                   ./arduino/WString.o
_ZN6StringC2EPK19__FlashStringHelper              ./arduino/WString.o
_ZN6StringC2EPKc                                  ./arduino/WString.o
_ZN6StringC2ERKS_                                 ./arduino/WString.o
_ZN6StringC2Ec                                    ./arduino/WString.o
_ZN6StringC2Edh                                   ./arduino/WString.o
_ZN6StringC2Efh                                   ./arduino/WString.o
_ZN6StringC2Ehh                                   ./arduino/WString.o
_ZN6StringC2Eih                                   ./arduino/WString.o
_ZN6StringC2Ejh                                   ./arduino/WString.o
_ZN6StringC2Elh                                   ./arduino/WString.o
_ZN6StringC2Emh                                   ./arduino/WString.o
_ZN6StringD1Ev                                    ./arduino/WString.o
_ZN6StringD2Ev                                    ./arduino/WString.o
_ZN6StringaSEPK19__FlashStringHelper              ./arduino/WString.o
_ZN6StringaSEPKc                                  ./arduino/WString.o
_ZN6StringaSERKS_                                 ./arduino/WString.o
_ZN6StringixEj                                    ./arduino/WString.o
_ZN9IPAddress10fromStringEPKc                     ./arduino/IPAddress.o
_ZN9IPAddressC1EPKh                               ./arduino/IPAddress.o
_ZN9IPAddressC1Ehhhh                              ./arduino/IPAddress.o
_ZN9IPAddressC1Em                                 ./arduino/IPAddress.o
_ZN9IPAddressC1Ev                                 ./arduino/IPAddress.o
_ZN9IPAddressC2EPKh                               ./arduino/IPAddress.o
_ZN9IPAddressC2Ehhhh                              ./arduino/IPAddress.o
_ZN9IPAddressC2Em                                 ./arduino/IPAddress.o
_ZN9IPAddressC2Ev                                 ./arduino/IPAddress.o
_ZN9IPAddressaSEPKh                               ./arduino/IPAddress.o
_ZN9IPAddressaSEm                                 ./arduino/IPAddress.o
_ZNK6String10startsWithERKS_                      ./arduino/WString.o
_ZNK6String10startsWithERKS_j                     ./arduino/WString.o
_ZNK6String11lastIndexOfERKS_                     ./arduino/WString.o
_ZNK6String11lastIndexOfERKS_j                    ./arduino/WString.o
_ZNK6String11lastIndexOfEc                        ./arduino/WString.o
_ZNK6String11lastIndexOfEcj                       ./arduino/WString.o
_ZNK6String16equalsIgnoreCaseERKS_                ./arduino/WString.o
_ZNK6String5toIntEv                               ./arduino/WString.o
_ZNK6String6charAtEj                              ./arduino/WString.o
_ZNK6String6equalsEPKc                            ./arduino/WString.o
_ZNK6String6equalsERKS_                           ./arduino/WString.o
_ZNK6String7indexOfERKS_                          ./arduino/WString.o
_ZNK6String7indexOfERKS_j                         ./arduino/WString.o
_ZNK6String7indexOfEc                             ./arduino/WString.o
_ZNK6String7indexOfEcj                            ./arduino/WString.o
_ZNK6String7toFloatEv                             ./arduino/WString.o
_ZNK6String8endsWithERKS_                         ./arduino/WString.o
_ZNK6String8getBytesEPhjj                         ./arduino/WString.o
_ZNK6String8toDoubleEv                            ./arduino/WString.o
_ZNK6String9compareToERKS_                        ./arduino/WString.o
_ZNK6String9substringEjj                          ./arduino/WString.o
_ZNK6StringgeERKS_                                ./arduino/WString.o
_ZNK6StringgtERKS_                                ./arduino/WString.o
_ZNK6StringixEj                                   ./arduino/WString.o
_ZNK6StringleERKS_                                ./arduino/WString.o
_ZNK6StringltERKS_                                ./arduino/WString.o
_ZNK9IPAddress7printToER5Print                    ./arduino/IPAddress.o
_ZNK9IPAddresseqEPKh                              ./arduino/IPAddress.o
_ZTV14HardwareSerial                              ./arduino/HardwareSerial.o
                                                  ./arduino/HardwareSerial3.o
                                                  ./arduino/HardwareSerial2.o
                                                  ./arduino/HardwareSerial1.o
                                                  ./arduino/HardwareSerial0.o
_ZTV5Print                                        ./arduino/Print.o
_ZTV9IPAddress                                    ./arduino/IPAddress.o
_ZdaPv                                            ./arduino/new.o
_ZdlPv                                            ./arduino/new.o
_Znaj                                             ./arduino/new.o
_Znwj                                             ./arduino/new.o
_ZplRK15StringSumHelperPK19__FlashStringHelper    ./arduino/WString.o
_ZplRK15StringSumHelperPKc                        ./arduino/WString.o
_ZplRK15StringSumHelperRK6String                  ./arduino/WString.o
_ZplRK15StringSumHelperc                          ./arduino/WString.o
_ZplRK15StringSumHelperd                          ./arduino/WString.o
_ZplRK15StringSumHelperf                          ./arduino/WString.o
_ZplRK15StringSumHelperh                          ./arduino/WString.o
_ZplRK15StringSumHelperi                          ./arduino/WString.o
_ZplRK15StringSumHelperj                          ./arduino/WString.o
_ZplRK15StringSumHelperl                          ./arduino/WString.o
_ZplRK15StringSumHelperm                          ./arduino/WString.o
__FUSE_REGION_LENGTH__                            c:/program files (x86)/arduino/hardware/tools/avr/bin/../lib/gcc/avr/4.9.2/../../../../avr/lib/avr51/crtatmega1280.o
__addsf3                                          c:/program files (x86)/arduino/hardware/tools/avr/bin/../lib/gcc/avr/4.9.2/../../../../avr/lib/avr51\libm.a(addsf3.o)
                                                  ./arduino/Print.o
__addsf3x                                         c:/program files (x86)/arduino/hardware/tools/avr/bin/../lib/gcc/avr/4.9.2/../../../../avr/lib/avr51\libm.a(addsf3x.o)
                                                  c:/program files (x86)/arduino/hardware/tools/avr/bin/../lib/gcc/avr/4.9.2/../../../../avr/lib/avr51\libm.a(addsf3.o)
__bad_interrupt                                   c:/program files (x86)/arduino/hardware/tools/avr/bin/../lib/gcc/avr/4.9.2/../../../../avr/lib/avr51/crtatmega1280.o
__brkval                                          c:/program files (x86)/arduino/hardware/tools/avr/bin/../lib/gcc/avr/4.9.2/../../../../avr/lib/avr51\libc.a(malloc.o)
                                                  c:/program files (x86)/arduino/hardware/tools/avr/bin/../lib/gcc/avr/4.9.2/../../../../avr/lib/avr51\libc.a(realloc.o)
__bss_end                                         c:/program files (x86)/arduino/hardware/tools/avr/bin/../lib/gcc/avr/4.9.2/avr51\libgcc.a(_clear_bss.o)
__bss_start                                       c:/program files (x86)/arduino/hardware/tools/avr/bin/../lib/gcc/avr/4.9.2/avr51\libgcc.a(_clear_bss.o)
__cmpsf2                                          c:/program files (x86)/arduino/hardware/tools/avr/bin/../lib/gcc/avr/4.9.2/../../../../avr/lib/avr51\libm.a(cmpsf2.o)
__ctors_end                                       c:/program files (x86)/arduino/hardware/tools/avr/bin/../lib/gcc/avr/4.9.2/avr51\libgcc.a(_ctors.o)
__ctors_start                                     c:/program files (x86)/arduino/hardware/tools/avr/bin/../lib/gcc/avr/4.9.2/avr51\libgcc.a(_ctors.o)
__ctype_isfalse                                   c:/program files (x86)/arduino/hardware/tools/avr/bin/../lib/gcc/avr/4.9.2/../../../../avr/lib/avr51\libc.a(cty_isfalse.o)
                                                  c:/program files (x86)/arduino/hardware/tools/avr/bin/../lib/gcc/avr/4.9.2/../../../../avr/lib/avr51\libc.a(isspace.o)
__ctype_istrue                                    c:/program files (x86)/arduino/hardware/tools/avr/bin/../lib/gcc/avr/4.9.2/../../../../avr/lib/avr51\libc.a(cty_isfalse.o)
__cxa_deleted_virtual                             ./arduino/abi.o
__cxa_pure_virtual                                ./arduino/abi.o
                                                  ./arduino/Print.o
__data_end                                        c:/program files (x86)/arduino/hardware/tools/avr/bin/../lib/gcc/avr/4.9.2/avr51\libgcc.a(_copy_data.o)
__data_load_start                                 c:/program files (x86)/arduino/hardware/tools/avr/bin/../lib/gcc/avr/4.9.2/avr51\libgcc.a(_copy_data.o)
__data_start                                      c:/program files (x86)/arduino/hardware/tools/avr/bin/../lib/gcc/avr/4.9.2/avr51\libgcc.a(_copy_data.o)
__divmodsi4                                       c:/program files (x86)/arduino/hardware/tools/avr/bin/../lib/gcc/avr/4.9.2/avr51\libgcc.a(_divmodsi4.o)
                                                  c:/program files (x86)/arduino/hardware/tools/avr/bin/../lib/gcc/avr/4.9.2/../../../../avr/lib/avr51\libc.a(random.o)
                                                  ./arduino/WMath.o
__divsf3                                          c:/program files (x86)/arduino/hardware/tools/avr/bin/../lib/gcc/avr/4.9.2/../../../../avr/lib/avr51\libm.a(divsf3.o)
                                                  ./arduino/Print.o
__divsf3_pse                                      c:/program files (x86)/arduino/hardware/tools/avr/bin/../lib/gcc/avr/4.9.2/../../../../avr/lib/avr51\libm.a(divsf3x.o)
__divsf3x                                         c:/program files (x86)/arduino/hardware/tools/avr/bin/../lib/gcc/avr/4.9.2/../../../../avr/lib/avr51\libm.a(divsf3x.o)
                                                  c:/program files (x86)/arduino/hardware/tools/avr/bin/../lib/gcc/avr/4.9.2/../../../../avr/lib/avr51\libm.a(divsf3.o)
__do_clear_bss                                    c:/program files (x86)/arduino/hardware/tools/avr/bin/../lib/gcc/avr/4.9.2/avr51\libgcc.a(_clear_bss.o)
                                                  c:/program files (x86)/arduino/hardware/tools/avr/bin/../lib/gcc/avr/4.9.2/../../../../avr/lib/avr51\libc.a(errno.o)
                                                  c:/program files (x86)/arduino/hardware/tools/avr/bin/../lib/gcc/avr/4.9.2/../../../../avr/lib/avr51\libc.a(malloc.o)
                                                  C:/Users/avidr/Google Drive/Workspace/Git Repository/JustDanceStudent-Project/JustDance/ArduinoMEGA/eclipse/freeRTOS/Release/libfreeRTOS.a(heap_2.o)
                                                  C:/Users/avidr/Google Drive/Workspace/Git Repository/JustDanceStudent-Project/JustDance/ArduinoMEGA/eclipse/freeRTOS/Release/libfreeRTOS.a(tasks.o)
                                                  ./arduino/wiring.o
                                                  ./arduino/WString.o
                                                  ./arduino/Tone.o
                                                  ./arduino/IPAddress.o
                                                  ./arduino/HardwareSerial3.o
                                                  ./arduino/HardwareSerial2.o
                                                  ./arduino/HardwareSerial1.o
                                                  ./arduino/HardwareSerial0.o
__do_copy_data                                    c:/program files (x86)/arduino/hardware/tools/avr/bin/../lib/gcc/avr/4.9.2/avr51\libgcc.a(_copy_data.o)
                                                  c:/program files (x86)/arduino/hardware/tools/avr/bin/../lib/gcc/avr/4.9.2/../../../../avr/lib/avr51\libc.a(random.o)
                                                  c:/program files (x86)/arduino/hardware/tools/avr/bin/../lib/gcc/avr/4.9.2/../../../../avr/lib/avr51\libc.a(malloc.o)
                                                  C:/Users/avidr/Google Drive/Workspace/Git Repository/JustDanceStudent-Project/JustDance/ArduinoMEGA/eclipse/freeRTOS/Release/libfreeRTOS.a(heap_2.o)
                                                  C:/Users/avidr/Google Drive/Workspace/Git Repository/JustDanceStudent-Project/JustDance/ArduinoMEGA/eclipse/freeRTOS/Release/libfreeRTOS.a(tasks.o)
                                                  ./test.o
                                                  ./arduino/wiring_analog.o
                                                  ./arduino/WString.o
                                                  ./arduino/WInterrupts.o
                                                  ./arduino/Tone.o
                                                  ./arduino/Stream.o
                                                  ./arduino/Print.o
                                                  ./arduino/IPAddress.o
                                                  ./arduino/HardwareSerial.o
__do_global_ctors                                 c:/program files (x86)/arduino/hardware/tools/avr/bin/../lib/gcc/avr/4.9.2/avr51\libgcc.a(_ctors.o)
                                                  ./arduino/IPAddress.o
                                                  ./arduino/HardwareSerial3.o
                                                  ./arduino/HardwareSerial2.o
                                                  ./arduino/HardwareSerial1.o
                                                  ./arduino/HardwareSerial0.o
__eqsf2                                           c:/program files (x86)/arduino/hardware/tools/avr/bin/../lib/gcc/avr/4.9.2/../../../../avr/lib/avr51\libm.a(cmpsf2.o)
                                                  c:/program files (x86)/arduino/hardware/tools/avr/bin/../lib/gcc/avr/4.9.2/../../../../avr/lib/avr51\libc.a(strtod.o)
__fixunssfsi                                      c:/program files (x86)/arduino/hardware/tools/avr/bin/../lib/gcc/avr/4.9.2/../../../../avr/lib/avr51\libm.a(fixunssfsi.o)
                                                  ./arduino/Print.o
__floatsisf                                       c:/program files (x86)/arduino/hardware/tools/avr/bin/../lib/gcc/avr/4.9.2/../../../../avr/lib/avr51\libm.a(floatsisf.o)
                                                  ./arduino/Stream.o
__floatunsisf                                     c:/program files (x86)/arduino/hardware/tools/avr/bin/../lib/gcc/avr/4.9.2/../../../../avr/lib/avr51\libm.a(floatsisf.o)
                                                  c:/program files (x86)/arduino/hardware/tools/avr/bin/../lib/gcc/avr/4.9.2/../../../../avr/lib/avr51\libc.a(strtod.o)
                                                  ./arduino/Print.o
__flp                                             c:/program files (x86)/arduino/hardware/tools/avr/bin/../lib/gcc/avr/4.9.2/../../../../avr/lib/avr51\libc.a(malloc.o)
                                                  c:/program files (x86)/arduino/hardware/tools/avr/bin/../lib/gcc/avr/4.9.2/../../../../avr/lib/avr51\libc.a(realloc.o)
__fp_cmp                                          c:/program files (x86)/arduino/hardware/tools/avr/bin/../lib/gcc/avr/4.9.2/../../../../avr/lib/avr51\libm.a(fp_cmp.o)
                                                  c:/program files (x86)/arduino/hardware/tools/avr/bin/../lib/gcc/avr/4.9.2/../../../../avr/lib/avr51\libm.a(unordsf2.o)
                                                  c:/program files (x86)/arduino/hardware/tools/avr/bin/../lib/gcc/avr/4.9.2/../../../../avr/lib/avr51\libm.a(gesf2.o)
                                                  c:/program files (x86)/arduino/hardware/tools/avr/bin/../lib/gcc/avr/4.9.2/../../../../avr/lib/avr51\libm.a(cmpsf2.o)
__fp_inf                                          c:/program files (x86)/arduino/hardware/tools/avr/bin/../lib/gcc/avr/4.9.2/../../../../avr/lib/avr51\libm.a(fp_inf.o)
                                                  c:/program files (x86)/arduino/hardware/tools/avr/bin/../lib/gcc/avr/4.9.2/../../../../avr/lib/avr51\libm.a(mulsf3x.o)
                                                  c:/program files (x86)/arduino/hardware/tools/avr/bin/../lib/gcc/avr/4.9.2/../../../../avr/lib/avr51\libm.a(divsf3x.o)
                                                  c:/program files (x86)/arduino/hardware/tools/avr/bin/../lib/gcc/avr/4.9.2/../../../../avr/lib/avr51\libm.a(addsf3x.o)
__fp_nan                                          c:/program files (x86)/arduino/hardware/tools/avr/bin/../lib/gcc/avr/4.9.2/../../../../avr/lib/avr51\libm.a(fp_nan.o)
                                                  c:/program files (x86)/arduino/hardware/tools/avr/bin/../lib/gcc/avr/4.9.2/../../../../avr/lib/avr51\libm.a(mulsf3x.o)
                                                  c:/program files (x86)/arduino/hardware/tools/avr/bin/../lib/gcc/avr/4.9.2/../../../../avr/lib/avr51\libm.a(divsf3x.o)
                                                  c:/program files (x86)/arduino/hardware/tools/avr/bin/../lib/gcc/avr/4.9.2/../../../../avr/lib/avr51\libm.a(addsf3x.o)
__fp_pscA                                         c:/program files (x86)/arduino/hardware/tools/avr/bin/../lib/gcc/avr/4.9.2/../../../../avr/lib/avr51\libm.a(fp_pscA.o)
                                                  c:/program files (x86)/arduino/hardware/tools/avr/bin/../lib/gcc/avr/4.9.2/../../../../avr/lib/avr51\libm.a(mulsf3x.o)
                                                  c:/program files (x86)/arduino/hardware/tools/avr/bin/../lib/gcc/avr/4.9.2/../../../../avr/lib/avr51\libm.a(divsf3x.o)
                                                  c:/program files (x86)/arduino/hardware/tools/avr/bin/../lib/gcc/avr/4.9.2/../../../../avr/lib/avr51\libm.a(addsf3x.o)
__fp_pscB                                         c:/program files (x86)/arduino/hardware/tools/avr/bin/../lib/gcc/avr/4.9.2/../../../../avr/lib/avr51\libm.a(fp_pscB.o)
                                                  c:/program files (x86)/arduino/hardware/tools/avr/bin/../lib/gcc/avr/4.9.2/../../../../avr/lib/avr51\libm.a(mulsf3x.o)
                                                  c:/program files (x86)/arduino/hardware/tools/avr/bin/../lib/gcc/avr/4.9.2/../../../../avr/lib/avr51\libm.a(divsf3x.o)
                                                  c:/program files (x86)/arduino/hardware/tools/avr/bin/../lib/gcc/avr/4.9.2/../../../../avr/lib/avr51\libm.a(addsf3x.o)
__fp_round                                        c:/program files (x86)/arduino/hardware/tools/avr/bin/../lib/gcc/avr/4.9.2/../../../../avr/lib/avr51\libm.a(fp_round.o)
                                                  c:/program files (x86)/arduino/hardware/tools/avr/bin/../lib/gcc/avr/4.9.2/../../../../avr/lib/avr51\libm.a(mulsf3.o)
                                                  c:/program files (x86)/arduino/hardware/tools/avr/bin/../lib/gcc/avr/4.9.2/../../../../avr/lib/avr51\libm.a(divsf3.o)
                                                  c:/program files (x86)/arduino/hardware/tools/avr/bin/../lib/gcc/avr/4.9.2/../../../../avr/lib/avr51\libm.a(addsf3.o)
__fp_split3                                       c:/program files (x86)/arduino/hardware/tools/avr/bin/../lib/gcc/avr/4.9.2/../../../../avr/lib/avr51\libm.a(fp_split3.o)
                                                  c:/program files (x86)/arduino/hardware/tools/avr/bin/../lib/gcc/avr/4.9.2/../../../../avr/lib/avr51\libm.a(mulsf3x.o)
                                                  c:/program files (x86)/arduino/hardware/tools/avr/bin/../lib/gcc/avr/4.9.2/../../../../avr/lib/avr51\libm.a(divsf3x.o)
                                                  c:/program files (x86)/arduino/hardware/tools/avr/bin/../lib/gcc/avr/4.9.2/../../../../avr/lib/avr51\libm.a(addsf3x.o)
__fp_splitA                                       c:/program files (x86)/arduino/hardware/tools/avr/bin/../lib/gcc/avr/4.9.2/../../../../avr/lib/avr51\libm.a(fp_split3.o)
                                                  c:/program files (x86)/arduino/hardware/tools/avr/bin/../lib/gcc/avr/4.9.2/../../../../avr/lib/avr51\libm.a(fixunssfsi.o)
__fp_szero                                        c:/program files (x86)/arduino/hardware/tools/avr/bin/../lib/gcc/avr/4.9.2/../../../../avr/lib/avr51\libm.a(fp_zero.o)
                                                  c:/program files (x86)/arduino/hardware/tools/avr/bin/../lib/gcc/avr/4.9.2/../../../../avr/lib/avr51\libm.a(mulsf3x.o)
                                                  c:/program files (x86)/arduino/hardware/tools/avr/bin/../lib/gcc/avr/4.9.2/../../../../avr/lib/avr51\libm.a(divsf3x.o)
__fp_zero                                         c:/program files (x86)/arduino/hardware/tools/avr/bin/../lib/gcc/avr/4.9.2/../../../../avr/lib/avr51\libm.a(fp_zero.o)
                                                  c:/program files (x86)/arduino/hardware/tools/avr/bin/../lib/gcc/avr/4.9.2/../../../../avr/lib/avr51\libm.a(fixunssfsi.o)
                                                  c:/program files (x86)/arduino/hardware/tools/avr/bin/../lib/gcc/avr/4.9.2/../../../../avr/lib/avr51\libm.a(addsf3x.o)
__ftoa_engine                                     c:/program files (x86)/arduino/hardware/tools/avr/bin/../lib/gcc/avr/4.9.2/../../../../avr/lib/avr51\libc.a(ftoa_engine.o)
                                                  c:/program files (x86)/arduino/hardware/tools/avr/bin/../lib/gcc/avr/4.9.2/../../../../avr/lib/avr51\libc.a(dtoa_prf.o)
__gesf2                                           c:/program files (x86)/arduino/hardware/tools/avr/bin/../lib/gcc/avr/4.9.2/../../../../avr/lib/avr51\libm.a(gesf2.o)
__gtsf2                                           c:/program files (x86)/arduino/hardware/tools/avr/bin/../lib/gcc/avr/4.9.2/../../../../avr/lib/avr51\libm.a(gesf2.o)
                                                  ./arduino/Print.o
__heap_end                                        c:/program files (x86)/arduino/hardware/tools/avr/bin/../lib/gcc/avr/4.9.2/../../../../avr/lib/avr51/crtatmega1280.o
                                                  c:/program files (x86)/arduino/hardware/tools/avr/bin/../lib/gcc/avr/4.9.2/../../../../avr/lib/avr51\libc.a(malloc.o)
__heap_start                                      c:/program files (x86)/arduino/hardware/tools/avr/bin/../lib/gcc/avr/4.9.2/../../../../avr/lib/avr51\libc.a(malloc.o)
__init                                            c:/program files (x86)/arduino/hardware/tools/avr/bin/../lib/gcc/avr/4.9.2/../../../../avr/lib/avr51/crtatmega1280.o
__itoa                                            c:/program files (x86)/arduino/hardware/tools/avr/bin/../lib/gcc/avr/4.9.2/../../../../avr/lib/avr51\libc.a(itoa.o)
                                                  ./arduino/WString.o
__itoa_ncheck                                     c:/program files (x86)/arduino/hardware/tools/avr/bin/../lib/gcc/avr/4.9.2/../../../../avr/lib/avr51\libc.a(itoa_ncheck.o)
                                                  c:/program files (x86)/arduino/hardware/tools/avr/bin/../lib/gcc/avr/4.9.2/../../../../avr/lib/avr51\libc.a(itoa.o)
__lesf2                                           c:/program files (x86)/arduino/hardware/tools/avr/bin/../lib/gcc/avr/4.9.2/../../../../avr/lib/avr51\libm.a(cmpsf2.o)
                                                  ./arduino/Print.o
__ltoa                                            c:/program files (x86)/arduino/hardware/tools/avr/bin/../lib/gcc/avr/4.9.2/../../../../avr/lib/avr51\libc.a(ltoa.o)
                                                  ./arduino/WString.o
__ltoa_ncheck                                     c:/program files (x86)/arduino/hardware/tools/avr/bin/../lib/gcc/avr/4.9.2/../../../../avr/lib/avr51\libc.a(ltoa_ncheck.o)
                                                  c:/program files (x86)/arduino/hardware/tools/avr/bin/../lib/gcc/avr/4.9.2/../../../../avr/lib/avr51\libc.a(ltoa.o)
__ltsf2                                           c:/program files (x86)/arduino/hardware/tools/avr/bin/../lib/gcc/avr/4.9.2/../../../../avr/lib/avr51\libm.a(cmpsf2.o)
                                                  ./arduino/Print.o
__malloc_heap_end                                 c:/program files (x86)/arduino/hardware/tools/avr/bin/../lib/gcc/avr/4.9.2/../../../../avr/lib/avr51\libc.a(malloc.o)
                                                  c:/program files (x86)/arduino/hardware/tools/avr/bin/../lib/gcc/avr/4.9.2/../../../../avr/lib/avr51\libc.a(realloc.o)
__malloc_heap_start                               c:/program files (x86)/arduino/hardware/tools/avr/bin/../lib/gcc/avr/4.9.2/../../../../avr/lib/avr51\libc.a(malloc.o)
__malloc_margin                                   c:/program files (x86)/arduino/hardware/tools/avr/bin/../lib/gcc/avr/4.9.2/../../../../avr/lib/avr51\libc.a(malloc.o)
                                                  c:/program files (x86)/arduino/hardware/tools/avr/bin/../lib/gcc/avr/4.9.2/../../../../avr/lib/avr51\libc.a(realloc.o)
__mulohisi3                                       c:/program files (x86)/arduino/hardware/tools/avr/bin/../lib/gcc/avr/4.9.2/avr51\libgcc.a(_mulshisi3.o)
                                                  c:/program files (x86)/arduino/hardware/tools/avr/bin/../lib/gcc/avr/4.9.2/../../../../avr/lib/avr51\libc.a(random.o)
__mulsf3                                          c:/program files (x86)/arduino/hardware/tools/avr/bin/../lib/gcc/avr/4.9.2/../../../../avr/lib/avr51\libm.a(mulsf3.o)
                                                  c:/program files (x86)/arduino/hardware/tools/avr/bin/../lib/gcc/avr/4.9.2/../../../../avr/lib/avr51\libc.a(strtod.o)
                                                  ./arduino/Stream.o
                                                  ./arduino/Print.o
__mulsf3_pse                                      c:/program files (x86)/arduino/hardware/tools/avr/bin/../lib/gcc/avr/4.9.2/../../../../avr/lib/avr51\libm.a(mulsf3x.o)
__mulsf3x                                         c:/program files (x86)/arduino/hardware/tools/avr/bin/../lib/gcc/avr/4.9.2/../../../../avr/lib/avr51\libm.a(mulsf3x.o)
                                                  c:/program files (x86)/arduino/hardware/tools/avr/bin/../lib/gcc/avr/4.9.2/../../../../avr/lib/avr51\libm.a(mulsf3.o)
__mulshisi3                                       c:/program files (x86)/arduino/hardware/tools/avr/bin/../lib/gcc/avr/4.9.2/avr51\libgcc.a(_mulshisi3.o)
__mulsi3                                          c:/program files (x86)/arduino/hardware/tools/avr/bin/../lib/gcc/avr/4.9.2/avr51\libgcc.a(_mulsi3.o)
                                                  ./arduino/WMath.o
__mulsi_const_10                                  c:/program files (x86)/arduino/hardware/tools/avr/bin/../lib/gcc/avr/4.9.2/../../../../avr/lib/avr51\libc.a(mulsi10.o)
                                                  c:/program files (x86)/arduino/hardware/tools/avr/bin/../lib/gcc/avr/4.9.2/../../../../avr/lib/avr51\libc.a(atol.o)
__muluhisi3                                       c:/program files (x86)/arduino/hardware/tools/avr/bin/../lib/gcc/avr/4.9.2/avr51\libgcc.a(_muluhisi3.o)
                                                  c:/program files (x86)/arduino/hardware/tools/avr/bin/../lib/gcc/avr/4.9.2/avr51\libgcc.a(_mulshisi3.o)
                                                  c:/program files (x86)/arduino/hardware/tools/avr/bin/../lib/gcc/avr/4.9.2/../../../../avr/lib/avr51\libc.a(strtod.o)
                                                  c:/program files (x86)/arduino/hardware/tools/avr/bin/../lib/gcc/avr/4.9.2/../../../../avr/lib/avr51\libc.a(random.o)
                                                  c:/program files (x86)/arduino/hardware/tools/avr/bin/../lib/gcc/avr/4.9.2/avr51\libgcc.a(_mulsi3.o)
                                                  ./arduino/Tone.o
                                                  ./arduino/Stream.o
__negsi2                                          c:/program files (x86)/arduino/hardware/tools/avr/bin/../lib/gcc/avr/4.9.2/avr51\libgcc.a(_negsi2.o)
                                                  c:/program files (x86)/arduino/hardware/tools/avr/bin/../lib/gcc/avr/4.9.2/avr51\libgcc.a(_divmodsi4.o)
__nesf2                                           c:/program files (x86)/arduino/hardware/tools/avr/bin/../lib/gcc/avr/4.9.2/../../../../avr/lib/avr51\libm.a(cmpsf2.o)
                                                  c:/program files (x86)/arduino/hardware/tools/avr/bin/../lib/gcc/avr/4.9.2/../../../../avr/lib/avr51\libc.a(strtod.o)
__stack                                           c:/program files (x86)/arduino/hardware/tools/avr/bin/../lib/gcc/avr/4.9.2/../../../../avr/lib/avr51/crtatmega1280.o
__strlen_P                                        c:/program files (x86)/arduino/hardware/tools/avr/bin/../lib/gcc/avr/4.9.2/../../../../avr/lib/avr51\libc.a(strlen_P.o)
                                                  ./arduino/WString.o
__subsf3                                          c:/program files (x86)/arduino/hardware/tools/avr/bin/../lib/gcc/avr/4.9.2/../../../../avr/lib/avr51\libm.a(addsf3.o)
                                                  ./arduino/Print.o
__tablejump2__                                    c:/program files (x86)/arduino/hardware/tools/avr/bin/../lib/gcc/avr/4.9.2/avr51\libgcc.a(_tablejump2.o)
                                                  c:/program files (x86)/arduino/hardware/tools/avr/bin/../lib/gcc/avr/4.9.2/avr51\libgcc.a(_ctors.o)
                                                  ./arduino/wiring_digital.o
                                                  ./arduino/wiring_analog.o
                                                  ./arduino/WInterrupts.o
__udivmodsi4                                      c:/program files (x86)/arduino/hardware/tools/avr/bin/../lib/gcc/avr/4.9.2/avr51\libgcc.a(_udivmodsi4.o)
                                                  c:/program files (x86)/arduino/hardware/tools/avr/bin/../lib/gcc/avr/4.9.2/avr51\libgcc.a(_divmodsi4.o)
                                                  ./arduino/Tone.o
                                                  ./arduino/Print.o
                                                  ./arduino/HardwareSerial.o
__ultoa                                           c:/program files (x86)/arduino/hardware/tools/avr/bin/../lib/gcc/avr/4.9.2/../../../../avr/lib/avr51\libc.a(ultoa.o)
                                                  ./arduino/WString.o
__ultoa_common                                    c:/program files (x86)/arduino/hardware/tools/avr/bin/../lib/gcc/avr/4.9.2/../../../../avr/lib/avr51\libc.a(ultoa_ncheck.o)
                                                  c:/program files (x86)/arduino/hardware/tools/avr/bin/../lib/gcc/avr/4.9.2/../../../../avr/lib/avr51\libc.a(ltoa_ncheck.o)
__ultoa_ncheck                                    c:/program files (x86)/arduino/hardware/tools/avr/bin/../lib/gcc/avr/4.9.2/../../../../avr/lib/avr51\libc.a(ultoa_ncheck.o)
                                                  c:/program files (x86)/arduino/hardware/tools/avr/bin/../lib/gcc/avr/4.9.2/../../../../avr/lib/avr51\libc.a(ultoa.o)
__umulhisi3                                       c:/program files (x86)/arduino/hardware/tools/avr/bin/../lib/gcc/avr/4.9.2/avr51\libgcc.a(_umulhisi3.o)
                                                  c:/program files (x86)/arduino/hardware/tools/avr/bin/../lib/gcc/avr/4.9.2/avr51\libgcc.a(_muluhisi3.o)
__unordsf2                                        c:/program files (x86)/arduino/hardware/tools/avr/bin/../lib/gcc/avr/4.9.2/../../../../avr/lib/avr51\libm.a(unordsf2.o)
                                                  ./arduino/Print.o
__utoa                                            c:/program files (x86)/arduino/hardware/tools/avr/bin/../lib/gcc/avr/4.9.2/../../../../avr/lib/avr51\libc.a(utoa.o)
                                                  ./arduino/WString.o
__utoa_common                                     c:/program files (x86)/arduino/hardware/tools/avr/bin/../lib/gcc/avr/4.9.2/../../../../avr/lib/avr51\libc.a(utoa_ncheck.o)
                                                  c:/program files (x86)/arduino/hardware/tools/avr/bin/../lib/gcc/avr/4.9.2/../../../../avr/lib/avr51\libc.a(itoa_ncheck.o)
__utoa_ncheck                                     c:/program files (x86)/arduino/hardware/tools/avr/bin/../lib/gcc/avr/4.9.2/../../../../avr/lib/avr51\libc.a(utoa_ncheck.o)
                                                  c:/program files (x86)/arduino/hardware/tools/avr/bin/../lib/gcc/avr/4.9.2/../../../../avr/lib/avr51\libc.a(utoa.o)
__vector_1                                        ./arduino/WInterrupts.o
                                                  c:/program files (x86)/arduino/hardware/tools/avr/bin/../lib/gcc/avr/4.9.2/../../../../avr/lib/avr51/crtatmega1280.o
__vector_10                                       c:/program files (x86)/arduino/hardware/tools/avr/bin/../lib/gcc/avr/4.9.2/../../../../avr/lib/avr51/crtatmega1280.o
__vector_11                                       C:/Users/avidr/Google Drive/Workspace/Git Repository/JustDanceStudent-Project/JustDance/ArduinoMEGA/eclipse/freeRTOS/Release/libfreeRTOS.a(port.o)
                                                  c:/program files (x86)/arduino/hardware/tools/avr/bin/../lib/gcc/avr/4.9.2/../../../../avr/lib/avr51/crtatmega1280.o
__vector_12                                       c:/program files (x86)/arduino/hardware/tools/avr/bin/../lib/gcc/avr/4.9.2/../../../../avr/lib/avr51/crtatmega1280.o
__vector_13                                       ./arduino/Tone.o
                                                  c:/program files (x86)/arduino/hardware/tools/avr/bin/../lib/gcc/avr/4.9.2/../../../../avr/lib/avr51/crtatmega1280.o
__vector_14                                       c:/program files (x86)/arduino/hardware/tools/avr/bin/../lib/gcc/avr/4.9.2/../../../../avr/lib/avr51/crtatmega1280.o
__vector_15                                       c:/program files (x86)/arduino/hardware/tools/avr/bin/../lib/gcc/avr/4.9.2/../../../../avr/lib/avr51/crtatmega1280.o
__vector_16                                       c:/program files (x86)/arduino/hardware/tools/avr/bin/../lib/gcc/avr/4.9.2/../../../../avr/lib/avr51/crtatmega1280.o
__vector_17                                       c:/program files (x86)/arduino/hardware/tools/avr/bin/../lib/gcc/avr/4.9.2/../../../../avr/lib/avr51/crtatmega1280.o
__vector_18                                       c:/program files (x86)/arduino/hardware/tools/avr/bin/../lib/gcc/avr/4.9.2/../../../../avr/lib/avr51/crtatmega1280.o
__vector_19                                       c:/program files (x86)/arduino/hardware/tools/avr/bin/../lib/gcc/avr/4.9.2/../../../../avr/lib/avr51/crtatmega1280.o
__vector_2                                        ./arduino/WInterrupts.o
                                                  c:/program files (x86)/arduino/hardware/tools/avr/bin/../lib/gcc/avr/4.9.2/../../../../avr/lib/avr51/crtatmega1280.o
__vector_20                                       c:/program files (x86)/arduino/hardware/tools/avr/bin/../lib/gcc/avr/4.9.2/../../../../avr/lib/avr51/crtatmega1280.o
__vector_21                                       c:/program files (x86)/arduino/hardware/tools/avr/bin/../lib/gcc/avr/4.9.2/../../../../avr/lib/avr51/crtatmega1280.o
__vector_22                                       c:/program files (x86)/arduino/hardware/tools/avr/bin/../lib/gcc/avr/4.9.2/../../../../avr/lib/avr51/crtatmega1280.o
__vector_23                                       ./arduino/wiring.o
                                                  c:/program files (x86)/arduino/hardware/tools/avr/bin/../lib/gcc/avr/4.9.2/../../../../avr/lib/avr51/crtatmega1280.o
__vector_24                                       c:/program files (x86)/arduino/hardware/tools/avr/bin/../lib/gcc/avr/4.9.2/../../../../avr/lib/avr51/crtatmega1280.o
__vector_25                                       ./arduino/HardwareSerial0.o
                                                  c:/program files (x86)/arduino/hardware/tools/avr/bin/../lib/gcc/avr/4.9.2/../../../../avr/lib/avr51/crtatmega1280.o
__vector_26                                       ./arduino/HardwareSerial0.o
                                                  c:/program files (x86)/arduino/hardware/tools/avr/bin/../lib/gcc/avr/4.9.2/../../../../avr/lib/avr51/crtatmega1280.o
__vector_27                                       c:/program files (x86)/arduino/hardware/tools/avr/bin/../lib/gcc/avr/4.9.2/../../../../avr/lib/avr51/crtatmega1280.o
__vector_28                                       c:/program files (x86)/arduino/hardware/tools/avr/bin/../lib/gcc/avr/4.9.2/../../../../avr/lib/avr51/crtatmega1280.o
__vector_29                                       c:/program files (x86)/arduino/hardware/tools/avr/bin/../lib/gcc/avr/4.9.2/../../../../avr/lib/avr51/crtatmega1280.o
__vector_3                                        ./arduino/WInterrupts.o
                                                  c:/program files (x86)/arduino/hardware/tools/avr/bin/../lib/gcc/avr/4.9.2/../../../../avr/lib/avr51/crtatmega1280.o
__vector_30                                       c:/program files (x86)/arduino/hardware/tools/avr/bin/../lib/gcc/avr/4.9.2/../../../../avr/lib/avr51/crtatmega1280.o
__vector_31                                       c:/program files (x86)/arduino/hardware/tools/avr/bin/../lib/gcc/avr/4.9.2/../../../../avr/lib/avr51/crtatmega1280.o
__vector_32                                       c:/program files (x86)/arduino/hardware/tools/avr/bin/../lib/gcc/avr/4.9.2/../../../../avr/lib/avr51/crtatmega1280.o
__vector_33                                       c:/program files (x86)/arduino/hardware/tools/avr/bin/../lib/gcc/avr/4.9.2/../../../../avr/lib/avr51/crtatmega1280.o
__vector_34                                       c:/program files (x86)/arduino/hardware/tools/avr/bin/../lib/gcc/avr/4.9.2/../../../../avr/lib/avr51/crtatmega1280.o
__vector_35                                       c:/program files (x86)/arduino/hardware/tools/avr/bin/../lib/gcc/avr/4.9.2/../../../../avr/lib/avr51/crtatmega1280.o
__vector_36                                       ./arduino/HardwareSerial1.o
                                                  c:/program files (x86)/arduino/hardware/tools/avr/bin/../lib/gcc/avr/4.9.2/../../../../avr/lib/avr51/crtatmega1280.o
__vector_37                                       ./arduino/HardwareSerial1.o
                                                  c:/program files (x86)/arduino/hardware/tools/avr/bin/../lib/gcc/avr/4.9.2/../../../../avr/lib/avr51/crtatmega1280.o
__vector_38                                       c:/program files (x86)/arduino/hardware/tools/avr/bin/../lib/gcc/avr/4.9.2/../../../../avr/lib/avr51/crtatmega1280.o
__vector_39                                       c:/program files (x86)/arduino/hardware/tools/avr/bin/../lib/gcc/avr/4.9.2/../../../../avr/lib/avr51/crtatmega1280.o
__vector_4                                        ./arduino/WInterrupts.o
                                                  c:/program files (x86)/arduino/hardware/tools/avr/bin/../lib/gcc/avr/4.9.2/../../../../avr/lib/avr51/crtatmega1280.o
__vector_40                                       c:/program files (x86)/arduino/hardware/tools/avr/bin/../lib/gcc/avr/4.9.2/../../../../avr/lib/avr51/crtatmega1280.o
__vector_41                                       c:/program files (x86)/arduino/hardware/tools/avr/bin/../lib/gcc/avr/4.9.2/../../../../avr/lib/avr51/crtatmega1280.o
__vector_42                                       c:/program files (x86)/arduino/hardware/tools/avr/bin/../lib/gcc/avr/4.9.2/../../../../avr/lib/avr51/crtatmega1280.o
__vector_43                                       c:/program files (x86)/arduino/hardware/tools/avr/bin/../lib/gcc/avr/4.9.2/../../../../avr/lib/avr51/crtatmega1280.o
__vector_44                                       c:/program files (x86)/arduino/hardware/tools/avr/bin/../lib/gcc/avr/4.9.2/../../../../avr/lib/avr51/crtatmega1280.o
__vector_45                                       c:/program files (x86)/arduino/hardware/tools/avr/bin/../lib/gcc/avr/4.9.2/../../../../avr/lib/avr51/crtatmega1280.o
__vector_46                                       c:/program files (x86)/arduino/hardware/tools/avr/bin/../lib/gcc/avr/4.9.2/../../../../avr/lib/avr51/crtatmega1280.o
__vector_47                                       c:/program files (x86)/arduino/hardware/tools/avr/bin/../lib/gcc/avr/4.9.2/../../../../avr/lib/avr51/crtatmega1280.o
__vector_48                                       c:/program files (x86)/arduino/hardware/tools/avr/bin/../lib/gcc/avr/4.9.2/../../../../avr/lib/avr51/crtatmega1280.o
__vector_49                                       c:/program files (x86)/arduino/hardware/tools/avr/bin/../lib/gcc/avr/4.9.2/../../../../avr/lib/avr51/crtatmega1280.o
__vector_5                                        ./arduino/WInterrupts.o
                                                  c:/program files (x86)/arduino/hardware/tools/avr/bin/../lib/gcc/avr/4.9.2/../../../../avr/lib/avr51/crtatmega1280.o
__vector_50                                       c:/program files (x86)/arduino/hardware/tools/avr/bin/../lib/gcc/avr/4.9.2/../../../../avr/lib/avr51/crtatmega1280.o
__vector_51                                       ./arduino/HardwareSerial2.o
                                                  c:/program files (x86)/arduino/hardware/tools/avr/bin/../lib/gcc/avr/4.9.2/../../../../avr/lib/avr51/crtatmega1280.o
__vector_52                                       ./arduino/HardwareSerial2.o
                                                  c:/program files (x86)/arduino/hardware/tools/avr/bin/../lib/gcc/avr/4.9.2/../../../../avr/lib/avr51/crtatmega1280.o
__vector_53                                       c:/program files (x86)/arduino/hardware/tools/avr/bin/../lib/gcc/avr/4.9.2/../../../../avr/lib/avr51/crtatmega1280.o
__vector_54                                       ./arduino/HardwareSerial3.o
                                                  c:/program files (x86)/arduino/hardware/tools/avr/bin/../lib/gcc/avr/4.9.2/../../../../avr/lib/avr51/crtatmega1280.o
__vector_55                                       ./arduino/HardwareSerial3.o
                                                  c:/program files (x86)/arduino/hardware/tools/avr/bin/../lib/gcc/avr/4.9.2/../../../../avr/lib/avr51/crtatmega1280.o
__vector_56                                       c:/program files (x86)/arduino/hardware/tools/avr/bin/../lib/gcc/avr/4.9.2/../../../../avr/lib/avr51/crtatmega1280.o
__vector_6                                        ./arduino/WInterrupts.o
                                                  c:/program files (x86)/arduino/hardware/tools/avr/bin/../lib/gcc/avr/4.9.2/../../../../avr/lib/avr51/crtatmega1280.o
__vector_7                                        ./arduino/WInterrupts.o
                                                  c:/program files (x86)/arduino/hardware/tools/avr/bin/../lib/gcc/avr/4.9.2/../../../../avr/lib/avr51/crtatmega1280.o
__vector_8                                        ./arduino/WInterrupts.o
                                                  c:/program files (x86)/arduino/hardware/tools/avr/bin/../lib/gcc/avr/4.9.2/../../../../avr/lib/avr51/crtatmega1280.o
__vector_9                                        c:/program files (x86)/arduino/hardware/tools/avr/bin/../lib/gcc/avr/4.9.2/../../../../avr/lib/avr51/crtatmega1280.o
__vector_default                                  c:/program files (x86)/arduino/hardware/tools/avr/bin/../lib/gcc/avr/4.9.2/../../../../avr/lib/avr51/crtatmega1280.o
__vectors                                         c:/program files (x86)/arduino/hardware/tools/avr/bin/../lib/gcc/avr/4.9.2/../../../../avr/lib/avr51/crtatmega1280.o
_exit                                             c:/program files (x86)/arduino/hardware/tools/avr/bin/../lib/gcc/avr/4.9.2/avr51\libgcc.a(_exit.o)
                                                  c:/program files (x86)/arduino/hardware/tools/avr/bin/../lib/gcc/avr/4.9.2/../../../../avr/lib/avr51\libc.a(abort.o)
abort                                             c:/program files (x86)/arduino/hardware/tools/avr/bin/../lib/gcc/avr/4.9.2/../../../../avr/lib/avr51\libc.a(abort.o)
                                                  ./arduino/abi.o
analogRead                                        ./arduino/wiring_analog.o
analogReference                                   ./arduino/wiring_analog.o
analogWrite                                       ./arduino/wiring_analog.o
analog_reference                                  ./arduino/wiring_analog.o
atexit                                            ./arduino/main.o
atof                                              c:/program files (x86)/arduino/hardware/tools/avr/bin/../lib/gcc/avr/4.9.2/../../../../avr/lib/avr51\libc.a(atof.o)
                                                  ./arduino/WString.o
atol                                              c:/program files (x86)/arduino/hardware/tools/avr/bin/../lib/gcc/avr/4.9.2/../../../../avr/lib/avr51\libc.a(atol.o)
                                                  ./arduino/WString.o
attachInterrupt                                   ./arduino/WInterrupts.o
countPulseASM                                     ./arduino/wiring_pulse.o
delay                                             ./arduino/wiring.o
                                                  ./test.o
delayMicroseconds                                 ./arduino/wiring.o
detachInterrupt                                   ./arduino/WInterrupts.o
digitalRead                                       ./arduino/wiring_digital.o
                                                  ./arduino/wiring_shift.o
digitalWrite                                      ./arduino/wiring_digital.o
                                                  ./test.o
                                                  ./arduino/wiring_shift.o
                                                  ./arduino/wiring_analog.o
                                                  ./arduino/Tone.o
digital_pin_to_bit_mask_PGM                       ./arduino/wiring_digital.o
                                                  ./arduino/wiring_pulse.o
                                                  ./arduino/Tone.o
digital_pin_to_port_PGM                           ./arduino/wiring_digital.o
                                                  ./arduino/wiring_pulse.o
                                                  ./arduino/Tone.o
digital_pin_to_timer_PGM                          ./arduino/wiring_digital.o
                                                  ./arduino/wiring_analog.o
dtoa_prf                                          c:/program files (x86)/arduino/hardware/tools/avr/bin/../lib/gcc/avr/4.9.2/../../../../avr/lib/avr51\libc.a(dtoa_prf.o)
                                                  c:/program files (x86)/arduino/hardware/tools/avr/bin/../lib/gcc/avr/4.9.2/../../../../avr/lib/avr51\libc.a(dtostrf.o)
dtostrf                                           c:/program files (x86)/arduino/hardware/tools/avr/bin/../lib/gcc/avr/4.9.2/../../../../avr/lib/avr51\libc.a(dtostrf.o)
                                                  ./arduino/WString.o
errno                                             c:/program files (x86)/arduino/hardware/tools/avr/bin/../lib/gcc/avr/4.9.2/../../../../avr/lib/avr51\libc.a(errno.o)
                                                  c:/program files (x86)/arduino/hardware/tools/avr/bin/../lib/gcc/avr/4.9.2/../../../../avr/lib/avr51\libc.a(strtod.o)
exit                                              c:/program files (x86)/arduino/hardware/tools/avr/bin/../lib/gcc/avr/4.9.2/avr51\libgcc.a(_exit.o)
                                                  c:/program files (x86)/arduino/hardware/tools/avr/bin/../lib/gcc/avr/4.9.2/../../../../avr/lib/avr51/crtatmega1280.o
free                                              c:/program files (x86)/arduino/hardware/tools/avr/bin/../lib/gcc/avr/4.9.2/../../../../avr/lib/avr51\libc.a(malloc.o)
                                                  c:/program files (x86)/arduino/hardware/tools/avr/bin/../lib/gcc/avr/4.9.2/../../../../avr/lib/avr51\libc.a(realloc.o)
                                                  ./arduino/new.o
                                                  ./arduino/WString.o
init                                              ./arduino/wiring.o
                                                  ./arduino/main.o
initVariant                                       ./arduino/main.o
isspace                                           c:/program files (x86)/arduino/hardware/tools/avr/bin/../lib/gcc/avr/4.9.2/../../../../avr/lib/avr51\libc.a(isspace.o)