Archive member included to satisfy reference by file (symbol)

C:/Users/avidr/Google Drive/Workspace/Git Repository/JustDanceStudent-Project/JustDance/ArduinoMEGA/eclipse/ArduinoMEGA_OS_Setup.zip_expanded/freeRTOS/Release/libfreeRTOS.a(tasks.o)
                              ./test.o (xTaskGenericCreate)
C:/Users/avidr/Google Drive/Workspace/Git Repository/JustDanceStudent-Project/JustDance/ArduinoMEGA/eclipse/ArduinoMEGA_OS_Setup.zip_expanded/freeRTOS/Release/libfreeRTOS.a(heap_2.o)
                              C:/Users/avidr/Google Drive/Workspace/Git Repository/JustDanceStudent-Project/JustDance/ArduinoMEGA/eclipse/ArduinoMEGA_OS_Setup.zip_expanded/freeRTOS/Release/libfreeRTOS.a(tasks.o) (vPortFree)
C:/Users/avidr/Google Drive/Workspace/Git Repository/JustDanceStudent-Project/JustDance/ArduinoMEGA/eclipse/ArduinoMEGA_OS_Setup.zip_expanded/freeRTOS/Release/libfreeRTOS.a(port.o)
                              C:/Users/avidr/Google Drive/Workspace/Git Repository/JustDanceStudent-Project/JustDance/ArduinoMEGA/eclipse/ArduinoMEGA_OS_Setup.zip_expanded/freeRTOS/Release/libfreeRTOS.a(tasks.o) (pxPortInitialiseStack)
C:/Users/avidr/Google Drive/Workspace/Git Repository/JustDanceStudent-Project/JustDance/ArduinoMEGA/eclipse/ArduinoMEGA_OS_Setup.zip_expanded/freeRTOS/Release/libfreeRTOS.a(list.o)
                              C:/Users/avidr/Google Drive/Workspace/Git Repository/JustDanceStudent-Project/JustDance/ArduinoMEGA/eclipse/ArduinoMEGA_OS_Setup.zip_expanded/freeRTOS/Release/libfreeRTOS.a(tasks.o) (vListInitialise)
c:/program files (x86)/arduino/hardware/tools/avr/bin/../lib/gcc/avr/4.9.2/avr51\libgcc.a(_mulsi3.o)
                              ./arduino/Stream.o (__mulsi3)
c:/program files (x86)/arduino/hardware/tools/avr/bin/../lib/gcc/avr/4.9.2/avr51\libgcc.a(_udivmodsi4.o)
                              ./arduino/HardwareSerial.o (__udivmodsi4)
c:/program files (x86)/arduino/hardware/tools/avr/bin/../lib/gcc/avr/4.9.2/avr51\libgcc.a(_divmodsi4.o)
                              ./arduino/WMath.o (__divmodsi4)
c:/program files (x86)/arduino/hardware/tools/avr/bin/../lib/gcc/avr/4.9.2/avr51\libgcc.a(_negsi2.o)
                              c:/program files (x86)/arduino/hardware/tools/avr/bin/../lib/gcc/avr/4.9.2/avr51\libgcc.a(_divmodsi4.o) (__negsi2)
c:/program files (x86)/arduino/hardware/tools/avr/bin/../lib/gcc/avr/4.9.2/avr51\libgcc.a(_exit.o)
                              c:/program files (x86)/arduino/hardware/tools/avr/bin/../lib/gcc/avr/4.9.2/../../../../avr/lib/avr51/crtatmega1280.o (exit)
c:/program files (x86)/arduino/hardware/tools/avr/bin/../lib/gcc/avr/4.9.2/avr51\libgcc.a(_copy_data.o)
                              ./arduino/HardwareSerial.o (__do_copy_data)
c:/program files (x86)/arduino/hardware/tools/avr/bin/../lib/gcc/avr/4.9.2/avr51\libgcc.a(_clear_bss.o)
                              ./arduino/HardwareSerial0.o (__do_clear_bss)
c:/program files (x86)/arduino/hardware/tools/avr/bin/../lib/gcc/avr/4.9.2/avr51\libgcc.a(_ctors.o)
                              ./arduino/HardwareSerial0.o (__do_global_ctors)
c:/program files (x86)/arduino/hardware/tools/avr/bin/../lib/gcc/avr/4.9.2/avr51\libgcc.a(_muluhisi3.o)
                              c:/program files (x86)/arduino/hardware/tools/avr/bin/../lib/gcc/avr/4.9.2/avr51\libgcc.a(_mulsi3.o) (__muluhisi3)
c:/program files (x86)/arduino/hardware/tools/avr/bin/../lib/gcc/avr/4.9.2/avr51\libgcc.a(_tablejump2.o)
                              c:/program files (x86)/arduino/hardware/tools/avr/bin/../lib/gcc/avr/4.9.2/avr51\libgcc.a(_ctors.o) (__tablejump2__)
c:/program files (x86)/arduino/hardware/tools/avr/bin/../lib/gcc/avr/4.9.2/avr51\libgcc.a(_umulhisi3.o)
                              c:/program files (x86)/arduino/hardware/tools/avr/bin/../lib/gcc/avr/4.9.2/avr51\libgcc.a(_muluhisi3.o) (__umulhisi3)
c:/program files (x86)/arduino/hardware/tools/avr/bin/../lib/gcc/avr/4.9.2/../../../../avr/lib/avr51\libm.a(addsf3.o)
                              ./arduino/Print.o (__subsf3)
c:/program files (x86)/arduino/hardware/tools/avr/bin/../lib/gcc/avr/4.9.2/../../../../avr/lib/avr51\libm.a(addsf3x.o)
                              c:/program files (x86)/arduino/hardware/tools/avr/bin/../lib/gcc/avr/4.9.2/../../../../avr/lib/avr51\libm.a(addsf3.o) (__addsf3x)
c:/program files (x86)/arduino/hardware/tools/avr/bin/../lib/gcc/avr/4.9.2/../../../../avr/lib/avr51\libm.a(cmpsf2.o)
                              ./arduino/Print.o (__ltsf2)
c:/program files (x86)/arduino/hardware/tools/avr/bin/../lib/gcc/avr/4.9.2/../../../../avr/lib/avr51\libm.a(divsf3.o)
                              ./arduino/Print.o (__divsf3)
c:/program files (x86)/arduino/hardware/tools/avr/bin/../lib/gcc/avr/4.9.2/../../../../avr/lib/avr51\libm.a(divsf3x.o)
                              c:/program files (x86)/arduino/hardware/tools/avr/bin/../lib/gcc/avr/4.9.2/../../../../avr/lib/avr51\libm.a(divsf3.o) (__divsf3x)
[...]
Memory Configuration

Name             Origin             Length             Attributes
text             0x00000000         0x00020000         xr
data             0x00800100         0x0000ff00         rw !x
eeprom           0x00810000         0x00010000         rw !x
fuse             0x00820000         0x00000003         rw !x
lock             0x00830000         0x00000400         rw !x
signature        0x00840000         0x00000400         rw !x
user_signatures  0x00850000         0x00000400         rw !x
*default*        0x00000000         0xffffffff

Linker script and memory map

Address of section .data set to 0x800200
LOAD c:/program files (x86)/arduino/hardware/tools/avr/bin/../lib/gcc/avr/4.9.2/../../../../avr/lib/avr51/crtatmega1280.o
LOAD ./arduino/CDC.o
LOAD ./arduino/HardwareSerial.o
LOAD ./arduino/HardwareSerial0.o
LOAD ./arduino/HardwareSerial1.o
LOAD ./arduino/HardwareSerial2.o
LOAD ./arduino/HardwareSerial3.o
LOAD ./arduino/IPAddress.o
LOAD ./arduino/PluggableUSB.o
LOAD ./arduino/Print.o
LOAD ./arduino/Stream.o
LOAD ./arduino/Tone.o
LOAD ./arduino/USBCore.o
LOAD ./arduino/WInterrupts.o
LOAD ./arduino/WMath.o
LOAD ./arduino/WString.o
LOAD ./arduino/abi.o
LOAD ./arduino/hooks.o
LOAD ./arduino/main.o
LOAD ./arduino/new.o
LOAD ./arduino/wiring.o
LOAD ./arduino/wiring_analog.o
LOAD ./arduino/wiring_digital.o
LOAD ./arduino/wiring_pulse.o
LOAD ./arduino/wiring_shift.o
LOAD ./test.o
LOAD C:/Users/avidr/Google Drive/Workspace/Git Repository/JustDanceStudent-Project/JustDance/ArduinoMEGA/eclipse/ArduinoMEGA_OS_Setup.zip_expanded/freeRTOS/Release/libfreeRTOS.a
LOAD c:/program files (x86)/arduino/hardware/tools/avr/bin/../lib/gcc/avr/4.9.2/avr51\libgcc.a
LOAD c:/program files (x86)/arduino/hardware/tools/avr/bin/../lib/gcc/avr/4.9.2/../../../../avr/lib/avr51\libm.a
START GROUP
LOAD c:/program files (x86)/arduino/hardware/tools/avr/bin/../lib/gcc/avr/4.9.2/avr51\libgcc.a
LOAD c:/program files (x86)/arduino/hardware/tools/avr/bin/../lib/gcc/avr/4.9.2/../../../../avr/lib/avr51\libm.a
LOAD c:/program files (x86)/arduino/hardware/tools/avr/bin/../lib/gcc/avr/4.9.2/../../../../avr/lib/avr51\libc.a
LOAD c:/program files (x86)/arduino/hardware/tools/avr/bin/../lib/gcc/avr/4.9.2/../../../../avr/lib/avr51\libatmega1280.a
END GROUP
                0x00020000                __TEXT_REGION_LENGTH__ = DEFINED (__TEXT_REGION_LENGTH__)?__TEXT_REGION_LENGTH__:0x20000
                0x0000ff00                __DATA_REGION_LENGTH__ = DEFINED (__DATA_REGION_LENGTH__)?__DATA_REGION_LENGTH__:0xff00
                0x00010000                __EEPROM_REGION_LENGTH__ = DEFINED (__EEPROM_REGION_LENGTH__)?__EEPROM_REGION_LENGTH__:0x10000
                [0x00000003]                __FUSE_REGION_LENGTH__ = DEFINED (__FUSE_REGION_LENGTH__)?__FUSE_REGION_LENGTH__:0x400
                0x00000400                __LOCK_REGION_LENGTH__ = DEFINED (__LOCK_REGION_LENGTH__)?__LOCK_REGION_LENGTH__:0x400
                0x00000400                __SIGNATURE_REGION_LENGTH__ = DEFINED (__SIGNATURE_REGION_LENGTH__)?__SIGNATURE_REGION_LENGTH__:0x400
                0x00000400                __USER_SIGNATURE_REGION_LENGTH__ = DEFINED (__USER_SIGNATURE_REGION_LENGTH__)?__USER_SIGNATURE_REGION_LENGTH__:0x400

.hash
 *(.hash)

.dynsym
 *(.dynsym)

.dynstr
 *(.dynstr)

.gnu.version
 *(.gnu.version)

.gnu.version_d
 *(.gnu.version_d)

.gnu.version_r
 *(.gnu.version_r)

.rel.init
 *(.rel.init)

.rela.init
 *(.rela.init)

.rel.text
 *(.rel.text)
 *(.rel.text.*)
 *(.rel.gnu.linkonce.t*)

.rela.text
 *(.rela.text)
 *(.rela.text.*)
 *(.rela.gnu.linkonce.t*)

.rel.fini
 *(.rel.fini)

.rela.fini
 *(.rela.fini)

.rel.rodata
 *(.rel.rodata)
 *(.rel.rodata.*)
 *(.rel.gnu.linkonce.r*)

.rela.rodata
 *(.rela.rodata)
 *(.rela.rodata.*)
 *(.rela.gnu.linkonce.r*)

.rel.data
 *(.rel.data)
 *(.rel.data.*)
 *(.rel.gnu.linkonce.d*)

.rela.data
 *(.rela.data)
 *(.rela.data.*)
 *(.rela.gnu.linkonce.d*)

.rel.ctors
 *(.rel.ctors)

.rela.ctors
 *(.rela.ctors)

.rel.dtors
 *(.rel.dtors)

.rela.dtors
 *(.rela.dtors)

.rel.got
 *(.rel.got)

.rela.got
 *(.rela.got)

.rel.bss
 *(.rel.bss)

.rela.bss
 *(.rela.bss)

.rel.plt
 *(.rel.plt)

.rela.plt
 *(.rela.plt)

.text           0x00000000     0x1f78
 *(.vectors)
 .vectors       0x00000000       0xe4 c:/program files (x86)/arduino/hardware/tools/avr/bin/../lib/gcc/avr/4.9.2/../../../../avr/lib/avr51/crtatmega1280.o
                0x00000000                __vector_default
                0x00000000                __vectors
 *(.vectors)
 *(.progmem.gcc*)
                0x000000e4                . = ALIGN (0x2)
                0x000000e4                __trampolines_start = .
 *(.trampolines)
 .trampolines   0x000000e4        0x0 linker stubs
 *(.trampolines*)
                0x000000e4                __trampolines_end = .
 *libprintf_flt.a:*(.progmem.data)
 *libc.a:*(.progmem.data)
 *(.progmem*)
 .progmem.data  0x000000e4        0x1 ./arduino/Tone.o
 .progmem.data  0x000000e5       0x5a ./arduino/wiring_digital.o
                0x000000e5                port_to_mode_PGM
                0x000000ef                port_to_output_PGM
                0x000000f9                port_to_input_PGM
                0x00000103                digital_pin_to_port_PGM
                0x00000117                digital_pin_to_bit_mask_PGM
                0x0000012b                digital_pin_to_timer_PGM
                0x00000140                . = ALIGN (0x2)
 *fill*         0x0000013f        0x1 
 *(.jumptables)
 *(.jumptables*)
 *(.lowtext)
 *(.lowtext*)
                0x00000140                __ctors_start = .
 *(.ctors)
 .ctors         0x00000140        0x2 ./arduino/HardwareSerial0.o
 .ctors         0x00000142        0x2 ./arduino/HardwareSerial1.o
 .ctors         0x00000144        0x2 ./arduino/HardwareSerial2.o
 .ctors         0x00000146        0x2 ./arduino/HardwareSerial3.o
 .ctors         0x00000148        0x2 ./arduino/IPAddress.o
                0x0000014a                __ctors_end = .
                0x0000014a                __dtors_start = .
 *(.dtors)
                0x0000014a                __dtors_end = .
 SORT(*)(.ctors)
 SORT(*)(.dtors)
 *(.init0)
 .init0         0x0000014a        0x0 c:/program files (x86)/arduino/hardware/tools/avr/bin/../lib/gcc/avr/4.9.2/../../../../avr/lib/avr51/crtatmega1280.o
                0x0000014a                __init
 *(.init0)
 *(.init1)
 *(.init1)
 *(.init2)
 .init2         0x0000014a        0xc c:/program files (x86)/arduino/hardware/tools/avr/bin/../lib/gcc/avr/4.9.2/../../../../avr/lib/avr51/crtatmega1280.o
 *(.init2)
 *(.init3)
 *(.init3)
 *(.init4)
 .init4         0x00000156       0x1a c:/program files (x86)/arduino/hardware/tools/avr/bin/../lib/gcc/avr/4.9.2/avr51\libgcc.a(_copy_data.o)
                0x00000156                __do_copy_data
 .init4         0x00000170       0x10 c:/program files (x86)/arduino/hardware/tools/avr/bin/../lib/gcc/avr/4.9.2/avr51\libgcc.a(_clear_bss.o)
                0x00000170                __do_clear_bss
 *(.init4)
 *(.init5)
 *(.init5)
 *(.init6)
 .init6         0x00000180       0x16 c:/program files (x86)/arduino/hardware/tools/avr/bin/../lib/gcc/avr/4.9.2/avr51\libgcc.a(_ctors.o)
                0x00000180                __do_global_ctors
 *(.init6)
 *(.init7)
 *(.init7)
 *(.init8)
 *(.init8)
 *(.init9)
 .init9         0x00000196        0x6 c:/program files (x86)/arduino/hardware/tools/avr/bin/../lib/gcc/avr/4.9.2/../../../../avr/lib/avr51/crtatmega1280.o
 *(.init9)
 *(.text)
 .text          0x0000019c        0x2 c:/program files (x86)/arduino/hardware/tools/avr/bin/../lib/gcc/avr/4.9.2/../../../../avr/lib/avr51/crtatmega1280.o
                0x0000019c                __vector_38
                0x0000019c                __vector_22
                0x0000019c                __vector_28
                0x0000019c                __vector_32
                0x0000019c                __vector_34
                0x0000019c                __vector_24
                0x0000019c                __vector_12
                0x0000019c                __vector_46
                0x0000019c                __bad_interrupt
                0x0000019c                __vector_31
                0x0000019c                __vector_35
                0x0000019c                __vector_39
                0x0000019c                __vector_30
                0x0000019c                __vector_45
                0x0000019c                __vector_17
                0x0000019c                __vector_19
                0x0000019c                __vector_56
                0x0000019c                __vector_49
                0x0000019c                __vector_41
                0x0000019c                __vector_43
                0x0000019c                __vector_27
                0x0000019c                __vector_33
                0x0000019c                __vector_47
                0x0000019c                __vector_44
                0x0000019c                __vector_9
                0x0000019c                __vector_21
                0x0000019c                __vector_15
                0x0000019c                __vector_29
                0x0000019c                __vector_40
                0x0000019c                __vector_48
                0x0000019c                __vector_14
                0x0000019c                __vector_53
                0x0000019c                __vector_10
                0x0000019c                __vector_50
                0x0000019c                __vector_16
                0x0000019c                __vector_18
                0x0000019c                __vector_20
                0x0000019c                __vector_42
                0x0000019e                . = ALIGN (0x2)
 *(.text.*)
 .text._ZN14HardwareSerial17_tx_udr_empty_irqEv
                0x0000019e       0x60 ./arduino/HardwareSerial.o
                0x0000019e                _ZN14HardwareSerial17_tx_udr_empty_irqEv
 .text._ZN14HardwareSerial9availableEv
                0x000001fe       0x18 ./arduino/HardwareSerial.o
                0x000001fe                _ZN14HardwareSerial9availableEv
 .text._ZN14HardwareSerial4peekEv
                0x00000216       0x20 ./arduino/HardwareSerial.o
                0x00000216                _ZN14HardwareSerial4peekEv
 .text._ZN14HardwareSerial4readEv
                0x00000236       0x3c ./arduino/HardwareSerial.o
                0x00000236                _ZN14HardwareSerial4readEv
 .text._ZN14HardwareSerial17availableForWriteEv
                0x00000272       0x24 ./arduino/HardwareSerial.o
                0x00000272                _ZN14HardwareSerial17availableForWriteEv
 .text._ZN14HardwareSerial5flushEv
                0x00000296       0x44 ./arduino/HardwareSerial.o
                0x00000296                _ZN14HardwareSerial5flushEv
 .text._ZN14HardwareSerial5writeEh
                0x000002da       0x7c ./arduino/HardwareSerial.o
                0x000002da                _ZN14HardwareSerial5writeEh
 .text._Z14serialEventRunv
                0x00000356       0x6a ./arduino/HardwareSerial.o
                0x00000356                _Z14serialEventRunv
 .text.__vector_25
                0x000003c0       0x74 ./arduino/HardwareSerial0.o
                0x000003c0                __vector_25
 .text._GLOBAL__I___vector_25
                0x00000434       0x86 ./arduino/HardwareSerial0.o
 .text._Z17Serial0_availablev
                0x000004ba       0x12 ./arduino/HardwareSerial0.o
                0x000004ba                _Z17Serial0_availablev
 .text.__vector_26
                0x000004cc       0x52 ./arduino/HardwareSerial0.o
                0x000004cc                __vector_26
 .text.__vector_36
                0x0000051e       0x74 ./arduino/HardwareSerial1.o
                0x0000051e                __vector_36
 .text._GLOBAL__I___vector_36
                0x00000592       0x86 ./arduino/HardwareSerial1.o
 .text._Z17Serial1_availablev
                0x00000618       0x12 ./arduino/HardwareSerial1.o
                0x00000618                _Z17Serial1_availablev
 .text.__vector_37
                0x0000062a       0x52 ./arduino/HardwareSerial1.o
                0x0000062a                __vector_37
 .text.__vector_51
                0x0000067c       0x74 ./arduino/HardwareSerial2.o
                0x0000067c                __vector_51
 .text._GLOBAL__I___vector_51
                0x000006f0       0x86 ./arduino/HardwareSerial2.o
 .text._Z17Serial2_availablev
                0x00000776       0x12 ./arduino/HardwareSerial2.o
                0x00000776                _Z17Serial2_availablev
 .text.__vector_52
                0x00000788       0x52 ./arduino/HardwareSerial2.o
                0x00000788                __vector_52
 .text.__vector_54
                0x000007da       0x74 ./arduino/HardwareSerial3.o
                0x000007da                __vector_54
 .text._GLOBAL__I___vector_54
                0x0000084e       0x86 ./arduino/HardwareSerial3.o
 .text._Z17Serial3_availablev
                0x000008d4       0x12 ./arduino/HardwareSerial3.o
                0x000008d4                _Z17Serial3_availablev
 .text.__vector_55
                0x000008e6       0x52 ./arduino/HardwareSerial3.o
                0x000008e6                __vector_55
 .text._GLOBAL__I__ZN9IPAddressC2Ev
                0x00000938       0x1e ./arduino/IPAddress.o
 .text._ZNK9IPAddress7printToER5Print
                0x00000956       0x7e ./arduino/IPAddress.o
                0x00000956                _ZNK9IPAddress7printToER5Print
 .text._ZN5Print5writeEPKhj
                0x000009d4       0x54 ./arduino/Print.o
                0x000009d4                _ZN5Print5writeEPKhj
 .text._ZN5Print5printEc
                0x00000a28       0x10 ./arduino/Print.o
                0x00000a28                _ZN5Print5printEc
 .text._ZN5Print5writeEPKc
                0x00000a38       0x38 ./arduino/Print.o
                0x00000a38                _ZN5Print5writeEPKc
 .text._ZN5Print11printNumberEmh
                0x00000a70       0xe6 ./arduino/Print.o
                0x00000a70                _ZN5Print11printNumberEmh
 .text._ZN5Print5printEmi
                0x00000b56       0x1a ./arduino/Print.o
                0x00000b56                _ZN5Print5printEmi
 .text._ZN5Print5printEhi
                0x00000b70       0x22 ./arduino/Print.o
                0x00000b70                _ZN5Print5printEhi
 .text._Z12disableTimerh
                0x00000b92       0x78 ./arduino/Tone.o
                0x00000b92                _Z12disableTimerh
 .text._Z6noToneh
                0x00000c0a       0x2a ./arduino/Tone.o
                0x00000c0a                _Z6noToneh
 .text.__vector_13
                0x00000c34       0xbe ./arduino/Tone.o
                0x00000c34                __vector_13
 .text.nothing  0x00000cf2        0x2 ./arduino/WInterrupts.o
 .text.__vector_1
                0x00000cf4       0x56 ./arduino/WInterrupts.o
                0x00000cf4                __vector_1
 .text.__vector_2
                0x00000d4a       0x56 ./arduino/WInterrupts.o
                0x00000d4a                __vector_2
 .text.__vector_3
                0x00000da0       0x56 ./arduino/WInterrupts.o
                0x00000da0                __vector_3
 .text.__vector_4
                0x00000df6       0x56 ./arduino/WInterrupts.o
                0x00000df6                __vector_4
 .text.__vector_5
                0x00000e4c       0x56 ./arduino/WInterrupts.o
                0x00000e4c                __vector_5
 .text.__vector_6
                0x00000ea2       0x56 ./arduino/WInterrupts.o
                0x00000ea2                __vector_6
 .text.__vector_7
                0x00000ef8       0x56 ./arduino/WInterrupts.o
                0x00000ef8                __vector_7
 .text.__vector_8
                0x00000f4e       0x56 ./arduino/WInterrupts.o
                0x00000f4e                __vector_8
 .text.__empty  0x00000fa4        0x2 ./arduino/hooks.o
                0x00000fa4                yield
 .text.initVariant
                0x00000fa6        0x2 ./arduino/main.o
                0x00000fa6                initVariant
 .text.main     0x00000fa8       0x18 ./arduino/main.o
                0x00000fa8                main
 .text.__vector_23
                0x00000fc0       0x90 ./arduino/wiring.o
                0x00000fc0                __vector_23
 .text.micros   0x00001050       0x4c ./arduino/wiring.o
                0x00001050                micros
 .text.init     0x0000109c       0xc4 ./arduino/wiring.o
                0x0000109c                init
 .text.delay    0x00001160       0x74 ./arduino/wiring.o
                0x00001160                delay
 .text.pinMode  0x000011d4       0x7e ./arduino/wiring_digital.o
                0x000011d4                pinMode
 .text.turnOffPWM
                0x00001252       0xfc ./arduino/wiring_digital.o
 .text.digitalWrite
                0x0000134e       0x64 ./arduino/wiring_digital.o
                0x0000134e                digitalWrite
 .text.loop     0x000013b2       0x40 ./test.o
                0x000013b2                loop
 .text.setup    0x000013f2        0x6 ./test.o
                0x000013f2                setup
 .text._Z5task1Pv
                0x000013f8       0x22 ./test.o
                0x000013f8                _Z5task1Pv
 .text.vTaskSuspendAll
                0x0000141a        0xc C:/Users/avidr/Google Drive/Workspace/Git Repository/JustDanceStudent-Project/JustDance/ArduinoMEGA/eclipse/ArduinoMEGA_OS_Setup.zip_expanded/freeRTOS/Release/libfreeRTOS.a(tasks.o)
                0x0000141a                vTaskSuspendAll
 .text.vTaskSwitchContext
                0x00001426       0x94 C:/Users/avidr/Google Drive/Workspace/Git Repository/JustDanceStudent-Project/JustDance/ArduinoMEGA/eclipse/ArduinoMEGA_OS_Setup.zip_expanded/freeRTOS/Release/libfreeRTOS.a(tasks.o)
                0x00001426                vTaskSwitchContext
 .text.xTaskIncrementTick
                0x000014ba      0x1ec C:/Users/avidr/Google Drive/Workspace/Git Repository/JustDanceStudent-Project/JustDance/ArduinoMEGA/eclipse/ArduinoMEGA_OS_Setup.zip_expanded/freeRTOS/Release/libfreeRTOS.a(tasks.o)
                0x000014ba                xTaskIncrementTick
 .text.xTaskResumeAll
                0x000016a6       0xda C:/Users/avidr/Google Drive/Workspace/Git Repository/JustDanceStudent-Project/JustDance/ArduinoMEGA/eclipse/ArduinoMEGA_OS_Setup.zip_expanded/freeRTOS/Release/libfreeRTOS.a(tasks.o)
                0x000016a6                xTaskResumeAll
 .text.prvIdleTask
                0x00001780       0x6a C:/Users/avidr/Google Drive/Workspace/Git Repository/JustDanceStudent-Project/JustDance/ArduinoMEGA/eclipse/ArduinoMEGA_OS_Setup.zip_expanded/freeRTOS/Release/libfreeRTOS.a(tasks.o)
 .text.xTaskGenericCreate
                0x000017ea      0x1f0 C:/Users/avidr/Google Drive/Workspace/Git Repository/JustDanceStudent-Project/JustDance/ArduinoMEGA/eclipse/ArduinoMEGA_OS_Setup.zip_expanded/freeRTOS/Release/libfreeRTOS.a(tasks.o)
                0x000017ea                xTaskGenericCreate
 .text.vTaskStartScheduler
                0x000019da       0x74 C:/Users/avidr/Google Drive/Workspace/Git Repository/JustDanceStudent-Project/JustDance/ArduinoMEGA/eclipse/ArduinoMEGA_OS_Setup.zip_expanded/freeRTOS/Release/libfreeRTOS.a(tasks.o)
                0x000019da                vTaskStartScheduler
 .text.vPortFree
                0x00001a4e       0x5c C:/Users/avidr/Google Drive/Workspace/Git Repository/JustDanceStudent-Project/JustDance/ArduinoMEGA/eclipse/ArduinoMEGA_OS_Setup.zip_expanded/freeRTOS/Release/libfreeRTOS.a(heap_2.o)
                0x00001a4e                vPortFree
 .text.pvPortMalloc
                0x00001aaa      0x142 C:/Users/avidr/Google Drive/Workspace/Git Repository/JustDanceStudent-Project/JustDance/ArduinoMEGA/eclipse/ArduinoMEGA_OS_Setup.zip_expanded/freeRTOS/Release/libfreeRTOS.a(heap_2.o)
                0x00001aaa                pvPortMalloc
 .text.pxPortInitialiseStack
                0x00001bec       0x90 C:/Users/avidr/Google Drive/Workspace/Git Repository/JustDanceStudent-Project/JustDance/ArduinoMEGA/eclipse/ArduinoMEGA_OS_Setup.zip_expanded/freeRTOS/Release/libfreeRTOS.a(port.o)
                0x00001bec                pxPortInitialiseStack
 .text.xPortStartScheduler
                0x00001c7c       0x76 C:/Users/avidr/Google Drive/Workspace/Git Repository/JustDanceStudent-Project/JustDance/ArduinoMEGA/eclipse/ArduinoMEGA_OS_Setup.zip_expanded/freeRTOS/Release/libfreeRTOS.a(port.o)
                0x00001c7c                xPortStartScheduler
 .text.vPortYieldFromTick
                0x00001cf2       0xb6 C:/Users/avidr/Google Drive/Workspace/Git Repository/JustDanceStudent-Project/JustDance/ArduinoMEGA/eclipse/ArduinoMEGA_OS_Setup.zip_expanded/freeRTOS/Release/libfreeRTOS.a(port.o)
                0x00001cf2                vPortYieldFromTick
 .text.__vector_11
                0x00001da8        0x4 C:/Users/avidr/Google Drive/Workspace/Git Repository/JustDanceStudent-Project/JustDance/ArduinoMEGA/eclipse/ArduinoMEGA_OS_Setup.zip_expanded/freeRTOS/Release/libfreeRTOS.a(port.o)
                0x00001da8                __vector_11
 .text.vPortYield
                0x00001dac       0xb0 C:/Users/avidr/Google Drive/Workspace/Git Repository/JustDanceStudent-Project/JustDance/ArduinoMEGA/eclipse/ArduinoMEGA_OS_Setup.zip_expanded/freeRTOS/Release/libfreeRTOS.a(port.o)
                0x00001dac                vPortYield
 .text.vListInitialise
                0x00001e5c       0x28 C:/Users/avidr/Google Drive/Workspace/Git Repository/JustDanceStudent-Project/JustDance/ArduinoMEGA/eclipse/ArduinoMEGA_OS_Setup.zip_expanded/freeRTOS/Release/libfreeRTOS.a(list.o)
                0x00001e5c                vListInitialise
 .text.vListInitialiseItem
                0x00001e84        0x8 C:/Users/avidr/Google Drive/Workspace/Git Repository/JustDanceStudent-Project/JustDance/ArduinoMEGA/eclipse/ArduinoMEGA_OS_Setup.zip_expanded/freeRTOS/Release/libfreeRTOS.a(list.o)
                0x00001e84                vListInitialiseItem
 .text.vListInsertEnd
                0x00001e8c       0x3e C:/Users/avidr/Google Drive/Workspace/Git Repository/JustDanceStudent-Project/JustDance/ArduinoMEGA/eclipse/ArduinoMEGA_OS_Setup.zip_expanded/freeRTOS/Release/libfreeRTOS.a(list.o)
                0x00001e8c                vListInsertEnd
 .text.uxListRemove
                0x00001eca       0x54 C:/Users/avidr/Google Drive/Workspace/Git Repository/JustDanceStudent-Project/JustDance/ArduinoMEGA/eclipse/ArduinoMEGA_OS_Setup.zip_expanded/freeRTOS/Release/libfreeRTOS.a(list.o)
                0x00001eca                uxListRemove
 .text.libgcc.div
                0x00001f1e       0x44 c:/program files (x86)/arduino/hardware/tools/avr/bin/../lib/gcc/avr/4.9.2/avr51\libgcc.a(_udivmodsi4.o)
                0x00001f1e                __udivmodsi4
 .text.libgcc   0x00001f62       0x12 c:/program files (x86)/arduino/hardware/tools/avr/bin/../lib/gcc/avr/4.9.2/avr51\libgcc.a(_tablejump2.o)
                0x00001f62                __tablejump2__
                0x00001f74                . = ALIGN (0x2)
 *(.fini9)
 .fini9         0x00001f74        0x0 c:/program files (x86)/arduino/hardware/tools/avr/bin/../lib/gcc/avr/4.9.2/avr51\libgcc.a(_exit.o)
                0x00001f74                _exit
                0x00001f74                exit
 *(.fini9)
 *(.fini8)
 *(.fini8)
 *(.fini7)
 *(.fini7)
 *(.fini6)
 *(.fini6)
 *(.fini5)
 *(.fini5)
 *(.fini4)
 *(.fini4)
 *(.fini3)
 *(.fini3)
 *(.fini2)
 *(.fini2)
 *(.fini1)
 *(.fini1)
 *(.fini0)
 .fini0         0x00001f74        0x4 c:/program files (x86)/arduino/hardware/tools/avr/bin/../lib/gcc/avr/4.9.2/avr51\libgcc.a(_exit.o)
 *(.fini0)
                0x00001f78                _etext = .

.data           0x00800200       0x36 load address 0x00001f78
                0x00800200                PROVIDE (__data_start, .)
 *(.data)
 .data          0x00800200        0x6 ./test.o
 .data          0x00800206        0x5 C:/Users/avidr/Google Drive/Workspace/Git Repository/JustDanceStudent-Project/JustDance/ArduinoMEGA/eclipse/ArduinoMEGA_OS_Setup.zip_expanded/freeRTOS/Release/libfreeRTOS.a(tasks.o)
 *(.data*)
 .data._ZL9tone_pins
                0x0080020b        0x1 ./arduino/Tone.o
 .data.intFunc  0x0080020c       0x10 ./arduino/WInterrupts.o
 .data.xFreeBytesRemaining
                0x0080021c        0x2 C:/Users/avidr/Google Drive/Workspace/Git Repository/JustDanceStudent-Project/JustDance/ArduinoMEGA/eclipse/ArduinoMEGA_OS_Setup.zip_expanded/freeRTOS/Release/libfreeRTOS.a(heap_2.o)
 *(.rodata)
 *(.rodata*)
 .rodata._ZTV14HardwareSerial
                0x0080021e       0x12 ./arduino/HardwareSerial.o
                0x0080021e                _ZTV14HardwareSerial
 .rodata._ZTV9IPAddress
                0x00800230        0x6 ./arduino/IPAddress.o
                0x00800230                _ZTV9IPAddress
 *(.gnu.linkonce.d*)
                0x00800236                . = ALIGN (0x2)
                0x00800236                _edata = .
                0x00800236                PROVIDE (__data_end, .)

.bss            0x00800236      0x920
                0x00800236                PROVIDE (__bss_start, .)
 *(.bss)
 *(.bss*)
 .bss.Serial    0x00800236       0x9d ./arduino/HardwareSerial0.o
                0x00800236                Serial
 .bss.Serial1   0x008002d3       0x9d ./arduino/HardwareSerial1.o
                0x008002d3                Serial1
 .bss.Serial2   0x00800370       0x9d ./arduino/HardwareSerial2.o
                0x00800370                Serial2
 .bss.Serial3   0x0080040d       0x9d ./arduino/HardwareSerial3.o
                0x0080040d                Serial3
 .bss._ZL11INADDR_NONE
                0x008004aa        0x6 ./arduino/IPAddress.o
 .bss.timer2_toggle_count
                0x008004b0        0x4 ./arduino/Tone.o
                0x008004b0                timer2_toggle_count
 .bss.timer2_pin_port
                0x008004b4        0x2 ./arduino/Tone.o
                0x008004b4                timer2_pin_port
 .bss.timer2_pin_mask
                0x008004b6        0x1 ./arduino/Tone.o
                0x008004b6                timer2_pin_mask
 .bss.timer0_overflow_count
                0x008004b7        0x4 ./arduino/wiring.o
                0x008004b7                timer0_overflow_count
 .bss.timer0_millis
                0x008004bb        0x4 ./arduino/wiring.o
                0x008004bb                timer0_millis
 .bss.timer0_fract
                0x008004bf        0x1 ./arduino/wiring.o
 .bss.pxCurrentTCB
                0x008004c0        0x2 C:/Users/avidr/Google Drive/Workspace/Git Repository/JustDanceStudent-Project/JustDance/ArduinoMEGA/eclipse/ArduinoMEGA_OS_Setup.zip_expanded/freeRTOS/Release/libfreeRTOS.a(tasks.o)
                0x008004c0                pxCurrentTCB
 .bss.uxSchedulerSuspended
                0x008004c2        0x1 C:/Users/avidr/Google Drive/Workspace/Git Repository/JustDanceStudent-Project/JustDance/ArduinoMEGA/eclipse/ArduinoMEGA_OS_Setup.zip_expanded/freeRTOS/Release/libfreeRTOS.a(tasks.o)
 .bss.uxTopReadyPriority
                0x008004c3        0x1 C:/Users/avidr/Google Drive/Workspace/Git Repository/JustDanceStudent-Project/JustDance/ArduinoMEGA/eclipse/ArduinoMEGA_OS_Setup.zip_expanded/freeRTOS/Release/libfreeRTOS.a(tasks.o)
 .bss.xTickCount
                0x008004c4        0x4 C:/Users/avidr/Google Drive/Workspace/Git Repository/JustDanceStudent-Project/JustDance/ArduinoMEGA/eclipse/ArduinoMEGA_OS_Setup.zip_expanded/freeRTOS/Release/libfreeRTOS.a(tasks.o)
 .bss.xNextTaskUnblockTime
                0x008004c8        0x4 C:/Users/avidr/Google Drive/Workspace/Git Repository/JustDanceStudent-Project/JustDance/ArduinoMEGA/eclipse/ArduinoMEGA_OS_Setup.zip_expanded/freeRTOS/Release/libfreeRTOS.a(tasks.o)
 .bss.xYieldPending
                0x008004cc        0x1 C:/Users/avidr/Google Drive/Workspace/Git Repository/JustDanceStudent-Project/JustDance/ArduinoMEGA/eclipse/ArduinoMEGA_OS_Setup.zip_expanded/freeRTOS/Release/libfreeRTOS.a(tasks.o)
 .bss.xNumOfOverflows
                0x008004cd        0x1 C:/Users/avidr/Google Drive/Workspace/Git Repository/JustDanceStudent-Project/JustDance/ArduinoMEGA/eclipse/ArduinoMEGA_OS_Setup.zip_expanded/freeRTOS/Release/libfreeRTOS.a(tasks.o)
 .bss.uxPendedTicks
                0x008004ce        0x1 C:/Users/avidr/Google Drive/Workspace/Git Repository/JustDanceStudent-Project/JustDance/ArduinoMEGA/eclipse/ArduinoMEGA_OS_Setup.zip_expanded/freeRTOS/Release/libfreeRTOS.a(tasks.o)
 .bss.uxCurrentNumberOfTasks
                0x008004cf        0x1 C:/Users/avidr/Google Drive/Workspace/Git Repository/JustDanceStudent-Project/JustDance/ArduinoMEGA/eclipse/ArduinoMEGA_OS_Setup.zip_expanded/freeRTOS/Release/libfreeRTOS.a(tasks.o)
 .bss.xSchedulerRunning
                0x008004d0        0x1 C:/Users/avidr/Google Drive/Workspace/Git Repository/JustDanceStudent-Project/JustDance/ArduinoMEGA/eclipse/ArduinoMEGA_OS_Setup.zip_expanded/freeRTOS/Release/libfreeRTOS.a(tasks.o)
 .bss.uxTasksDeleted
                0x008004d1        0x1 C:/Users/avidr/Google Drive/Workspace/Git Repository/JustDanceStudent-Project/JustDance/ArduinoMEGA/eclipse/ArduinoMEGA_OS_Setup.zip_expanded/freeRTOS/Release/libfreeRTOS.a(tasks.o)
 .bss.uxTaskNumber
                0x008004d2        0x1 C:/Users/avidr/Google Drive/Workspace/Git Repository/JustDanceStudent-Project/JustDance/ArduinoMEGA/eclipse/ArduinoMEGA_OS_Setup.zip_expanded/freeRTOS/Release/libfreeRTOS.a(tasks.o)
 .bss.pxReadyTasksLists
                0x008004d3       0x6e C:/Users/avidr/Google Drive/Workspace/Git Repository/JustDanceStudent-Project/JustDance/ArduinoMEGA/eclipse/ArduinoMEGA_OS_Setup.zip_expanded/freeRTOS/Release/libfreeRTOS.a(tasks.o)
 .bss.xDelayedTaskList1
                0x00800541        0xb C:/Users/avidr/Google Drive/Workspace/Git Repository/JustDanceStudent-Project/JustDance/ArduinoMEGA/eclipse/ArduinoMEGA_OS_Setup.zip_expanded/freeRTOS/Release/libfreeRTOS.a(tasks.o)
 .bss.xDelayedTaskList2
                0x0080054c        0xb C:/Users/avidr/Google Drive/Workspace/Git Repository/JustDanceStudent-Project/JustDance/ArduinoMEGA/eclipse/ArduinoMEGA_OS_Setup.zip_expanded/freeRTOS/Release/libfreeRTOS.a(tasks.o)
 .bss.pxDelayedTaskList
                0x00800557        0x2 C:/Users/avidr/Google Drive/Workspace/Git Repository/JustDanceStudent-Project/JustDance/ArduinoMEGA/eclipse/ArduinoMEGA_OS_Setup.zip_expanded/freeRTOS/Release/libfreeRTOS.a(tasks.o)
 .bss.pxOverflowDelayedTaskList
                0x00800559        0x2 C:/Users/avidr/Google Drive/Workspace/Git Repository/JustDanceStudent-Project/JustDance/ArduinoMEGA/eclipse/ArduinoMEGA_OS_Setup.zip_expanded/freeRTOS/Release/libfreeRTOS.a(tasks.o)
 .bss.xPendingReadyList
                0x0080055b        0xb C:/Users/avidr/Google Drive/Workspace/Git Repository/JustDanceStudent-Project/JustDance/ArduinoMEGA/eclipse/ArduinoMEGA_OS_Setup.zip_expanded/freeRTOS/Release/libfreeRTOS.a(tasks.o)
 .bss.xTasksWaitingTermination
                0x00800566        0xb C:/Users/avidr/Google Drive/Workspace/Git Repository/JustDanceStudent-Project/JustDance/ArduinoMEGA/eclipse/ArduinoMEGA_OS_Setup.zip_expanded/freeRTOS/Release/libfreeRTOS.a(tasks.o)
 .bss.xHeapHasBeenInitialised.1587
                0x00800571        0x1 C:/Users/avidr/Google Drive/Workspace/Git Repository/JustDanceStudent-Project/JustDance/ArduinoMEGA/eclipse/ArduinoMEGA_OS_Setup.zip_expanded/freeRTOS/Release/libfreeRTOS.a(heap_2.o)
 .bss.ucHeap    0x00800572      0x5dc C:/Users/avidr/Google Drive/Workspace/Git Repository/JustDanceStudent-Project/JustDance/ArduinoMEGA/eclipse/ArduinoMEGA_OS_Setup.zip_expanded/freeRTOS/Release/libfreeRTOS.a(heap_2.o)
 .bss.xStart    0x00800b4e        0x4 C:/Users/avidr/Google Drive/Workspace/Git Repository/JustDanceStudent-Project/JustDance/ArduinoMEGA/eclipse/ArduinoMEGA_OS_Setup.zip_expanded/freeRTOS/Release/libfreeRTOS.a(heap_2.o)
 .bss.xEnd      0x00800b52        0x4 C:/Users/avidr/Google Drive/Workspace/Git Repository/JustDanceStudent-Project/JustDance/ArduinoMEGA/eclipse/ArduinoMEGA_OS_Setup.zip_expanded/freeRTOS/Release/libfreeRTOS.a(heap_2.o)
 *(COMMON)
                0x00800b56                PROVIDE (__bss_end, .)
                0x00001f78                __data_load_start = LOADADDR (.data)
                0x00001fae                __data_load_end = (__data_load_start + SIZEOF (.data))

.noinit         0x00800b56        0x0
                [!provide]                PROVIDE (__noinit_start, .)
 *(.noinit*)
                [!provide]                PROVIDE (__noinit_end, .)
                0x00800b56                _end = .
                0x00800b56                PROVIDE (__heap_start, .)

.eeprom         0x00810000        0x0
 *(.eeprom*)
                0x00810000                __eeprom_end = .

.fuse
 *(.fuse)
 *(.lfuse)
 *(.hfuse)
 *(.efuse)

.lock
 *(.lock*)

.signature
 *(.signature*)

.user_signatures
 *(.user_signatures*)

.stab
 *(.stab)

.stabstr
 *(.stabstr)

.stab.excl
 *(.stab.excl)

.stab.exclstr
 *(.stab.exclstr)

.stab.index
 *(.stab.index)

.stab.indexstr
 *(.stab.indexstr)

.comment
 *(.comment)

.note.gnu.avr.deviceinfo
                0x00000000       0x40
 .note.gnu.avr.deviceinfo
                0x00000000       0x40 c:/program files (x86)/arduino/hardware/tools/avr/bin/../lib/gcc/avr/4.9.2/../../../../avr/lib/avr51/crtatmega1280.o

.note.gnu.build-id
 *(.note.gnu.build-id)

.debug
 *(.debug)

.line
 *(.line)

.debug_srcinfo
 *(.debug_srcinfo)

.debug_sfnames
 *(.debug_sfnames)

.debug_aranges
 *(.debug_aranges)

.debug_pubnames
 *(.debug_pubnames)

.debug_info     0x00000000      0xbbc
 *(.debug_info .gnu.linkonce.wi.*)
 .debug_info    0x00000000      0xbbc c:/program files (x86)/arduino/hardware/tools/avr/bin/../lib/gcc/avr/4.9.2/../../../../avr/lib/avr51/crtatmega1280.o

.debug_abbrev   0x00000000      0xb1a
 *(.debug_abbrev)
 .debug_abbrev  0x00000000      0xb1a c:/program files (x86)/arduino/hardware/tools/avr/bin/../lib/gcc/avr/4.9.2/../../../../avr/lib/avr51/crtatmega1280.o

.debug_line     0x00000000       0x1a
 *(.debug_line .debug_line.* .debug_line_end)
 .debug_line    0x00000000       0x1a c:/program files (x86)/arduino/hardware/tools/avr/bin/../lib/gcc/avr/4.9.2/../../../../avr/lib/avr51/crtatmega1280.o

.debug_frame
 *(.debug_frame)

.debug_str      0x00000000      0x3e6
 *(.debug_str)
 .debug_str     0x00000000      0x3e6 c:/program files (x86)/arduino/hardware/tools/avr/bin/../lib/gcc/avr/4.9.2/../../../../avr/lib/avr51/crtatmega1280.o

.debug_loc
 *(.debug_loc)

.debug_macinfo
 *(.debug_macinfo)

.debug_weaknames
 *(.debug_weaknames)

.debug_funcnames
 *(.debug_funcnames)

.debug_typenames
 *(.debug_typenames)

.debug_varnames
 *(.debug_varnames)

.debug_pubtypes
 *(.debug_pubtypes)

.debug_ranges
 *(.debug_ranges)

.debug_macro
 *(.debug_macro)
OUTPUT(CG3002.elf elf32-avr)
LOAD linker stubs

Cross Reference Table

Symbol                                            File
Serial                                            ./arduino/HardwareSerial0.o
Serial1                                           ./arduino/HardwareSerial1.o
Serial2                                           ./arduino/HardwareSerial2.o
Serial3                                           ./arduino/HardwareSerial3.o
_Z10randomSeedm                                   ./arduino/WMath.o
_Z11serialEventv                                  ./arduino/HardwareSerial.o
_Z12disableTimerh                                 ./arduino/Tone.o
_Z12serialEvent1v                                 ./arduino/HardwareSerial.o
_Z12serialEvent2v                                 ./arduino/HardwareSerial.o
_Z12serialEvent3v                                 ./arduino/HardwareSerial.o
_Z14serialEventRunv                               ./arduino/HardwareSerial.o
                                                  ./arduino/main.o
_Z17Serial0_availablev                            ./arduino/HardwareSerial0.o
                                                  ./arduino/HardwareSerial.o
_Z17Serial1_availablev                            ./arduino/HardwareSerial1.o
                                                  ./arduino/HardwareSerial.o
_Z17Serial2_availablev                            ./arduino/HardwareSerial2.o
                                                  ./arduino/HardwareSerial.o
_Z17Serial3_availablev                            ./arduino/HardwareSerial3.o
                                                  ./arduino/HardwareSerial.o
_Z3maplllll                                       ./arduino/WMath.o
_Z4tonehjm                                        ./arduino/Tone.o
_Z5task1Pv                                        ./test.o
_Z6noToneh                                        ./arduino/Tone.o
_Z6randoml                                        ./arduino/WMath.o
_Z6randomll                                       ./arduino/WMath.o
_Z8makeWordhh                                     ./arduino/WMath.o
_Z8makeWordj                                      ./arduino/WMath.o
_Z8setupUSBv                                      ./arduino/main.o
_ZN14HardwareSerial17_tx_udr_empty_irqEv          ./arduino/HardwareSerial.o
                                                  ./arduino/HardwareSerial3.o
                                                  ./arduino/HardwareSerial2.o
                                                  ./arduino/HardwareSerial1.o
                                                  ./arduino/HardwareSerial0.o
_ZN14HardwareSerial17availableForWriteEv          ./arduino/HardwareSerial.o
_ZN14HardwareSerial3endEv                         ./arduino/HardwareSerial.o
_ZN14HardwareSerial4peekEv                        ./arduino/HardwareSerial.o
_ZN14HardwareSerial4readEv                        ./arduino/HardwareSerial.o
_ZN14HardwareSerial5beginEmh                      ./arduino/HardwareSerial.o
_ZN14HardwareSerial5flushEv                       ./arduino/HardwareSerial.o
_ZN14HardwareSerial5writeEh                       ./arduino/HardwareSerial.o
_ZN14HardwareSerial9availableEv                   ./arduino/HardwareSerial.o
                                                  ./arduino/HardwareSerial3.o
                                                  ./arduino/HardwareSerial2.o
                                                  ./arduino/HardwareSerial1.o
                                                  ./arduino/HardwareSerial0.o
_ZN5Print10printFloatEdh                          ./arduino/Print.o
_ZN5Print11printNumberEmh                         ./arduino/Print.o
_ZN5Print17availableForWriteEv                    ./arduino/HardwareSerial0.o
_ZN5Print5flushEv                                 ./arduino/HardwareSerial0.o
_ZN5Print5printEPK19__FlashStringHelper           ./arduino/Print.o
_ZN5Print5printEPKc                               ./arduino/Print.o
_ZN5Print5printERK6String                         ./arduino/Print.o
_ZN5Print5printERK9Printable                      ./arduino/Print.o
_ZN5Print5printEc                                 ./arduino/Print.o
                                                  ./arduino/IPAddress.o
_ZN5Print5printEdi                                ./arduino/Print.o
_ZN5Print5printEhi                                ./arduino/Print.o
                                                  ./arduino/IPAddress.o
_ZN5Print5printEii                                ./arduino/Print.o
_ZN5Print5printEji                                ./arduino/Print.o
_ZN5Print5printEli                                ./arduino/Print.o
_ZN5Print5printEmi                                ./arduino/Print.o
_ZN5Print5writeEPKc                               ./arduino/Print.o
_ZN5Print5writeEPKhj                              ./arduino/Print.o
                                                  ./arduino/HardwareSerial3.o
                                                  ./arduino/HardwareSerial2.o
                                                  ./arduino/HardwareSerial1.o
                                                  ./arduino/HardwareSerial0.o
                                                  ./arduino/HardwareSerial.o
_ZN5Print7printlnEPK19__FlashStringHelper         ./arduino/Print.o
_ZN5Print7printlnEPKc                             ./arduino/Print.o
_ZN5Print7printlnERK6String                       ./arduino/Print.o
_ZN5Print7printlnERK9Printable                    ./arduino/Print.o
_ZN5Print7printlnEc                               ./arduino/Print.o
_ZN5Print7printlnEdi                              ./arduino/Print.o
_ZN5Print7printlnEhi                              ./arduino/Print.o
_ZN5Print7printlnEii                              ./arduino/Print.o
_ZN5Print7printlnEji                              ./arduino/Print.o
_ZN5Print7printlnEli                              ./arduino/Print.o
_ZN5Print7printlnEmi                              ./arduino/Print.o
_ZN5Print7printlnEv                               ./arduino/Print.o
_ZN6Stream10parseFloatE13LookaheadModec           ./arduino/Stream.o
_ZN6Stream10readStringEv                          ./arduino/Stream.o
_ZN6Stream10setTimeoutEm                          ./arduino/Stream.o
_ZN6Stream13peekNextDigitE13LookaheadModeb        ./arduino/Stream.o
_ZN6Stream14readBytesUntilEcPcj                   ./arduino/Stream.o
_ZN6Stream15readStringUntilEc                     ./arduino/Stream.o
_ZN6Stream4findEPc                                ./arduino/Stream.o
_ZN6Stream4findEPcj                               ./arduino/Stream.o
_ZN6Stream8parseIntE13LookaheadModec              ./arduino/Stream.o
_ZN6Stream9findMultiEPNS_11MultiTargetEi          ./arduino/Stream.o
_ZN6Stream9findUntilEPcS0_                        ./arduino/Stream.o
_ZN6Stream9findUntilEPcjS0_j                      ./arduino/Stream.o
_ZN6Stream9readBytesEPcj                          ./arduino/Stream.o
_ZN6Stream9timedPeekEv                            ./arduino/Stream.o
_ZN6Stream9timedReadEv                            ./arduino/Stream.o
_ZN6String10invalidateEv                          ./arduino/WString.o
_ZN6String11toLowerCaseEv                         ./arduino/WString.o
_ZN6String11toUpperCaseEv                         ./arduino/WString.o
_ZN6String12changeBufferEj                        ./arduino/WString.o
_ZN6String4copyEPK19__FlashStringHelperj          ./arduino/WString.o
_ZN6String4copyEPKcj                              ./arduino/WString.o
_ZN6String4trimEv                                 ./arduino/WString.o
_ZN6String6concatEPK19__FlashStringHelper         ./arduino/WString.o
_ZN6String6concatEPKc                             ./arduino/WString.o
_ZN6String6concatEPKcj                            ./arduino/WString.o
_ZN6String6concatERKS_                            ./arduino/WString.o
_ZN6String6concatEc                               ./arduino/WString.o
                                                  ./arduino/Stream.o
_ZN6String6concatEd                               ./arduino/WString.o
_ZN6String6concatEf                               ./arduino/WString.o
_ZN6String6concatEh                               ./arduino/WString.o
_ZN6String6concatEi                               ./arduino/WString.o
_ZN6String6concatEj                               ./arduino/WString.o
_ZN6String6concatEl                               ./arduino/WString.o
_ZN6String6concatEm                               ./arduino/WString.o
_ZN6String6removeEj                               ./arduino/WString.o
_ZN6String6removeEjj                              ./arduino/WString.o
_ZN6String7replaceERKS_S1_                        ./arduino/WString.o
_ZN6String7replaceEcc                             ./arduino/WString.o
_ZN6String7reserveEj                              ./arduino/WString.o
_ZN6String9setCharAtEjc                           ./arduino/WString.o
_ZN6StringC1EPK19__FlashStringHelper              ./arduino/WString.o
_ZN6StringC1EPKc                                  ./arduino/WString.o
                                                  ./arduino/Stream.o
_ZN6StringC1ERKS_                                 ./arduino/WString.o
_ZN6StringC1Ec                                    ./arduino/WString.o
_ZN6StringC1Edh                                   ./arduino/WString.o
_ZN6StringC1Efh                                   ./arduino/WString.o
_ZN6StringC1Ehh                                   ./arduino/WString.o
_ZN6StringC1Eih                                   ./arduino/WString.o
_ZN6StringC1Ejh                                   ./arduino/WString.o
_ZN6StringC1Elh                                   ./arduino/WString.o
_ZN6StringC1Emh                                   ./arduino/WString.o
_ZN6StringC2EPK19__FlashStringHelper              ./arduino/WString.o
_ZN6StringC2EPKc                                  ./arduino/WString.o
_ZN6StringC2ERKS_                                 ./arduino/WString.o
_ZN6StringC2Ec                                    ./arduino/WString.o
_ZN6StringC2Edh                                   ./arduino/WString.o
_ZN6StringC2Efh                                   ./arduino/WString.o
_ZN6StringC2Ehh                                   ./arduino/WString.o
_ZN6StringC2Eih                                   ./arduino/WString.o
_ZN6StringC2Ejh                                   ./arduino/WString.o
_ZN6StringC2Elh                                   ./arduino/WString.o
_ZN6StringC2Emh                                   ./arduino/WString.o
_ZN6StringD1Ev                                    ./arduino/WString.o
_ZN6StringD2Ev                                    ./arduino/WString.o
_ZN6StringaSEPK19__FlashStringHelper              ./arduino/WString.o
_ZN6StringaSEPKc                                  ./arduino/WString.o
_ZN6StringaSERKS_                                 ./arduino/WString.o
_ZN6StringixEj                                    ./arduino/WString.o
_ZN9IPAddress10fromStringEPKc                     ./arduino/IPAddress.o
_ZN9IPAddressC1EPKh                               ./arduino/IPAddress.o
_ZN9IPAddressC1Ehhhh                              ./arduino/IPAddress.o
_ZN9IPAddressC1Em                                 ./arduino/IPAddress.o
_ZN9IPAddressC1Ev                                 ./arduino/IPAddress.o
_ZN9IPAddressC2EPKh                               ./arduino/IPAddress.o
_ZN9IPAddressC2Ehhhh                              ./arduino/IPAddress.o
_ZN9IPAddressC2Em                                 ./arduino/IPAddress.o
_ZN9IPAddressC2Ev                                 ./arduino/IPAddress.o
_ZN9IPAddressaSEPKh                               ./arduino/IPAddress.o
_ZN9IPAddressaSEm                                 ./arduino/IPAddress.o
_ZNK6String10startsWithERKS_                      ./arduino/WString.o
_ZNK6String10startsWithERKS_j                     ./arduino/WString.o
_ZNK6String11lastIndexOfERKS_                     ./arduino/WString.o
_ZNK6String11lastIndexOfERKS_j                    ./arduino/WString.o
_ZNK6String11lastIndexOfEc                        ./arduino/WString.o
_ZNK6String11lastIndexOfEcj                       ./arduino/WString.o
_ZNK6String16equalsIgnoreCaseERKS_                ./arduino/WString.o
_ZNK6String5toIntEv                               ./arduino/WString.o
_ZNK6String6charAtEj                              ./arduino/WString.o
_ZNK6String6equalsEPKc                            ./arduino/WString.o
_ZNK6String6equalsERKS_                           ./arduino/WString.o
_ZNK6String7indexOfERKS_                          ./arduino/WString.o
_ZNK6String7indexOfERKS_j                         ./arduino/WString.o
_ZNK6String7indexOfEc                             ./arduino/WString.o
_ZNK6String7indexOfEcj                            ./arduino/WString.o
_ZNK6String7toFloatEv                             ./arduino/WString.o
_ZNK6String8endsWithERKS_                         ./arduino/WString.o
_ZNK6String8getBytesEPhjj                         ./arduino/WString.o
_ZNK6String8toDoubleEv                            ./arduino/WString.o
_ZNK6String9compareToERKS_                        ./arduino/WString.o
_ZNK6String9substringEjj                          ./arduino/WString.o
_ZNK6StringgeERKS_                                ./arduino/WString.o
_ZNK6StringgtERKS_                                ./arduino/WString.o
_ZNK6StringixEj                                   ./arduino/WString.o
_ZNK6StringleERKS_                                ./arduino/WString.o
_ZNK6StringltERKS_                                ./arduino/WString.o
_ZNK9IPAddress7printToER5Print                    ./arduino/IPAddress.o
_ZNK9IPAddresseqEPKh                              ./arduino/IPAddress.o
_ZTV14HardwareSerial                              ./arduino/HardwareSerial.o
                                                  ./arduino/HardwareSerial3.o
                                                  ./arduino/HardwareSerial2.o
                                                  ./arduino/HardwareSerial1.o
                                                  ./arduino/HardwareSerial0.o
_ZTV5Print                                        ./arduino/Print.o
_ZTV6Stream                                       ./arduino/HardwareSerial0.o
_ZTV9IPAddress                                    ./arduino/IPAddress.o
_ZTV9Printable                                    ./arduino/IPAddress.o
_ZdaPv                                            ./arduino/new.o
_ZdlPv                                            ./arduino/new.o
_Znaj                                             ./arduino/new.o
_Znwj                                             ./arduino/new.o
_ZplRK15StringSumHelperPK19__FlashStringHelper    ./arduino/WString.o
_ZplRK15StringSumHelperPKc                        ./arduino/WString.o
_ZplRK15StringSumHelperRK6String                  ./arduino/WString.o
_ZplRK15StringSumHelperc                          ./arduino/WString.o
_ZplRK15StringSumHelperd                          ./arduino/WString.o
_ZplRK15StringSumHelperf                          ./arduino/WString.o
_ZplRK15StringSumHelperh                          ./arduino/WString.o
_ZplRK15StringSumHelperi                          ./arduino/WString.o
_ZplRK15StringSumHelperj                          ./arduino/WString.o
_ZplRK15StringSumHelperl                          ./arduino/WString.o
_ZplRK15StringSumHelperm                          ./arduino/WString.o
__FUSE_REGION_LENGTH__                            c:/program files (x86)/arduino/hardware/tools/avr/bin/../lib/gcc/avr/4.9.2/../../../../avr/lib/avr51/crtatmega1280.o
__addsf3                                          c:/program files (x86)/arduino/hardware/tools/avr/bin/../lib/gcc/avr/4.9.2/../../../../avr/lib/avr51\libm.a(addsf3.o)
                                                  ./arduino/Print.o
__addsf3x                                         c:/program files (x86)/arduino/hardware/tools/avr/bin/../lib/gcc/avr/4.9.2/../../../../avr/lib/avr51\libm.a(addsf3x.o)
                                                  c:/program files (x86)/arduino/hardware/tools/avr/bin/../lib/gcc/avr/4.9.2/../../../../avr/lib/avr51\libm.a(addsf3.o)
__bad_interrupt                                   c:/program files (x86)/arduino/hardware/tools/avr/bin/../lib/gcc/avr/4.9.2/../../../../avr/lib/avr51/crtatmega1280.o
__brkval                                          c:/program files (x86)/arduino/hardware/tools/avr/bin/../lib/gcc/avr/4.9.2/../../../../avr/lib/avr51\libc.a(malloc.o)
                                                  c:/program files (x86)/arduino/hardware/tools/avr/bin/../lib/gcc/avr/4.9.2/../../../../avr/lib/avr51\libc.a(realloc.o)
__bss_end                                         c:/program files (x86)/arduino/hardware/tools/avr/bin/../lib/gcc/avr/4.9.2/avr51\libgcc.a(_clear_bss.o)
__bss_start                                       c:/program files (x86)/arduino/hardware/tools/avr/bin/../lib/gcc/avr/4.9.2/avr51\libgcc.a(_clear_bss.o)
__cmpsf2                                          c:/program files (x86)/arduino/hardware/tools/avr/bin/../lib/gcc/avr/4.9.2/../../../../avr/lib/avr51\libm.a(cmpsf2.o)
__ctors_end                                       c:/program files (x86)/arduino/hardware/tools/avr/bin/../lib/gcc/avr/4.9.2/avr51\libgcc.a(_ctors.o)
__ctors_start                                     c:/program files (x86)/arduino/hardware/tools/avr/bin/../lib/gcc/avr/4.9.2/avr51\libgcc.a(_ctors.o)
__ctype_isfalse                                   c:/program files (x86)/arduino/hardware/tools/avr/bin/../lib/gcc/avr/4.9.2/../../../../avr/lib/avr51\libc.a(cty_isfalse.o)
                                                  c:/program files (x86)/arduino/hardware/tools/avr/bin/../lib/gcc/avr/4.9.2/../../../../avr/lib/avr51\libc.a(isspace.o)
__ctype_istrue                                    c:/program files (x86)/arduino/hardware/tools/avr/bin/../lib/gcc/avr/4.9.2/../../../../avr/lib/avr51\libc.a(cty_isfalse.o)
__cxa_deleted_virtual                             ./arduino/abi.o
__cxa_pure_virtual                                ./arduino/abi.o
                                                  ./arduino/Print.o
                                                  ./arduino/IPAddress.o
                                                  ./arduino/HardwareSerial3.o
                                                  ./arduino/HardwareSerial2.o
                                                  ./arduino/HardwareSerial1.o
                                                  ./arduino/HardwareSerial0.o
__data_end                                        c:/program files (x86)/arduino/hardware/tools/avr/bin/../lib/gcc/avr/4.9.2/avr51\libgcc.a(_copy_data.o)
__data_load_start                                 c:/program files (x86)/arduino/hardware/tools/avr/bin/../lib/gcc/avr/4.9.2/avr51\libgcc.a(_copy_data.o)
__data_start                                      c:/program files (x86)/arduino/hardware/tools/avr/bin/../lib/gcc/avr/4.9.2/avr51\libgcc.a(_copy_data.o)
__divmodsi4                                       c:/program files (x86)/arduino/hardware/tools/avr/bin/../lib/gcc/avr/4.9.2/avr51\libgcc.a(_divmodsi4.o)
                                                  c:/program files (x86)/arduino/hardware/tools/avr/bin/../lib/gcc/avr/4.9.2/../../../../avr/lib/avr51\libc.a(random.o)
                                                  ./arduino/WMath.o
__divsf3                                          c:/program files (x86)/arduino/hardware/tools/avr/bin/../lib/gcc/avr/4.9.2/../../../../avr/lib/avr51\libm.a(divsf3.o)
                                                  ./arduino/Print.o
__divsf3_pse                                      c:/program files (x86)/arduino/hardware/tools/avr/bin/../lib/gcc/avr/4.9.2/../../../../avr/lib/avr51\libm.a(divsf3x.o)
__divsf3x                                         c:/program files (x86)/arduino/hardware/tools/avr/bin/../lib/gcc/avr/4.9.2/../../../../avr/lib/avr51\libm.a(divsf3x.o)
                                                  c:/program files (x86)/arduino/hardware/tools/avr/bin/../lib/gcc/avr/4.9.2/../../../../avr/lib/avr51\libm.a(divsf3.o)
__do_clear_bss                                    c:/program files (x86)/arduino/hardware/tools/avr/bin/../lib/gcc/avr/4.9.2/avr51\libgcc.a(_clear_bss.o)
                                                  c:/program files (x86)/arduino/hardware/tools/avr/bin/../lib/gcc/avr/4.9.2/../../../../avr/lib/avr51\libc.a(errno.o)
                                                  c:/program files (x86)/arduino/hardware/tools/avr/bin/../lib/gcc/avr/4.9.2/../../../../avr/lib/avr51\libc.a(malloc.o)
                                                  C:/Users/avidr/Google Drive/Workspace/Git Repository/JustDanceStudent-Project/JustDance/ArduinoMEGA/eclipse/ArduinoMEGA_OS_Setup.zip_expanded/freeRTOS/Release/libfreeRTOS.a(heap_2.o)
                                                  C:/Users/avidr/Google Drive/Workspace/Git Repository/JustDanceStudent-Project/JustDance/ArduinoMEGA/eclipse/ArduinoMEGA_OS_Setup.zip_expanded/freeRTOS/Release/libfreeRTOS.a(tasks.o)
                                                  ./arduino/wiring.o
                                                  ./arduino/WString.o
                                                  ./arduino/Tone.o
                                                  ./arduino/IPAddress.o
                                                  ./arduino/HardwareSerial3.o
                                                  ./arduino/HardwareSerial2.o
                                                  ./arduino/HardwareSerial1.o
                                                  ./arduino/HardwareSerial0.o
__do_copy_data                                    c:/program files (x86)/arduino/hardware/tools/avr/bin/../lib/gcc/avr/4.9.2/avr51\libgcc.a(_copy_data.o)
                                                  c:/program files (x86)/arduino/hardware/tools/avr/bin/../lib/gcc/avr/4.9.2/../../../../avr/lib/avr51\libc.a(random.o)
                                                  c:/program files (x86)/arduino/hardware/tools/avr/bin/../lib/gcc/avr/4.9.2/../../../../avr/lib/avr51\libc.a(malloc.o)
                                                  C:/Users/avidr/Google Drive/Workspace/Git Repository/JustDanceStudent-Project/JustDance/ArduinoMEGA/eclipse/ArduinoMEGA_OS_Setup.zip_expanded/freeRTOS/Release/libfreeRTOS.a(heap_2.o)
                                                  C:/Users/avidr/Google Drive/Workspace/Git Repository/JustDanceStudent-Project/JustDance/ArduinoMEGA/eclipse/ArduinoMEGA_OS_Setup.zip_expanded/freeRTOS/Release/libfreeRTOS.a(tasks.o)
                                                  ./test.o
                                                  ./arduino/wiring_analog.o
                                                  ./arduino/WString.o
                                                  ./arduino/WInterrupts.o
                                                  ./arduino/Tone.o
                                                  ./arduino/Stream.o
                                                  ./arduino/Print.o
                                                  ./arduino/IPAddress.o
                                                  ./arduino/HardwareSerial3.o
                                                  ./arduino/HardwareSerial2.o
                                                  ./arduino/HardwareSerial1.o
                                                  ./arduino/HardwareSerial0.o
                                                  ./arduino/HardwareSerial.o
__do_global_ctors                                 c:/program files (x86)/arduino/hardware/tools/avr/bin/../lib/gcc/avr/4.9.2/avr51\libgcc.a(_ctors.o)
                                                  ./arduino/IPAddress.o
                                                  ./arduino/HardwareSerial3.o
                                                  ./arduino/HardwareSerial2.o
                                                  ./arduino/HardwareSerial1.o
                                                  ./arduino/HardwareSerial0.o
__eqsf2                                           c:/program files (x86)/arduino/hardware/tools/avr/bin/../lib/gcc/avr/4.9.2/../../../../avr/lib/avr51\libm.a(cmpsf2.o)
                                                  c:/program files (x86)/arduino/hardware/tools/avr/bin/../lib/gcc/avr/4.9.2/../../../../avr/lib/avr51\libc.a(strtod.o)
__fixunssfsi                                      c:/program files (x86)/arduino/hardware/tools/avr/bin/../lib/gcc/avr/4.9.2/../../../../avr/lib/avr51\libm.a(fixunssfsi.o)
                                                  ./arduino/Print.o
__floatsisf                                       c:/program files (x86)/arduino/hardware/tools/avr/bin/../lib/gcc/avr/4.9.2/../../../../avr/lib/avr51\libm.a(floatsisf.o)
                                                  ./arduino/Stream.o
__floatunsisf                                     c:/program files (x86)/arduino/hardware/tools/avr/bin/../lib/gcc/avr/4.9.2/../../../../avr/lib/avr51\libm.a(floatsisf.o)
                                                  c:/program files (x86)/arduino/hardware/tools/avr/bin/../lib/gcc/avr/4.9.2/../../../../avr/lib/avr51\libc.a(strtod.o)
                                                  ./arduino/Print.o
__flp                                             c:/program files (x86)/arduino/hardware/tools/avr/bin/../lib/gcc/avr/4.9.2/../../../../avr/lib/avr51\libc.a(malloc.o)
                                                  c:/program files (x86)/arduino/hardware/tools/avr/bin/../lib/gcc/avr/4.9.2/../../../../avr/lib/avr51\libc.a(realloc.o)
__fp_cmp                                          c:/program files (x86)/arduino/hardware/tools/avr/bin/../lib/gcc/avr/4.9.2/../../../../avr/lib/avr51\libm.a(fp_cmp.o)
                                                  c:/program files (x86)/arduino/hardware/tools/avr/bin/../lib/gcc/avr/4.9.2/../../../../avr/lib/avr51\libm.a(unordsf2.o)
                                                  c:/program files (x86)/arduino/hardware/tools/avr/bin/../lib/gcc/avr/4.9.2/../../../../avr/lib/avr51\libm.a(gesf2.o)
                                                  c:/program files (x86)/arduino/hardware/tools/avr/bin/../lib/gcc/avr/4.9.2/../../../../avr/lib/avr51\libm.a(cmpsf2.o)
__fp_inf                                          c:/program files (x86)/arduino/hardware/tools/avr/bin/../lib/gcc/avr/4.9.2/../../../../avr/lib/avr51\libm.a(fp_inf.o)
                                                  c:/program files (x86)/arduino/hardware/tools/avr/bin/../lib/gcc/avr/4.9.2/../../../../avr/lib/avr51\libm.a(mulsf3x.o)
                                                  c:/program files (x86)/arduino/hardware/tools/avr/bin/../lib/gcc/avr/4.9.2/../../../../avr/lib/avr51\libm.a(divsf3x.o)
                                                  c:/program files (x86)/arduino/hardware/tools/avr/bin/../lib/gcc/avr/4.9.2/../../../../avr/lib/avr51\libm.a(addsf3x.o)
__fp_nan                                          c:/program files (x86)/arduino/hardware/tools/avr/bin/../lib/gcc/avr/4.9.2/../../../../avr/lib/avr51\libm.a(fp_nan.o)
                                                  c:/program files (x86)/arduino/hardware/tools/avr/bin/../lib/gcc/avr/4.9.2/../../../../avr/lib/avr51\libm.a(mulsf3x.o)
                                                  c:/program files (x86)/arduino/hardware/tools/avr/bin/../lib/gcc/avr/4.9.2/../../../../avr/lib/avr51\libm.a(divsf3x.o)
                                                  c:/program files (x86)/arduino/hardware/tools/avr/bin/../lib/gcc/avr/4.9.2/../../../../avr/lib/avr51\libm.a(addsf3x.o)
__fp_pscA                                         c:/program files (x86)/arduino/hardware/tools/avr/bin/../lib/gcc/avr/4.9.2/../../../../avr/lib/avr51\libm.a(fp_pscA.o)
                                                  c:/program files (x86)/arduino/hardware/tools/avr/bin/../lib/gcc/avr/4.9.2/../../../../avr/lib/avr51\libm.a(mulsf3x.o)
                                                  c:/program files (x86)/arduino/hardware/tools/avr/bin/../lib/gcc/avr/4.9.2/../../../../avr/lib/avr51\libm.a(divsf3x.o)
                                                  c:/program files (x86)/arduino/hardware/tools/avr/bin/../lib/gcc/avr/4.9.2/../../../../avr/lib/avr51\libm.a(addsf3x.o)
__fp_pscB                                         c:/program files (x86)/arduino/hardware/tools/avr/bin/../lib/gcc/avr/4.9.2/../../../../avr/lib/avr51\libm.a(fp_pscB.o)
                                                  c:/program files (x86)/arduino/hardware/tools/avr/bin/../lib/gcc/avr/4.9.2/../../../../avr/lib/avr51\libm.a(mulsf3x.o)
                                                  c:/program files (x86)/arduino/hardware/tools/avr/bin/../lib/gcc/avr/4.9.2/../../../../avr/lib/avr51\libm.a(divsf3x.o)
                                                  c:/program files (x86)/arduino/hardware/tools/avr/bin/../lib/gcc/avr/4.9.2/../../../../avr/lib/avr51\libm.a(addsf3x.o)
__fp_round                                        c:/program files (x86)/arduino/hardware/tools/avr/bin/../lib/gcc/avr/4.9.2/../../../../avr/lib/avr51\libm.a(fp_round.o)
                                                  c:/program files (x86)/arduino/hardware/tools/avr/bin/../lib/gcc/avr/4.9.2/../../../../avr/lib/avr51\libm.a(mulsf3.o)
                                                  c:/program files (x86)/arduino/hardware/tools/avr/bin/../lib/gcc/avr/4.9.2/../../../../avr/lib/avr51\libm.a(divsf3.o)
                                                  c:/program files (x86)/arduino/hardware/tools/avr/bin/../lib/gcc/avr/4.9.2/../../../../avr/lib/avr51\libm.a(addsf3.o)
__fp_split3                                       c:/program files (x86)/arduino/hardware/tools/avr/bin/../lib/gcc/avr/4.9.2/../../../../avr/lib/avr51\libm.a(fp_split3.o)
                                                  c:/program files (x86)/arduino/hardware/tools/avr/bin/../lib/gcc/avr/4.9.2/../../../../avr/lib/avr51\libm.a(mulsf3x.o)
                                                  c:/program files (x86)/arduino/hardware/tools/avr/bin/../lib/gcc/avr/4.9.2/../../../../avr/lib/avr51\libm.a(divsf3x.o)
                                                  c:/program files (x86)/arduino/hardware/tools/avr/bin/../lib/gcc/avr/4.9.2/../../../../avr/lib/avr51\libm.a(addsf3x.o)
__fp_splitA                                       c:/program files (x86)/arduino/hardware/tools/avr/bin/../lib/gcc/avr/4.9.2/../../../../avr/lib/avr51\libm.a(fp_split3.o)
                                                  c:/program files (x86)/arduino/hardware/tools/avr/bin/../lib/gcc/avr/4.9.2/../../../../avr/lib/avr51\libm.a(fixunssfsi.o)
__fp_szero                                        c:/program files (x86)/arduino/hardware/tools/avr/bin/../lib/gcc/avr/4.9.2/../../../../avr/lib/avr51\libm.a(fp_zero.o)
                                                  c:/program files (x86)/arduino/hardware/tools/avr/bin/../lib/gcc/avr/4.9.2/../../../../avr/lib/avr51\libm.a(mulsf3x.o)
                                                  c:/program files (x86)/arduino/hardware/tools/avr/bin/../lib/gcc/avr/4.9.2/../../../../avr/lib/avr51\libm.a(divsf3x.o)
__fp_zero                                         c:/program files (x86)/arduino/hardware/tools/avr/bin/../lib/gcc/avr/4.9.2/../../../../avr/lib/avr51\libm.a(fp_zero.o)
                                                  c:/program files (x86)/arduino/hardware/tools/avr/bin/../lib/gcc/avr/4.9.2/../../../../avr/lib/avr51\libm.a(fixunssfsi.o)
                                                  c:/program files (x86)/arduino/hardware/tools/avr/bin/../lib/gcc/avr/4.9.2/../../../../avr/lib/avr51\libm.a(addsf3x.o)
__ftoa_engine                                     c:/program files (x86)/arduino/hardware/tools/avr/bin/../lib/gcc/avr/4.9.2/../../../../avr/lib/avr51\libc.a(ftoa_engine.o)
                                                  c:/program files (x86)/arduino/hardware/tools/avr/bin/../lib/gcc/avr/4.9.2/../../../../avr/lib/avr51\libc.a(dtoa_prf.o)
__gesf2                                           c:/program files (x86)/arduino/hardware/tools/avr/bin/../lib/gcc/avr/4.9.2/../../../../avr/lib/avr51\libm.a(gesf2.o)
__gtsf2                                           c:/program files (x86)/arduino/hardware/tools/avr/bin/../lib/gcc/avr/4.9.2/../../../../avr/lib/avr51\libm.a(gesf2.o)
                                                  ./arduino/Print.o
__heap_end                                        c:/program files (x86)/arduino/hardware/tools/avr/bin/../lib/gcc/avr/4.9.2/../../../../avr/lib/avr51/crtatmega1280.o
                                                  c:/program files (x86)/arduino/hardware/tools/avr/bin/../lib/gcc/avr/4.9.2/../../../../avr/lib/avr51\libc.a(malloc.o)
__heap_start                                      c:/program files (x86)/arduino/hardware/tools/avr/bin/../lib/gcc/avr/4.9.2/../../../../avr/lib/avr51\libc.a(malloc.o)
__init                                            c:/program files (x86)/arduino/hardware/tools/avr/bin/../lib/gcc/avr/4.9.2/../../../../avr/lib/avr51/crtatmega1280.o
__itoa                                            c:/program files (x86)/arduino/hardware/tools/avr/bin/../lib/gcc/avr/4.9.2/../../../../avr/lib/avr51\libc.a(itoa.o)
__itoa_ncheck                                     c:/program files (x86)/arduino/hardware/tools/avr/bin/../lib/gcc/avr/4.9.2/../../../../avr/lib/avr51\libc.a(itoa_ncheck.o)
                                                  c:/program files (x86)/arduino/hardware/tools/avr/bin/../lib/gcc/avr/4.9.2/../../../../avr/lib/avr51\libc.a(itoa.o)
__lesf2                                           c:/program files (x86)/arduino/hardware/tools/avr/bin/../lib/gcc/avr/4.9.2/../../../../avr/lib/avr51\libm.a(cmpsf2.o)
                                                  ./arduino/Print.o
__ltoa                                            c:/program files (x86)/arduino/hardware/tools/avr/bin/../lib/gcc/avr/4.9.2/../../../../avr/lib/avr51\libc.a(ltoa.o)
__ltoa_ncheck                                     c:/program files (x86)/arduino/hardware/tools/avr/bin/../lib/gcc/avr/4.9.2/../../../../avr/lib/avr51\libc.a(ltoa_ncheck.o)
                                                  c:/program files (x86)/arduino/hardware/tools/avr/bin/../lib/gcc/avr/4.9.2/../../../../avr/lib/avr51\libc.a(ltoa.o)
__ltsf2                                           c:/program files (x86)/arduino/hardware/tools/avr/bin/../lib/gcc/avr/4.9.2/../../../../avr/lib/avr51\libm.a(cmpsf2.o)
                                                  ./arduino/Print.o
__malloc_heap_end                                 c:/program files (x86)/arduino/hardware/tools/avr/bin/../lib/gcc/avr/4.9.2/../../../../avr/lib/avr51\libc.a(malloc.o)
                                                  c:/program files (x86)/arduino/hardware/tools/avr/bin/../lib/gcc/avr/4.9.2/../../../../avr/lib/avr51\libc.a(realloc.o)
__malloc_heap_start                               c:/program files (x86)/arduino/hardware/tools/avr/bin/../lib/gcc/avr/4.9.2/../../../../avr/lib/avr51\libc.a(malloc.o)
__malloc_margin                                   c:/program files (x86)/arduino/hardware/tools/avr/bin/../lib/gcc/avr/4.9.2/../../../../avr/lib/avr51\libc.a(malloc.o)
                                                  c:/program files (x86)/arduino/hardware/tools/avr/bin/../lib/gcc/avr/4.9.2/../../../../avr/lib/avr51\libc.a(realloc.o)
__mulohisi3                                       c:/program files (x86)/arduino/hardware/tools/avr/bin/../lib/gcc/avr/4.9.2/avr51\libgcc.a(_mulshisi3.o)
                                                  c:/program files (x86)/arduino/hardware/tools/avr/bin/../lib/gcc/avr/4.9.2/../../../../avr/lib/avr51\libc.a(random.o)
__mulsf3                                          c:/program files (x86)/arduino/hardware/tools/avr/bin/../lib/gcc/avr/4.9.2/../../../../avr/lib/avr51\libm.a(mulsf3.o)
                                                  c:/program files (x86)/arduino/hardware/tools/avr/bin/../lib/gcc/avr/4.9.2/../../../../avr/lib/avr51\libc.a(strtod.o)
                                                  ./arduino/Stream.o
                                                  ./arduino/Print.o
__mulsf3_pse                                      c:/program files (x86)/arduino/hardware/tools/avr/bin/../lib/gcc/avr/4.9.2/../../../../avr/lib/avr51\libm.a(mulsf3x.o)
__mulsf3x                                         c:/program files (x86)/arduino/hardware/tools/avr/bin/../lib/gcc/avr/4.9.2/../../../../avr/lib/avr51\libm.a(mulsf3x.o)
                                                  c:/program files (x86)/arduino/hardware/tools/avr/bin/../lib/gcc/avr/4.9.2/../../../../avr/lib/avr51\libm.a(mulsf3.o)
__mulshisi3                                       c:/program files (x86)/arduino/hardware/tools/avr/bin/../lib/gcc/avr/4.9.2/avr51\libgcc.a(_mulshisi3.o)
__mulsi3                                          c:/program files (x86)/arduino/hardware/tools/avr/bin/../lib/gcc/avr/4.9.2/avr51\libgcc.a(_mulsi3.o)
                                                  ./arduino/WMath.o
                                                  ./arduino/Tone.o
                                                  ./arduino/Stream.o
__mulsi_const_10                                  c:/program files (x86)/arduino/hardware/tools/avr/bin/../lib/gcc/avr/4.9.2/../../../../avr/lib/avr51\libc.a(mulsi10.o)
                                                  c:/program files (x86)/arduino/hardware/tools/avr/bin/../lib/gcc/avr/4.9.2/../../../../avr/lib/avr51\libc.a(atol.o)
__muluhisi3                                       c:/program files (x86)/arduino/hardware/tools/avr/bin/../lib/gcc/avr/4.9.2/avr51\libgcc.a(_muluhisi3.o)
                                                  c:/program files (x86)/arduino/hardware/tools/avr/bin/../lib/gcc/avr/4.9.2/avr51\libgcc.a(_mulshisi3.o)
                                                  c:/program files (x86)/arduino/hardware/tools/avr/bin/../lib/gcc/avr/4.9.2/../../../../avr/lib/avr51\libc.a(strtod.o)
                                                  c:/program files (x86)/arduino/hardware/tools/avr/bin/../lib/gcc/avr/4.9.2/../../../../avr/lib/avr51\libc.a(random.o)
                                                  c:/program files (x86)/arduino/hardware/tools/avr/bin/../lib/gcc/avr/4.9.2/avr51\libgcc.a(_mulsi3.o)
__negsi2                                          c:/program files (x86)/arduino/hardware/tools/avr/bin/../lib/gcc/avr/4.9.2/avr51\libgcc.a(_negsi2.o)
                                                  c:/program files (x86)/arduino/hardware/tools/avr/bin/../lib/gcc/avr/4.9.2/avr51\libgcc.a(_divmodsi4.o)
__nesf2                                           c:/program files (x86)/arduino/hardware/tools/avr/bin/../lib/gcc/avr/4.9.2/../../../../avr/lib/avr51\libm.a(cmpsf2.o)
                                                  c:/program files (x86)/arduino/hardware/tools/avr/bin/../lib/gcc/avr/4.9.2/../../../../avr/lib/avr51\libc.a(strtod.o)
__stack                                           c:/program files (x86)/arduino/hardware/tools/avr/bin/../lib/gcc/avr/4.9.2/../../../../avr/lib/avr51/crtatmega1280.o
__subsf3                                          c:/program files (x86)/arduino/hardware/tools/avr/bin/../lib/gcc/avr/4.9.2/../../../../avr/lib/avr51\libm.a(addsf3.o)
                                                  ./arduino/Print.o
__tablejump2__                                    c:/program files (x86)/arduino/hardware/tools/avr/bin/../lib/gcc/avr/4.9.2/avr51\libgcc.a(_tablejump2.o)
                                                  c:/program files (x86)/arduino/hardware/tools/avr/bin/../lib/gcc/avr/4.9.2/avr51\libgcc.a(_ctors.o)
__udivmodsi4                                      c:/program files (x86)/arduino/hardware/tools/avr/bin/../lib/gcc/avr/4.9.2/avr51\libgcc.a(_udivmodsi4.o)
                                                  c:/program files (x86)/arduino/hardware/tools/avr/bin/../lib/gcc/avr/4.9.2/avr51\libgcc.a(_divmodsi4.o)
                                                  ./arduino/Tone.o
                                                  ./arduino/Print.o
                                                  ./arduino/HardwareSerial.o
__ultoa                                           c:/program files (x86)/arduino/hardware/tools/avr/bin/../lib/gcc/avr/4.9.2/../../../../avr/lib/avr51\libc.a(ultoa.o)
__ultoa_common                                    c:/program files (x86)/arduino/hardware/tools/avr/bin/../lib/gcc/avr/4.9.2/../../../../avr/lib/avr51\libc.a(ultoa_ncheck.o)
                                                  c:/program files (x86)/arduino/hardware/tools/avr/bin/../lib/gcc/avr/4.9.2/../../../../avr/lib/avr51\libc.a(ltoa_ncheck.o)
__ultoa_ncheck                                    c:/program files (x86)/arduino/hardware/tools/avr/bin/../lib/gcc/avr/4.9.2/../../../../avr/lib/avr51\libc.a(ultoa_ncheck.o)
                                                  c:/program files (x86)/arduino/hardware/tools/avr/bin/../lib/gcc/avr/4.9.2/../../../../avr/lib/avr51\libc.a(ultoa.o)
__umulhisi3                                       c:/program files (x86)/arduino/hardware/tools/avr/bin/../lib/gcc/avr/4.9.2/avr51\libgcc.a(_umulhisi3.o)
                                                  c:/program files (x86)/arduino/hardware/tools/avr/bin/../lib/gcc/avr/4.9.2/avr51\libgcc.a(_muluhisi3.o)
__unordsf2                                        c:/program files (x86)/arduino/hardware/tools/avr/bin/../lib/gcc/avr/4.9.2/../../../../avr/lib/avr51\libm.a(unordsf2.o)
                                                  ./arduino/Print.o
__utoa                                            c:/program files (x86)/arduino/hardware/tools/avr/bin/../lib/gcc/avr/4.9.2/../../../../avr/lib/avr51\libc.a(utoa.o)
__utoa_common                                     c:/program files (x86)/arduino/hardware/tools/avr/bin/../lib/gcc/avr/4.9.2/../../../../avr/lib/avr51\libc.a(utoa_ncheck.o)
                                                  c:/program files (x86)/arduino/hardware/tools/avr/bin/../lib/gcc/avr/4.9.2/../../../../avr/lib/avr51\libc.a(itoa_ncheck.o)
__utoa_ncheck                                     c:/program files (x86)/arduino/hardware/tools/avr/bin/../lib/gcc/avr/4.9.2/../../../../avr/lib/avr51\libc.a(utoa_ncheck.o)
                                                  c:/program files (x86)/arduino/hardware/tools/avr/bin/../lib/gcc/avr/4.9.2/../../../../avr/lib/avr51\libc.a(utoa.o)
__vector_1                                        ./arduino/WInterrupts.o
                                                  c:/program files (x86)/arduino/hardware/tools/avr/bin/../lib/gcc/avr/4.9.2/../../../../avr/lib/avr51/crtatmega1280.o
__vector_10                                       c:/program files (x86)/arduino/hardware/tools/avr/bin/../lib/gcc/avr/4.9.2/../../../../avr/lib/avr51/crtatmega1280.o
__vector_11                                       C:/Users/avidr/Google Drive/Workspace/Git Repository/JustDanceStudent-Project/JustDance/ArduinoMEGA/eclipse/ArduinoMEGA_OS_Setup.zip_expanded/freeRTOS/Release/libfreeRTOS.a(port.o)
                                                  c:/program files (x86)/arduino/hardware/tools/avr/bin/../lib/gcc/avr/4.9.2/../../../../avr/lib/avr51/crtatmega1280.o
__vector_12                                       c:/program files (x86)/arduino/hardware/tools/avr/bin/../lib/gcc/avr/4.9.2/../../../../avr/lib/avr51/crtatmega1280.o
__vector_13                                       ./arduino/Tone.o
                                                  c:/program files (x86)/arduino/hardware/tools/avr/bin/../lib/gcc/avr/4.9.2/../../../../avr/lib/avr51/crtatmega1280.o
__vector_14                                       c:/program files (x86)/arduino/hardware/tools/avr/bin/../lib/gcc/avr/4.9.2/../../../../avr/lib/avr51/crtatmega1280.o
__vector_15                                       c:/program files (x86)/arduino/hardware/tools/avr/bin/../lib/gcc/avr/4.9.2/../../../../avr/lib/avr51/crtatmega1280.o
__vector_16                                       c:/program files (x86)/arduino/hardware/tools/avr/bin/../lib/gcc/avr/4.9.2/../../../../avr/lib/avr51/crtatmega1280.o
__vector_17                                       c:/program files (x86)/arduino/hardware/tools/avr/bin/../lib/gcc/avr/4.9.2/../../../../avr/lib/avr51/crtatmega1280.o
__vector_18                                       c:/program files (x86)/arduino/hardware/tools/avr/bin/../lib/gcc/avr/4.9.2/../../../../avr/lib/avr51/crtatmega1280.o
__vector_19                                       c:/program files (x86)/arduino/hardware/tools/avr/bin/../lib/gcc/avr/4.9.2/../../../../avr/lib/avr51/crtatmega1280.o
__vector_2                                        ./arduino/WInterrupts.o
                                                  c:/program files (x86)/arduino/hardware/tools/avr/bin/../lib/gcc/avr/4.9.2/../../../../avr/lib/avr51/crtatmega1280.o
__vector_20                                       c:/program files (x86)/arduino/hardware/tools/avr/bin/../lib/gcc/avr/4.9.2/../../../../avr/lib/avr51/crtatmega1280.o
__vector_21                                       c:/program files (x86)/arduino/hardware/tools/avr/bin/../lib/gcc/avr/4.9.2/../../../../avr/lib/avr51/crtatmega1280.o
__vector_22                                       c:/program files (x86)/arduino/hardware/tools/avr/bin/../lib/gcc/avr/4.9.2/../../../../avr/lib/avr51/crtatmega1280.o
__vector_23                                       ./arduino/wiring.o
                                                  c:/program files (x86)/arduino/hardware/tools/avr/bin/../lib/gcc/avr/4.9.2/../../../../avr/lib/avr51/crtatmega1280.o
__vector_24                                       c:/program files (x86)/arduino/hardware/tools/avr/bin/../lib/gcc/avr/4.9.2/../../../../avr/lib/avr51/crtatmega1280.o
__vector_25                                       ./arduino/HardwareSerial0.o
                                                  c:/program files (x86)/arduino/hardware/tools/avr/bin/../lib/gcc/avr/4.9.2/../../../../avr/lib/avr51/crtatmega1280.o
__vector_26                                       ./arduino/HardwareSerial0.o
                                                  c:/program files (x86)/arduino/hardware/tools/avr/bin/../lib/gcc/avr/4.9.2/../../../../avr/lib/avr51/crtatmega1280.o
__vector_27                                       c:/program files (x86)/arduino/hardware/tools/avr/bin/../lib/gcc/avr/4.9.2/../../../../avr/lib/avr51/crtatmega1280.o
__vector_28                                       c:/program files (x86)/arduino/hardware/tools/avr/bin/../lib/gcc/avr/4.9.2/../../../../avr/lib/avr51/crtatmega1280.o
__vector_29                                       c:/program files (x86)/arduino/hardware/tools/avr/bin/../lib/gcc/avr/4.9.2/../../../../avr/lib/avr51/crtatmega1280.o
__vector_3                                        ./arduino/WInterrupts.o
                                                  c:/program files (x86)/arduino/hardware/tools/avr/bin/../lib/gcc/avr/4.9.2/../../../../avr/lib/avr51/crtatmega1280.o
__vector_30                                       c:/program files (x86)/arduino/hardware/tools/avr/bin/../lib/gcc/avr/4.9.2/../../../../avr/lib/avr51/crtatmega1280.o
__vector_31                                       c:/program files (x86)/arduino/hardware/tools/avr/bin/../lib/gcc/avr/4.9.2/../../../../avr/lib/avr51/crtatmega1280.o
__vector_32                                       c:/program files (x86)/arduino/hardware/tools/avr/bin/../lib/gcc/avr/4.9.2/../../../../avr/lib/avr51/crtatmega1280.o
__vector_33                                       c:/program files (x86)/arduino/hardware/tools/avr/bin/../lib/gcc/avr/4.9.2/../../../../avr/lib/avr51/crtatmega1280.o
__vector_34                                       c:/program files (x86)/arduino/hardware/tools/avr/bin/../lib/gcc/avr/4.9.2/../../../../avr/lib/avr51/crtatmega1280.o
__vector_35                                       c:/program files (x86)/arduino/hardware/tools/avr/bin/../lib/gcc/avr/4.9.2/../../../../avr/lib/avr51/crtatmega1280.o
__vector_36                                       ./arduino/HardwareSerial1.o
                                                  c:/program files (x86)/arduino/hardware/tools/avr/bin/../lib/gcc/avr/4.9.2/../../../../avr/lib/avr51/crtatmega1280.o
__vector_37                                       ./arduino/HardwareSerial1.o
                                                  c:/program files (x86)/arduino/hardware/tools/avr/bin/../lib/gcc/avr/4.9.2/../../../../avr/lib/avr51/crtatmega1280.o
__vector_38                                       c:/program files (x86)/arduino/hardware/tools/avr/bin/../lib/gcc/avr/4.9.2/../../../../avr/lib/avr51/crtatmega1280.o
__vector_39                                       c:/program files (x86)/arduino/hardware/tools/avr/bin/../lib/gcc/avr/4.9.2/../../../../avr/lib/avr51/crtatmega1280.o
__vector_4                                        ./arduino/WInterrupts.o
                                                  c:/program files (x86)/arduino/hardware/tools/avr/bin/../lib/gcc/avr/4.9.2/../../../../avr/lib/avr51/crtatmega1280.o
__vector_40                                       c:/program files (x86)/arduino/hardware/tools/avr/bin/../lib/gcc/avr/4.9.2/../../../../avr/lib/avr51/crtatmega1280.o
__vector_41                                       c:/program files (x86)/arduino/hardware/tools/avr/bin/../lib/gcc/avr/4.9.2/../../../../avr/lib/avr51/crtatmega1280.o
__vector_42                                       c:/program files (x86)/arduino/hardware/tools/avr/bin/../lib/gcc/avr/4.9.2/../../../../avr/lib/avr51/crtatmega1280.o
__vector_43                                       c:/program files (x86)/arduino/hardware/tools/avr/bin/../lib/gcc/avr/4.9.2/../../../../avr/lib/avr51/crtatmega1280.o
__vector_44                                       c:/program files (x86)/arduino/hardware/tools/avr/bin/../lib/gcc/avr/4.9.2/../../../../avr/lib/avr51/crtatmega1280.o
__vector_45                                       c:/program files (x86)/arduino/hardware/tools/avr/bin/../lib/gcc/avr/4.9.2/../../../../avr/lib/avr51/crtatmega1280.o
__vector_46                                       c:/program files (x86)/arduino/hardware/tools/avr/bin/../lib/gcc/avr/4.9.2/../../../../avr/lib/avr51/crtatmega1280.o
__vector_47                                       c:/program files (x86)/arduino/hardware/tools/avr/bin/../lib/gcc/avr/4.9.2/../../../../avr/lib/avr51/crtatmega1280.o
__vector_48                                       c:/program files (x86)/arduino/hardware/tools/avr/bin/../lib/gcc/avr/4.9.2/../../../../avr/lib/avr51/crtatmega1280.o
__vector_49                                       c:/program files (x86)/arduino/hardware/tools/avr/bin/../lib/gcc/avr/4.9.2/../../../../avr/lib/avr51/crtatmega1280.o
__vector_5                                        ./arduino/WInterrupts.o
                                                  c:/program files (x86)/arduino/hardware/tools/avr/bin/../lib/gcc/avr/4.9.2/../../../../avr/lib/avr51/crtatmega1280.o
__vector_50                                       c:/program files (x86)/arduino/hardware/tools/avr/bin/../lib/gcc/avr/4.9.2/../../../../avr/lib/avr51/crtatmega1280.o
__vector_51                                       ./arduino/HardwareSerial2.o
                                                  c:/program files (x86)/arduino/hardware/tools/avr/bin/../lib/gcc/avr/4.9.2/../../../../avr/lib/avr51/crtatmega1280.o
__vector_52                                       ./arduino/HardwareSerial2.o
                                                  c:/program files (x86)/arduino/hardware/tools/avr/bin/../lib/gcc/avr/4.9.2/../../../../avr/lib/avr51/crtatmega1280.o
__vector_53                                       c:/program files (x86)/arduino/hardware/tools/avr/bin/../lib/gcc/avr/4.9.2/../../../../avr/lib/avr51/crtatmega1280.o
__vector_54                                       ./arduino/HardwareSerial3.o
                                                  c:/program files (x86)/arduino/hardware/tools/avr/bin/../lib/gcc/avr/4.9.2/../../../../avr/lib/avr51/crtatmega1280.o
__vector_55                                       ./arduino/HardwareSerial3.o
                                                  c:/program files (x86)/arduino/hardware/tools/avr/bin/../lib/gcc/avr/4.9.2/../../../../avr/lib/avr51/crtatmega1280.o
__vector_56                                       c:/program files (x86)/arduino/hardware/tools/avr/bin/../lib/gcc/avr/4.9.2/../../../../avr/lib/avr51/crtatmega1280.o
__vector_6                                        ./arduino/WInterrupts.o
                                                  c:/program files (x86)/arduino/hardware/tools/avr/bin/../lib/gcc/avr/4.9.2/../../../../avr/lib/avr51/crtatmega1280.o
__vector_7                                        ./arduino/WInterrupts.o
                                                  c:/program files (x86)/arduino/hardware/tools/avr/bin/../lib/gcc/avr/4.9.2/../../../../avr/lib/avr51/crtatmega1280.o
__vector_8                                        ./arduino/WInterrupts.o
                                                  c:/program files (x86)/arduino/hardware/tools/avr/bin/../lib/gcc/avr/4.9.2/../../../../avr/lib/avr51/crtatmega1280.o
__vector_9                                        c:/program files (x86)/arduino/hardware/tools/avr/bin/../lib/gcc/avr/4.9.2/../../../../avr/lib/avr51/crtatmega1280.o
__vector_default                                  c:/program files (x86)/arduino/hardware/tools/avr/bin/../lib/gcc/avr/4.9.2/../../../../avr/lib/avr51/crtatmega1280.o
__vectors                                         c:/program files (x86)/arduino/hardware/tools/avr/bin/../lib/gcc/avr/4.9.2/../../../../avr/lib/avr51/crtatmega1280.o
_exit                                             c:/program files (x86)/arduino/hardware/tools/avr/bin/../lib/gcc/avr/4.9.2/avr51\libgcc.a(_exit.o)
                                                  c:/program files (x86)/arduino/hardware/tools/avr/bin/../lib/gcc/avr/4.9.2/../../../../avr/lib/avr51\libc.a(abort.o)
abort                                             c:/program files (x86)/arduino/hardware/tools/avr/bin/../lib/gcc/avr/4.9.2/../../../../avr/lib/avr51\libc.a(abort.o)
                                                  ./arduino/abi.o
analogRead                                        ./arduino/wiring_analog.o
analogReference                                   ./arduino/wiring_analog.o
analogWrite                                       ./arduino/wiring_analog.o
analog_reference                                  ./arduino/wiring_analog.o
atexit                                            ./arduino/main.o
atof                                              c:/program files (x86)/arduino/hardware/tools/avr/bin/../lib/gcc/avr/4.9.2/../../../../avr/lib/avr51\libc.a(atof.o)
                                                  ./arduino/WString.o
atol                                              c:/program files (x86)/arduino/hardware/tools/avr/bin/../lib/gcc/avr/4.9.2/../../../../avr/lib/avr51\libc.a(atol.o)
                                                  ./arduino/WString.o
attachInterrupt                                   ./arduino/WInterrupts.o
countPulseASM                                     ./arduino/wiring_pulse.o
delay                                             ./arduino/wiring.o
                                                  ./test.o
delayMicroseconds                                 ./arduino/wiring.o
detachInterrupt                                   ./arduino/WInterrupts.o
digitalRead                                       ./arduino/wiring_digital.o
                                                  ./arduino/wiring_shift.o
digitalWrite                                      ./arduino/wiring_digital.o
                                                  ./test.o
                                                  ./arduino/wiring_shift.o
                                                  ./arduino/wiring_analog.o
                                                  ./arduino/Tone.o
digital_pin_to_bit_mask_PGM                       ./arduino/wiring_digital.o
                                                  ./arduino/wiring_pulse.o
                                                  ./arduino/Tone.o
digital_pin_to_port_PGM                           ./arduino/wiring_digital.o
                                                  ./arduino/wiring_pulse.o
                                                  ./arduino/Tone.o
digital_pin_to_timer_PGM                          ./arduino/wiring_digital.o
                                                  ./arduino/wiring_analog.o
dtoa_prf                                          c:/program files (x86)/arduino/hardware/tools/avr/bin/../lib/gcc/avr/4.9.2/../../../../avr/lib/avr51\libc.a(dtoa_prf.o)
                                                  c:/program files (x86)/arduino/hardware/tools/avr/bin/../lib/gcc/avr/4.9.2/../../../../avr/lib/avr51\libc.a(dtostrf.o)
dtostrf                                           c:/program files (x86)/arduino/hardware/tools/avr/bin/../lib/gcc/avr/4.9.2/../../../../avr/lib/avr51\libc.a(dtostrf.o)
                                                  ./arduino/WString.o
errno                                             c:/program files (x86)/arduino/hardware/tools/avr/bin/../lib/gcc/avr/4.9.2/../../../../avr/lib/avr51\libc.a(errno.o)
                                                  c:/program files (x86)/arduino/hardware/tools/avr/bin/../lib/gcc/avr/4.9.2/../../../../avr/lib/avr51\libc.a(strtod.o)
exit                                              c:/program files (x86)/arduino/hardware/tools/avr/bin/../lib/gcc/avr/4.9.2/avr51\libgcc.a(_exit.o)
                                                  c:/program files (x86)/arduino/hardware/tools/avr/bin/../lib/gcc/avr/4.9.2/../../../../avr/lib/avr51/crtatmega1280.o
free                                              c:/program files (x86)/arduino/hardware/tools/avr/bin/../lib/gcc/avr/4.9.2/../../../../avr/lib/avr51\libc.a(malloc.o)
                                                  c:/program files (x86)/arduino/hardware/tools/avr/bin/../lib/gcc/avr/4.9.2/../../../../avr/lib/avr51\libc.a(realloc.o)
                                                  ./arduino/new.o
                                                  ./arduino/WString.o
init                                              ./arduino/wiring.o
                                                  ./arduino/main.o
initVariant                                       ./arduino/main.o
isspace                                           c:/program files (x86)/arduino/hardware/tools/avr/bin/../lib/gcc/avr/4.9.2/../../../../avr/lib/avr51\libc.a(isspace.o)
                                                  c:/program files (x86)/arduino/hardware/tools/avr/bin/../lib/gcc/avr/4.9.2/../../../../avr/lib/avr51\libc.a(strtod.o)
                                                  ./arduino/WString.o
itoa                                              c:/program files (x86)/arduino/hardware/tools/avr/bin/../lib/gcc/avr/4.9.2/../../../../avr/lib/avr51\libc.a(itoa.o)
                                                  ./arduino/WString.o
loop                                              ./test.o
                                                  ./arduino/main.o
ltoa                                              c:/program files (x86)/arduino/hardware/tools/avr/bin/../lib/gcc/avr/4.9.2/../../../../avr/lib/avr51\libc.a(ltoa.o)
                                                  ./arduino/WString.o
main                                              ./arduino/main.o
                                                  c:/program files (x86)/arduino/hardware/tools/avr/bin/../lib/gcc/avr/4.9.2/../../../../avr/lib/avr51/crtatmega1280.o